<html>
<body>
<pre>
<h1>µVision Build Log</h1>
<h2>Tool Versions:</h2>
IDE-Version: µVision V5.20.0.0
Copyright (C) 2016 ARM Ltd and ARM Germany GmbH. All rights reserved.
License Information: serhiy Àäìèíèñòðàòîð,  , LIC=V859U-S8GRN-05ZTY-I0FHN-66JJA-CGQDK
 
Tool Versions:
Toolchain:       MDK-ARM Professional  Version: 5.20
Toolchain Path:  d:\Keil_v5\ARM\ARMCC\Bin
C Compiler:      Armcc.exe V5.06 update 2 (build 183)
Assembler:       Armasm.exe V5.06 update 2 (build 183)
Linker/Locator:  ArmLink.exe V5.06 update 2 (build 183)
Library Manager: ArmAr.exe V5.06 update 2 (build 183)
Hex Converter:   FromElf.exe V5.06 update 2 (build 183)
CPU DLL:         SARMCM3.DLL V5.20
Dialog DLL:      DCM.DLL V1.13.7.0
Target DLL:      STLink\ST-LINKIII-KEIL_SWO.dll V2.0.18.0
Dialog DLL:      TCM.DLL V1.14.9.0
 
<h2>Project:</h2>
E:\_ARTON_PROJ\KDL\soft\kdl.uvprojx
Project File Date:  09/26/2017

<h2>Output:</h2>
*** Using Compiler 'V5.06 update 2 (build 183)', folder: 'd:\Keil_v5\ARM\ARMCC\Bin'
Rebuild Project 'kdl' - Target 'Target 1'
compiling tools.c...
compiling i2c.c...
E:\_ARTON_PROJ\KDL\soft\src\i2c.c(317): warning:  #111-D: statement is unreachable
    I2C_SendData(I2Cx, byte);
E:\_ARTON_PROJ\KDL\soft\src\i2c.c(320): warning:  #223-D: function "WaitEvent" declared implicitly
    return WaitEvent(I2C_EVENT_MASTER_BYTE_TRANSMITTING);
E:\_ARTON_PROJ\KDL\soft\src\i2c.c(380): warning:  #68-D: integer conversion resulted in a change of sign
        return -1;
E:\_ARTON_PROJ\KDL\soft\src\i2c.c(398): warning:  #111-D: statement is unreachable
      	return 1;
src\i2c.c: 4 warnings, 0 errors
compiling main.c...
E:\_ARTON_PROJ\KDL\soft\src\inc\ui.h(46): warning:  #64-D: declaration does not declare anything
  		lcdobj_t ;
E:\_ARTON_PROJ\KDL\soft\src\inc\ui.h(47): warning:  #64-D: declaration does not declare anything
  		uint8_t ;
E:\_ARTON_PROJ\KDL\soft\src\inc\ui.h(48): warning:  #64-D: declaration does not declare anything
  		uint8_t ;
src\main.c: 3 warnings, 0 errors
compiling RTX_Conf_CM.c...
compiling retarget_io.c...
assembling startup_stm32l1xx_md.s...
compiling ui.c...
E:\_ARTON_PROJ\KDL\soft\src\inc\ui.h(46): warning:  #64-D: declaration does not declare anything
  		lcdobj_t ;
E:\_ARTON_PROJ\KDL\soft\src\inc\ui.h(47): warning:  #64-D: declaration does not declare anything
  		uint8_t ;
E:\_ARTON_PROJ\KDL\soft\src\inc\ui.h(48): warning:  #64-D: declaration does not declare anything
  		uint8_t ;
src\ui.c: 3 warnings, 0 errors
compiling uc1601s.c...
E:\_ARTON_PROJ\KDL\soft\src\uc1601s.c(295): warning:  #68-D: integer conversion resulted in a change of sign
      ystep = -1;
E:\_ARTON_PROJ\KDL\soft\src\uc1601s.c(454): warning:  #68-D: integer conversion resulted in a change of sign
          ystep = -1;
src\uc1601s.c: 2 warnings, 0 errors
compiling system_stm32l1xx.c...
linking...
Program Size: Code=9644 RO-data=1576 RW-data=140 ZI-data=4316  
".\Objects\kdl.axf" - 0 Error(s), 12 Warning(s).

<h2>Software Packages used:</h2>

Package Vendor: ARM
                http://www.keil.com/pack/ARM.CMSIS.5.0.0-Beta4.pack
                ::CMSIS:RTOS:1.0 (API)
                CMSIS (Cortex Microcontroller Software Interface Standard)
   * Component: RTOS Version: 1.0
   * Component: CORE Version: 5.0.0
   * Component: Keil RTX Version: 4.81.0

Package Vendor: Keil
                http://www.keil.com/pack/Keil.ARM_Compiler.1.1.1.pack
                Keil::Compiler:I/O:STDERR:ITM:1.1.0
                Keil ARM Compiler extensions
   * Component: STDERR Variant: ITM Version: 1.1.0
   * Component: STDIN Variant: ITM Version: 1.1.0
   * Component: STDOUT Variant: ITM Version: 1.1.0

Package Vendor: Keil
                http://www.keil.com/pack/Keil.STM32L1xx_DFP.1.0.2.pack
                Keil::Device:Startup:1.0.0
                STMicroelectronics STM32L1 Series Device Support and Examples
   * Component: Startup Version: 1.0.0

<h2>Collection of Component include folders:</h2>
  E:\_ARTON_PROJ\KDL\soft\RTE
  d:\Keil_v5\ARM\PACK\ARM\CMSIS\5.0.0-Beta4\CMSIS\Include
  d:\Keil_v5\ARM\PACK\ARM\CMSIS\5.0.0-Beta4\CMSIS\RTOS\RTX\INC
  d:\Keil_v5\ARM\PACK\Keil\STM32L1xx_DFP\1.0.2\Device\Include

<h2>Collection of Component Files used:</h2>

   * Component: ::CMSIS:RTOS:1.0 (API)

   * Component: ARM::CMSIS:CORE:5.0.0

   * Component: ARM::CMSIS:RTOS:Keil RTX:4.81.0
      Source file:   CMSIS\RTOS\RTX\UserCodeTemplates\MsgQueue.c
      Include file:  CMSIS\RTOS\RTX\UserCodeTemplates\osObjects.h
      Source file:   CMSIS\RTOS\RTX\UserCodeTemplates\MailQueue.c
      Source file:   CMSIS\RTOS\RTX\UserCodeTemplates\Mutex.c
      Source file:   CMSIS\RTOS\RTX\UserCodeTemplates\Semaphore.c
      Source file:   CMSIS\RTOS\RTX\UserCodeTemplates\Thread.c
      Source file:   CMSIS\RTOS\RTX\Templates\RTX_Conf_CM.c
      Include file:  CMSIS\RTOS\RTX\INC\cmsis_os.h
      Source file:   CMSIS\RTOS\RTX\UserCodeTemplates\main.c
      Source file:   CMSIS\RTOS\RTX\UserCodeTemplates\MemPool.c
      Source file:   CMSIS\RTOS\RTX\SRC\ARM\SVC_Table.s
      Library file:  CMSIS\RTOS\RTX\LIB\ARM\RTX_CM3.lib
      Source file:   CMSIS\RTOS\RTX\UserCodeTemplates\Timer.c

   * Component: Keil::Compiler:I/O:STDERR:ITM:1.1.0
      Source file:   Source\retarget_io.c

   * Component: Keil::Compiler:I/O:STDIN:ITM:1.1.0
      Source file:   Source\retarget_io.c

   * Component: Keil::Compiler:I/O:STDOUT:ITM:1.1.0
      Source file:   Source\retarget_io.c

   * Component: Keil::Device:Startup:1.0.0
      Source file:   Device\Source\ARM\startup_stm32l1xx_md.s
      Include file:  Device\Include\stm32l1xx.h
      Source file:   Device\Source\system_stm32l1xx.c
      Source file:   Device\Source\ARM\STM32L1xx_MD_OPT.s
Build Time Elapsed:  00:00:01
</pre>
</body>
</html>
