Component: ARM Compiler 5.06 update 2 (build 183) Tool: armlink [4d35b7]

==============================================================================

Section Cross References

    i2c.o(i.I2C_Addr) refers to i2c.o(i.WaitSR1FlagsSet) for WaitSR1FlagsSet
    i2c.o(i.I2C_LowLevel_DeInit) refers to stm32l1xx_i2c.o(i.I2C_Cmd) for I2C_Cmd
    i2c.o(i.I2C_LowLevel_DeInit) refers to stm32l1xx_i2c.o(i.I2C_DeInit) for I2C_DeInit
    i2c.o(i.I2C_LowLevel_DeInit) refers to stm32l1xx_gpio.o(i.GPIO_Init) for GPIO_Init
    i2c.o(i.I2C_LowLevel_Init) refers to stm32l1xx_rcc.o(i.RCC_APB1PeriphClockCmd) for RCC_APB1PeriphClockCmd
    i2c.o(i.I2C_LowLevel_Init) refers to stm32l1xx_rcc.o(i.RCC_APB1PeriphResetCmd) for RCC_APB1PeriphResetCmd
    i2c.o(i.I2C_LowLevel_Init) refers to stm32l1xx_rcc.o(i.RCC_AHBPeriphClockCmd) for RCC_AHBPeriphClockCmd
    i2c.o(i.I2C_LowLevel_Init) refers to stm32l1xx_gpio.o(i.GPIO_Init) for GPIO_Init
    i2c.o(i.I2C_LowLevel_Init) refers to stm32l1xx_gpio.o(i.GPIO_PinAFConfig) for GPIO_PinAFConfig
    i2c.o(i.I2C_LowLevel_Init) refers to stm32l1xx_i2c.o(i.I2C_Init) for I2C_Init
    i2c.o(i.I2C_LowLevel_Init) refers to stm32l1xx_i2c.o(i.I2C_Cmd) for I2C_Cmd
    i2c.o(i.I2C_RdBuf) refers to i2c.o(i.I2C_Start) for I2C_Start
    i2c.o(i.I2C_RdBuf) refers to i2c.o(i.I2C_Addr) for I2C_Addr
    i2c.o(i.I2C_RdBuf) refers to i2c.o(i.WaitSR1FlagsSet) for WaitSR1FlagsSet
    i2c.o(i.I2C_RdBuf) refers to i2c.o(i.I2C_Read) for I2C_Read
    i2c.o(i.I2C_RdBuf) refers to i2c.o(i.WaitLineIdle) for WaitLineIdle
    i2c.o(i.I2C_RdBufEasy) refers to i2c.o(i.I2C_Start) for I2C_Start
    i2c.o(i.I2C_RdBufEasy) refers to i2c.o(i.I2C_Addr) for I2C_Addr
    i2c.o(i.I2C_RdBufEasy) refers to i2c.o(i.I2C_Read) for I2C_Read
    i2c.o(i.I2C_RdBufEasy) refers to i2c.o(i.WaitLineIdle) for WaitLineIdle
    i2c.o(i.I2C_Read) refers to i2c.o(i.WaitSR1FlagsSet) for WaitSR1FlagsSet
    i2c.o(i.I2C_Start) refers to i2c.o(i.WaitSR1FlagsSet) for WaitSR1FlagsSet
    i2c.o(i.I2C_WrBuf) refers to i2c.o(i.I2C_Start) for I2C_Start
    i2c.o(i.I2C_WrBuf) refers to i2c.o(i.I2C_Addr) for I2C_Addr
    i2c.o(i.I2C_WrBuf) refers to i2c.o(i.WaitSR1FlagsSet) for WaitSR1FlagsSet
    i2c.o(i.I2C_WrBuf) refers to i2c.o(i.WaitLineIdle) for WaitLineIdle
    i2c.o(i.WaitSR1FlagsSet) refers to printf1.o(i.__0printf$1) for __2printf
    main.o(i.Init_Thread) refers to rt_cmsis.o(i.osThreadCreate) for osThreadCreate
    main.o(i.Init_Thread) refers to main.o(.constdata) for .constdata
    main.o(i.TIM2_IRQHandler) refers to stm32l1xx_tim.o(i.TIM_ClearITPendingBit) for TIM_ClearITPendingBit
    main.o(i.TIM2_IRQHandler) refers to uc1601s.o(i.LCD_clear) for LCD_clear
    main.o(i.TIM2_IRQHandler) refers to uc1601s.o(i.LCD_rect) for LCD_rect
    main.o(i.TIM2_IRQHandler) refers to tools.o(i.tool_strlen) for tool_strlen
    main.o(i.TIM2_IRQHandler) refers to uc1601s.o(i.LCD_string) for LCD_string
    main.o(i.TIM2_IRQHandler) refers to uc1601s.o(i.LCD_line) for LCD_line
    main.o(i.TIM2_IRQHandler) refers to main.o(.data) for .data
    main.o(i.Thread_LCD) refers to uc1601s.o(i.LCD_init) for LCD_init
    main.o(i.Thread_LCD) refers to printf1.o(i.__0printf$1) for __2printf
    main.o(i.Thread_LCD) refers to printf1.o(i.__0sprintf$1) for __2sprintf
    main.o(i.Thread_LCD) refers to ui.o(i.LCD_Update) for LCD_Update
    main.o(i.Thread_LCD) refers to rt_cmsis.o(i.osDelay) for osDelay
    main.o(i.Thread_LCD) refers to main.o(.bss) for .bss
    main.o(i.Thread_LCD) refers to main.o(.data) for .data
    main.o(i.main) refers to main.o(i.Init_Thread) for Init_Thread
    main.o(i.main) refers to rt_cmsis.o(i.osKernelRunning) for osKernelRunning
    main.o(i.main) refers to rt_cmsis.o(i.osKernelStart) for osKernelStart
    main.o(.constdata) refers to main.o(i.Thread_LCD) for Thread_LCD
    main.o(.constdata) refers to main.o(.bss) for str
    main.o(.constdata) refers to main.o(.conststring) for .conststring
    main.o(.constdata) refers to main.o(.data) for strCurMode
    main.o(.constdata) refers to main.o(.conststring) for .conststring
    main.o(.constdata) refers to main.o(.conststring) for .conststring
    main.o(.constdata) refers to main.o(.conststring) for .conststring
    main.o(.constdata) refers to main.o(.conststring) for .conststring
    main.o(.data) refers to main.o(.constdata) for strmode
    main.o(.data) refers to main.o(.constdata) for strDL21
    main.o(.data) refers to main.o(.constdata) for strThresh
    main.o(.data) refers to main.o(.constdata) for strDB
    main.o(.data) refers to main.o(.constdata) for str_u0421mode
    tools.o(i.tool_delay_ms) refers to system_stm32l1xx.o(.data) for SystemCoreClock
    uc1601s.o(i.LCD_clear) refers to i2c.o(i.I2C_WrBuf) for I2C_WrBuf
    uc1601s.o(i.LCD_cursor) refers to i2c.o(i.I2C_WrBuf) for I2C_WrBuf
    uc1601s.o(i.LCD_cursor) refers to uc1601s.o(.data) for .data
    uc1601s.o(i.LCD_fill) refers to i2c.o(i.I2C_WrBuf) for I2C_WrBuf
[...]
    Removing stm32l1xx_rcc.o(i.RCC_ClearFlag), (20 bytes).
    Removing stm32l1xx_rcc.o(i.RCC_ClearITPendingBit), (12 bytes).
    Removing stm32l1xx_rcc.o(i.RCC_ClockSecuritySystemCmd), (12 bytes).
    Removing stm32l1xx_rcc.o(i.RCC_DeInit), (88 bytes).
    Removing stm32l1xx_rcc.o(i.RCC_GetFlagStatus), (52 bytes).
    Removing stm32l1xx_rcc.o(i.RCC_GetITStatus), (24 bytes).
    Removing stm32l1xx_rcc.o(i.RCC_GetSYSCLKSource), (16 bytes).
    Removing stm32l1xx_rcc.o(i.RCC_HCLKConfig), (24 bytes).
    Removing stm32l1xx_rcc.o(i.RCC_HSEConfig), (16 bytes).
    Removing stm32l1xx_rcc.o(i.RCC_HSICmd), (12 bytes).
    Removing stm32l1xx_rcc.o(i.RCC_ITConfig), (32 bytes).
    Removing stm32l1xx_rcc.o(i.RCC_LSEConfig), (16 bytes).
    Removing stm32l1xx_rcc.o(i.RCC_LSICmd), (12 bytes).
    Removing stm32l1xx_rcc.o(i.RCC_MCOConfig), (16 bytes).
    Removing stm32l1xx_rcc.o(i.RCC_MSICmd), (12 bytes).
    Removing stm32l1xx_rcc.o(i.RCC_MSIRangeConfig), (24 bytes).
    Removing stm32l1xx_rcc.o(i.RCC_PCLK1Config), (24 bytes).
    Removing stm32l1xx_rcc.o(i.RCC_PCLK2Config), (24 bytes).
    Removing stm32l1xx_rcc.o(i.RCC_PLLCmd), (12 bytes).
    Removing stm32l1xx_rcc.o(i.RCC_PLLConfig), (20 bytes).
    Removing stm32l1xx_rcc.o(i.RCC_RTCCLKCmd), (12 bytes).
    Removing stm32l1xx_rcc.o(i.RCC_RTCCLKConfig), (68 bytes).
    Removing stm32l1xx_rcc.o(i.RCC_RTCResetCmd), (12 bytes).
    Removing stm32l1xx_rcc.o(i.RCC_SYSCLKConfig), (24 bytes).
    Removing stm32l1xx_rcc.o(i.RCC_WaitForHSEStartUp), (56 bytes).
    Removing stm32l1xx_tim.o(.rev16_text), (4 bytes).
    Removing stm32l1xx_tim.o(.revsh_text), (4 bytes).
    Removing stm32l1xx_tim.o(.rrx_text), (6 bytes).
    Removing stm32l1xx_tim.o(i.TI1_Config), (58 bytes).
    Removing stm32l1xx_tim.o(i.TI2_Config), (80 bytes).
    Removing stm32l1xx_tim.o(i.TI3_Config), (72 bytes).
    Removing stm32l1xx_tim.o(i.TI4_Config), (80 bytes).
    Removing stm32l1xx_tim.o(i.TIM_ARRPreloadConfig), (24 bytes).
    Removing stm32l1xx_tim.o(i.TIM_CCxCmd), (30 bytes).
    Removing stm32l1xx_tim.o(i.TIM_ClearFlag), (6 bytes).
    Removing stm32l1xx_tim.o(i.TIM_ClearOC1Ref), (18 bytes).
    Removing stm32l1xx_tim.o(i.TIM_ClearOC2Ref), (24 bytes).
    Removing stm32l1xx_tim.o(i.TIM_ClearOC3Ref), (18 bytes).
    Removing stm32l1xx_tim.o(i.TIM_ClearOC4Ref), (24 bytes).
    Removing stm32l1xx_tim.o(i.TIM_Cmd), (24 bytes).
    Removing stm32l1xx_tim.o(i.TIM_CounterModeConfig), (18 bytes).
    Removing stm32l1xx_tim.o(i.TIM_DMACmd), (18 bytes).
    Removing stm32l1xx_tim.o(i.TIM_DMAConfig), (10 bytes).
    Removing stm32l1xx_tim.o(i.TIM_DeInit), (224 bytes).
    Removing stm32l1xx_tim.o(i.TIM_ETRClockMode1Config), (54 bytes).
    Removing stm32l1xx_tim.o(i.TIM_ETRClockMode2Config), (32 bytes).
    Removing stm32l1xx_tim.o(i.TIM_ETRConfig), (28 bytes).
    Removing stm32l1xx_tim.o(i.TIM_EncoderInterfaceConfig), (66 bytes).
    Removing stm32l1xx_tim.o(i.TIM_ForcedOC1Config), (18 bytes).
    Removing stm32l1xx_tim.o(i.TIM_ForcedOC2Config), (26 bytes).
    Removing stm32l1xx_tim.o(i.TIM_ForcedOC3Config), (18 bytes).
    Removing stm32l1xx_tim.o(i.TIM_ForcedOC4Config), (26 bytes).
    Removing stm32l1xx_tim.o(i.TIM_GenerateEvent), (4 bytes).
    Removing stm32l1xx_tim.o(i.TIM_GetCapture1), (6 bytes).
    Removing stm32l1xx_tim.o(i.TIM_GetCapture2), (6 bytes).
    Removing stm32l1xx_tim.o(i.TIM_GetCapture3), (6 bytes).
    Removing stm32l1xx_tim.o(i.TIM_GetCapture4), (6 bytes).
    Removing stm32l1xx_tim.o(i.TIM_GetCounter), (6 bytes).
    Removing stm32l1xx_tim.o(i.TIM_GetFlagStatus), (18 bytes).
    Removing stm32l1xx_tim.o(i.TIM_GetITStatus), (34 bytes).
    Removing stm32l1xx_tim.o(i.TIM_GetPrescaler), (6 bytes).
    Removing stm32l1xx_tim.o(i.TIM_ICInit), (110 bytes).
    Removing stm32l1xx_tim.o(i.TIM_ICStructInit), (18 bytes).
    Removing stm32l1xx_tim.o(i.TIM_ITConfig), (18 bytes).
    Removing stm32l1xx_tim.o(i.TIM_ITRxExternalClockConfig), (24 bytes).
    Removing stm32l1xx_tim.o(i.TIM_InternalClockConfig), (12 bytes).
    Removing stm32l1xx_tim.o(i.TIM_OC1FastConfig), (18 bytes).
    Removing stm32l1xx_tim.o(i.TIM_OC1Init), (56 bytes).
    Removing stm32l1xx_tim.o(i.TIM_OC1PolarityConfig), (18 bytes).
    Removing stm32l1xx_tim.o(i.TIM_OC1PreloadConfig), (18 bytes).
    Removing stm32l1xx_tim.o(i.TIM_OC2FastConfig), (26 bytes).
    Removing stm32l1xx_tim.o(i.TIM_OC2Init), (70 bytes).
    Removing stm32l1xx_tim.o(i.TIM_OC2PolarityConfig), (26 bytes).
    Removing stm32l1xx_tim.o(i.TIM_OC2PreloadConfig), (26 bytes).
    Removing stm32l1xx_tim.o(i.TIM_OC3FastConfig), (18 bytes).
    Removing stm32l1xx_tim.o(i.TIM_OC3Init), (66 bytes).
    Removing stm32l1xx_tim.o(i.TIM_OC3PolarityConfig), (26 bytes).
    Removing stm32l1xx_tim.o(i.TIM_OC3PreloadConfig), (18 bytes).
    Removing stm32l1xx_tim.o(i.TIM_OC4FastConfig), (26 bytes).
    Removing stm32l1xx_tim.o(i.TIM_OC4Init), (70 bytes).
    Removing stm32l1xx_tim.o(i.TIM_OC4PolarityConfig), (26 bytes).
    Removing stm32l1xx_tim.o(i.TIM_OC4PreloadConfig), (26 bytes).
    Removing stm32l1xx_tim.o(i.TIM_OCStructInit), (12 bytes).
    Removing stm32l1xx_tim.o(i.TIM_PWMIConfig), (124 bytes).
    Removing stm32l1xx_tim.o(i.TIM_PrescalerConfig), (6 bytes).
    Removing stm32l1xx_tim.o(i.TIM_RemapConfig), (6 bytes).
    Removing stm32l1xx_tim.o(i.TIM_SelectCCDMA), (24 bytes).
    Removing stm32l1xx_tim.o(i.TIM_SelectHallSensor), (24 bytes).
    Removing stm32l1xx_tim.o(i.TIM_SelectInputTrigger), (18 bytes).
    Removing stm32l1xx_tim.o(i.TIM_SelectMasterSlaveMode), (18 bytes).
    Removing stm32l1xx_tim.o(i.TIM_SelectOCREFClear), (18 bytes).
    Removing stm32l1xx_tim.o(i.TIM_SelectOCxM), (82 bytes).
    Removing stm32l1xx_tim.o(i.TIM_SelectOnePulseMode), (18 bytes).
    Removing stm32l1xx_tim.o(i.TIM_SelectOutputTrigger), (18 bytes).
    Removing stm32l1xx_tim.o(i.TIM_SelectSlaveMode), (18 bytes).
    Removing stm32l1xx_tim.o(i.TIM_SetAutoreload), (4 bytes).
    Removing stm32l1xx_tim.o(i.TIM_SetClockDivision), (18 bytes).
    Removing stm32l1xx_tim.o(i.TIM_SetCompare1), (4 bytes).
    Removing stm32l1xx_tim.o(i.TIM_SetCompare2), (4 bytes).
    Removing stm32l1xx_tim.o(i.TIM_SetCompare3), (4 bytes).
    Removing stm32l1xx_tim.o(i.TIM_SetCompare4), (4 bytes).
    Removing stm32l1xx_tim.o(i.TIM_SetCounter), (4 bytes).
    Removing stm32l1xx_tim.o(i.TIM_SetIC1Prescaler), (18 bytes).
    Removing stm32l1xx_tim.o(i.TIM_SetIC2Prescaler), (26 bytes).
    Removing stm32l1xx_tim.o(i.TIM_SetIC3Prescaler), (18 bytes).
    Removing stm32l1xx_tim.o(i.TIM_SetIC4Prescaler), (26 bytes).
    Removing stm32l1xx_tim.o(i.TIM_TIxExternalClockConfig), (62 bytes).
    Removing stm32l1xx_tim.o(i.TIM_TimeBaseInit), (88 bytes).
    Removing stm32l1xx_tim.o(i.TIM_TimeBaseStructInit), (16 bytes).
    Removing stm32l1xx_tim.o(i.TIM_UpdateDisableConfig), (24 bytes).
    Removing stm32l1xx_tim.o(i.TIM_UpdateRequestConfig), (24 bytes).
    Removing rt_cmsis.o(.rev16_text), (4 bytes).
    Removing rt_cmsis.o(.revsh_text), (4 bytes).
    Removing rt_cmsis.o(.rrx_text), (6 bytes).
    Removing rt_cmsis.o(i.isrMessageGet), (42 bytes).
    Removing rt_cmsis.o(i.isrSemaphoreRelease), (40 bytes).
    Removing rt_cmsis.o(i.isrSignalSet), (36 bytes).
    Removing rt_cmsis.o(i.osKernelSysTick), (24 bytes).
    Removing rt_cmsis.o(i.osMailAlloc), (28 bytes).
    Removing rt_cmsis.o(i.osMailCAlloc), (48 bytes).
    Removing rt_cmsis.o(i.osMailCreate), (48 bytes).
    Removing rt_cmsis.o(i.osMailFree), (28 bytes).
    Removing rt_cmsis.o(i.osMailGet), (22 bytes).
    Removing rt_cmsis.o(i.osMailPut), (20 bytes).
    Removing rt_cmsis.o(i.osMessageCreate), (48 bytes).
    Removing rt_cmsis.o(i.osMessageGet), (24 bytes).
    Removing rt_cmsis.o(i.osMessagePut), (24 bytes).
    Removing rt_cmsis.o(i.osMutexCreate), (48 bytes).
    Removing rt_cmsis.o(i.osMutexDelete), (24 bytes).
    Removing rt_cmsis.o(i.osMutexRelease), (24 bytes).
    Removing rt_cmsis.o(i.osMutexWait), (24 bytes).
    Removing rt_cmsis.o(i.osPoolAlloc), (32 bytes).
    Removing rt_cmsis.o(i.osPoolCAlloc), (52 bytes).
    Removing rt_cmsis.o(i.osPoolCreate), (48 bytes).
    Removing rt_cmsis.o(i.osPoolFree), (32 bytes).
    Removing rt_cmsis.o(i.osSemaphoreCreate), (48 bytes).
    Removing rt_cmsis.o(i.osSemaphoreDelete), (24 bytes).
    Removing rt_cmsis.o(i.osSemaphoreRelease), (24 bytes).
    Removing rt_cmsis.o(i.osSemaphoreWait), (24 bytes).
    Removing rt_cmsis.o(i.osSignalClear), (24 bytes).
    Removing rt_cmsis.o(i.osSignalSet), (24 bytes).
    Removing rt_cmsis.o(i.osSignalWait), (24 bytes).
    Removing rt_cmsis.o(i.osThreadGetId), (24 bytes).
    Removing rt_cmsis.o(i.osThreadGetPriority), (24 bytes).
    Removing rt_cmsis.o(i.osThreadSetPriority), (24 bytes).
    Removing rt_cmsis.o(i.osThreadTerminate), (24 bytes).
    Removing rt_cmsis.o(i.osThreadYield), (24 bytes).
    Removing rt_cmsis.o(i.osTimerCall), (12 bytes).
    Removing rt_cmsis.o(i.osTimerCreate), (52 bytes).
    Removing rt_cmsis.o(i.osTimerDelete), (24 bytes).
    Removing rt_cmsis.o(i.osTimerStart), (24 bytes).
    Removing rt_cmsis.o(i.osTimerStop), (24 bytes).
    Removing rt_cmsis.o(i.osTimerThread), (44 bytes).
    Removing rt_cmsis.o(i.osWait), (4 bytes).
    Removing rt_cmsis.o(i.os_resume), (12 bytes).
    Removing rt_cmsis.o(i.os_suspend), (12 bytes).
    Removing rt_cmsis.o(i.rt_clr_box), (24 bytes).
    Removing rt_cmsis.o(i.rt_id2obj), (8 bytes).
    Removing rt_cmsis.o(i.rt_timer_remove), (60 bytes).
    Removing rt_cmsis.o(i.svcKernelSysTick), (56 bytes).
    Removing rt_cmsis.o(i.svcMailCreate), (66 bytes).
    Removing rt_cmsis.o(i.svcMessageGet), (58 bytes).
    Removing rt_cmsis.o(i.svcMessagePut), (54 bytes).
    Removing rt_cmsis.o(i.svcMutexCreate), (28 bytes).
    Removing rt_cmsis.o(i.svcMutexDelete), (26 bytes).
    Removing rt_cmsis.o(i.svcMutexRelease), (34 bytes).
    Removing rt_cmsis.o(i.svcMutexWait), (54 bytes).
    Removing rt_cmsis.o(i.svcPoolCreate), (40 bytes).
    Removing rt_cmsis.o(i.svcSemaphoreCreate), (36 bytes).
    Removing rt_cmsis.o(i.svcSemaphoreDelete), (26 bytes).
    Removing rt_cmsis.o(i.svcSemaphoreRelease), (40 bytes).
    Removing rt_cmsis.o(i.svcSemaphoreWait), (50 bytes).
    Removing rt_cmsis.o(i.svcSignalClear), (36 bytes).
    Removing rt_cmsis.o(i.svcSignalSet), (36 bytes).
    Removing rt_cmsis.o(i.svcSignalWait), (84 bytes).
    Removing rt_cmsis.o(i.svcThreadGetPriority), (18 bytes).
    Removing rt_cmsis.o(i.svcThreadSetPriority), (46 bytes).
    Removing rt_cmsis.o(i.svcThreadYield), (10 bytes).
    Removing rt_cmsis.o(i.svcTimerCall), (24 bytes).
    Removing rt_cmsis.o(i.svcTimerCreate), (56 bytes).
    Removing rt_cmsis.o(i.svcTimerDelete), (40 bytes).
    Removing rt_cmsis.o(i.svcTimerStart), (100 bytes).
    Removing rt_cmsis.o(i.svcTimerStop), (36 bytes).
    Removing rt_cmsis.o(i.sysMailAlloc), (88 bytes).
    Removing rt_cmsis.o(i.sysMailFree), (96 bytes).
    Removing rt_cmsis.o(i.sysPoolAlloc), (10 bytes).
    Removing rt_cmsis.o(i.sysPoolFree), (20 bytes).
    Removing rt_cmsis.o(i.sysUserTimerUpdate), (48 bytes).
    Removing rt_cmsis.o(i.sysUserTimerWakeupTime), (20 bytes).
    Removing rt_task.o(i.rt_tsk_pass), (48 bytes).
    Removing rt_system.o(.emb_text), (0 bytes).
    Removing rt_system.o(i.os_tick_ovf), (16 bytes).
    Removing rt_system.o(i.os_tick_val), (20 bytes).
    Removing rt_system.o(i.rt_resume), (136 bytes).
    Removing rt_system.o(i.rt_suspend), (36 bytes).
    Removing rt_system.o(i.rt_tsk_lock), (80 bytes).
    Removing rt_system.o(i.rt_tsk_unlock), (80 bytes).
    Removing rt_event.o(i.isr_evt_set), (40 bytes).
    Removing rt_event.o(i.rt_evt_clr), (28 bytes).
    Removing rt_event.o(i.rt_evt_get), (12 bytes).
    Removing rt_event.o(i.rt_evt_set), (92 bytes).
    Removing rt_event.o(i.rt_evt_wait), (60 bytes).
    Removing rt_list.o(i.rt_get_same_rdy_prio), (36 bytes).
    Removing rt_mailbox.o(i.isr_mbx_receive), (86 bytes).
    Removing rt_mailbox.o(i.rt_mbx_send), (152 bytes).
    Removing rt_mailbox.o(i.rt_mbx_wait), (180 bytes).
    Removing rt_semaphore.o(i.isr_sem_send), (16 bytes).
    Removing rt_semaphore.o(i.rt_sem_delete), (92 bytes).
    Removing rt_semaphore.o(i.rt_sem_init), (12 bytes).
    Removing rt_semaphore.o(i.rt_sem_send), (42 bytes).
    Removing rt_semaphore.o(i.rt_sem_wait), (64 bytes).
    Removing rt_time.o(i.rt_itv_set), (24 bytes).
    Removing rt_time.o(i.rt_itv_wait), (40 bytes).
    Removing rt_time.o(i.rt_time_get), (12 bytes).
    Removing rt_mutex.o(i.rt_mut_delete), (176 bytes).
    Removing rt_mutex.o(i.rt_mut_init), (16 bytes).
    Removing rt_mutex.o(i.rt_mut_release), (216 bytes).
    Removing rt_mutex.o(i.rt_mut_wait), (104 bytes).
    Removing rt_membox.o(i._calloc_box), (30 bytes).
    Removing dadd.o(.text), (334 bytes).
    Removing dmul.o(.text), (228 bytes).
    Removing ddiv.o(.text), (222 bytes).
    Removing dfixul.o(.text), (48 bytes).
    Removing cdrcmple.o(.text), (48 bytes).
    Removing depilogue.o(.text), (186 bytes).

320 unused section(s) (total 11506 bytes) removed from the image.

==============================================================================

Image Symbol Table

    Local Symbols

    Symbol Name                              Value     Ov Type        Size  Object(Section)

    ../clib/microlib/division.c              0x00000000   Number         0  uidiv.o ABSOLUTE
    ../clib/microlib/division.c              0x00000000   Number         0  uldiv.o ABSOLUTE
    ../clib/microlib/init/entry.s            0x00000000   Number         0  entry11b.o ABSOLUTE
    ../clib/microlib/init/entry.s            0x00000000   Number         0  entry2.o ABSOLUTE
    ../clib/microlib/init/entry.s            0x00000000   Number         0  entry7b.o ABSOLUTE
    ../clib/microlib/init/entry.s            0x00000000   Number         0  entry7a.o ABSOLUTE
    ../clib/microlib/init/entry.s            0x00000000   Number         0  entry5.o ABSOLUTE
    ../clib/microlib/init/entry.s            0x00000000   Number         0  entry10b.o ABSOLUTE
    ../clib/microlib/init/entry.s            0x00000000   Number         0  entry11a.o ABSOLUTE
    ../clib/microlib/init/entry.s            0x00000000   Number         0  entry.o ABSOLUTE
    ../clib/microlib/init/entry.s            0x00000000   Number         0  entry10a.o ABSOLUTE
    ../clib/microlib/init/entry.s            0x00000000   Number         0  entry8a.o ABSOLUTE
    ../clib/microlib/init/entry.s            0x00000000   Number         0  entry8b.o ABSOLUTE
    ../clib/microlib/longlong.c              0x00000000   Number         0  llushr.o ABSOLUTE
    ../clib/microlib/longlong.c              0x00000000   Number         0  llshl.o ABSOLUTE
    ../clib/microlib/longlong.c              0x00000000   Number         0  llsshr.o ABSOLUTE
    ../clib/microlib/printf/printf.c         0x00000000   Number         0  printf4.o ABSOLUTE
    ../clib/microlib/printf/printf.c         0x00000000   Number         0  printf5.o ABSOLUTE
    ../clib/microlib/printf/printf.c         0x00000000   Number         0  printf6.o ABSOLUTE
    ../clib/microlib/printf/printf.c         0x00000000   Number         0  printfa.o ABSOLUTE
    ../clib/microlib/printf/printf.c         0x00000000   Number         0  printf8.o ABSOLUTE
    ../clib/microlib/printf/printf.c         0x00000000   Number         0  printf2.o ABSOLUTE
    ../clib/microlib/printf/printf.c         0x00000000   Number         0  printf1.o ABSOLUTE
    ../clib/microlib/printf/printf.c         0x00000000   Number         0  printf0.o ABSOLUTE
    ../clib/microlib/printf/printf.c         0x00000000   Number         0  printfb.o ABSOLUTE
    ../clib/microlib/printf/printf.c         0x00000000   Number         0  printf7.o ABSOLUTE
    ../clib/microlib/printf/printf.c         0x00000000   Number         0  printf3.o ABSOLUTE
    ../clib/microlib/printf/stubs.s          0x00000000   Number         0  stubs.o ABSOLUTE
    ../clib/microlib/stdio/fputs.c           0x00000000   Number         0  fputs.o ABSOLUTE
    ../clib/microlib/stdio/fputs.c           0x00000000   Number         0  fputs_e.o ABSOLUTE
    ../clib/microlib/stdio/streams.c         0x00000000   Number         0  stderr.o ABSOLUTE
    ../clib/microlib/stdio/streams.c         0x00000000   Number         0  stdout.o ABSOLUTE
    ../clib/microlib/stdio/streams.c         0x00000000   Number         0  stdin.o ABSOLUTE
    ../clib/microlib/stubs.s                 0x00000000   Number         0  iusefp.o ABSOLUTE
    ../fplib/microlib/fpadd.c                0x00000000   Number         0  dadd.o ABSOLUTE
    ../fplib/microlib/fpdiv.c                0x00000000   Number         0  ddiv.o ABSOLUTE
    ../fplib/microlib/fpepilogue.c           0x00000000   Number         0  depilogue.o ABSOLUTE
    ../fplib/microlib/fpfix.c                0x00000000   Number         0  dfixul.o ABSOLUTE
    ../fplib/microlib/fpmul.c                0x00000000   Number         0  dmul.o ABSOLUTE
    ..\HAL_CM.c                              0x00000000   Number         0  hal_cm.o ABSOLUTE
    ..\\rt_CMSIS.c                           0x00000000   Number         0  rt_cmsis.o ABSOLUTE
    ..\\rt_System.c                          0x00000000   Number         0  rt_system.o ABSOLUTE
    ..\rt_CMSIS.c                            0x00000000   Number         0  rt_cmsis.o ABSOLUTE
    ..\rt_Event.c                            0x00000000   Number         0  rt_event.o ABSOLUTE
    ..\rt_List.c                             0x00000000   Number         0  rt_list.o ABSOLUTE
    ..\rt_Mailbox.c                          0x00000000   Number         0  rt_mailbox.o ABSOLUTE
    ..\rt_MemBox.c                           0x00000000   Number         0  rt_membox.o ABSOLUTE
    ..\rt_Memory.c                           0x00000000   Number         0  rt_memory.o ABSOLUTE
    ..\rt_Mutex.c                            0x00000000   Number         0  rt_mutex.o ABSOLUTE
    ..\rt_Robin.c                            0x00000000   Number         0  rt_robin.o ABSOLUTE
    ..\rt_Semaphore.c                        0x00000000   Number         0  rt_semaphore.o ABSOLUTE
    ..\rt_System.c                           0x00000000   Number         0  rt_system.o ABSOLUTE
    ..\rt_Task.c                             0x00000000   Number         0  rt_task.o ABSOLUTE
    ..\rt_Time.c                             0x00000000   Number         0  rt_time.o ABSOLUTE
    HAL_CM3.c                                0x00000000   Number         0  hal_cm3.o ABSOLUTE
    HAL_CM3.c                                0x00000000   Number         0  hal_cm3.o ABSOLUTE
    RTE\CMSIS\RTX_Conf_CM.c                  0x00000000   Number         0  rtx_conf_cm.o ABSOLUTE
    RTE\Device\STM32L152RB\startup_stm32l1xx_md.s 0x00000000   Number         0  startup_stm32l1xx_md.o ABSOLUTE
    RTE\Device\STM32L152RB\system_stm32l1xx.c 0x00000000   Number         0  system_stm32l1xx.o ABSOLUTE
    RTE\\Device\\STM32L152RB\\system_stm32l1xx.c 0x00000000   Number         0  system_stm32l1xx.o ABSOLUTE
    SVC_Table.s                              0x00000000   Number         0  svc_table.o ABSOLUTE
    cdrcmple.s                               0x00000000   Number         0  cdrcmple.o ABSOLUTE
    d:\Keil_v5\ARM\PACK\Keil\ARM_Compiler\1.1.1\Source\retarget_io.c 0x00000000   Number         0  retarget_io.o ABSOLUTE
    dc.s                                     0x00000000   Number         0  dc.o ABSOLUTE
    handlers.s                               0x00000000   Number         0  handlers.o ABSOLUTE
    init.s                                   0x00000000   Number         0  init.o ABSOLUTE
    src\\i2c.c                               0x00000000   Number         0  i2c.o ABSOLUTE
    src\\main.c                              0x00000000   Number         0  main.o ABSOLUTE
    src\\stm32l1xx_gpio.c                    0x00000000   Number         0  stm32l1xx_gpio.o ABSOLUTE
    src\\stm32l1xx_i2c.c                     0x00000000   Number         0  stm32l1xx_i2c.o ABSOLUTE
    src\\stm32l1xx_rcc.c                     0x00000000   Number         0  stm32l1xx_rcc.o ABSOLUTE
    src\\stm32l1xx_tim.c                     0x00000000   Number         0  stm32l1xx_tim.o ABSOLUTE
    src\\tools.c                             0x00000000   Number         0  tools.o ABSOLUTE
    src\\uc1601s.c                           0x00000000   Number         0  uc1601s.o ABSOLUTE
    src\\ui.c                                0x00000000   Number         0  ui.o ABSOLUTE
    src\i2c.c                                0x00000000   Number         0  i2c.o ABSOLUTE
    src\main.c                               0x00000000   Number         0  main.o ABSOLUTE
    src\stm32l1xx_gpio.c                     0x00000000   Number         0  stm32l1xx_gpio.o ABSOLUTE
    src\stm32l1xx_i2c.c                      0x00000000   Number         0  stm32l1xx_i2c.o ABSOLUTE
    src\stm32l1xx_rcc.c                      0x00000000   Number         0  stm32l1xx_rcc.o ABSOLUTE
    src\stm32l1xx_tim.c                      0x00000000   Number         0  stm32l1xx_tim.o ABSOLUTE
    src\tools.c                              0x00000000   Number         0  tools.o ABSOLUTE
    src\uc1601s.c                            0x00000000   Number         0  uc1601s.o ABSOLUTE
    src\ui.c                                 0x00000000   Number         0  ui.o ABSOLUTE
    RESET                                    0x08000000   Section      244  startup_stm32l1xx_md.o(RESET)
    .ARM.Collect$$$$00000000                 0x080000f4   Section        0  entry.o(.ARM.Collect$$$$00000000)
    .ARM.Collect$$$$00000001                 0x080000f4   Section        4  entry2.o(.ARM.Collect$$$$00000001)
    .ARM.Collect$$$$00000004                 0x080000f8   Section        4  entry5.o(.ARM.Collect$$$$00000004)
    .ARM.Collect$$$$00000008                 0x080000fc   Section        0  entry7b.o(.ARM.Collect$$$$00000008)
    .ARM.Collect$$$$0000000A                 0x080000fc   Section        0  entry8b.o(.ARM.Collect$$$$0000000A)
    .ARM.Collect$$$$0000000D                 0x080000fc   Section        0  entry10a.o(.ARM.Collect$$$$0000000D)
    .ARM.Collect$$$$0000000F                 0x080000fc   Section        0  entry11a.o(.ARM.Collect$$$$0000000F)
    .ARM.Collect$$$$000000FF                 0x080000fc   Section        0  rtx_conf_cm.o(.ARM.Collect$$$$000000FF)
    .ARM.Collect$$$$00002712                 0x08000114   Section        4  entry2.o(.ARM.Collect$$$$00002712)
    __lit__00000000                          0x08000114   Data           4  entry2.o(.ARM.Collect$$$$00002712)
    .emb_text                                0x08000118   Section      304  hal_cm3.o(.emb_text)
    .text                                    0x08000248   Section       36  startup_stm32l1xx_md.o(.text)
    .text                                    0x0800026c   Section        0  uidiv.o(.text)
    .text                                    0x08000298   Section       36  init.o(.text)
    SVC_TABLE                                0x080002bc   Section        4  svc_table.o(SVC_TABLE)
    i.GPIO_Init                              0x080002c0   Section        0  stm32l1xx_gpio.o(i.GPIO_Init)
    i.GPIO_PinAFConfig                       0x08000350   Section        0  stm32l1xx_gpio.o(i.GPIO_PinAFConfig)
    i.GPIO_ResetBits                         0x08000396   Section        0  stm32l1xx_gpio.o(i.GPIO_ResetBits)
    i.GPIO_SetBits                           0x0800039a   Section        0  stm32l1xx_gpio.o(i.GPIO_SetBits)
    i.I2C_Addr                               0x080003a0   Section        0  i2c.o(i.I2C_Addr)
    I2C_Addr                                 0x080003a1   Thumb Code    12  i2c.o(i.I2C_Addr)
    i.I2C_Cmd                                0x080003b0   Section        0  stm32l1xx_i2c.o(i.I2C_Cmd)
    i.I2C_Init                               0x080003c8   Section        0  stm32l1xx_i2c.o(i.I2C_Init)
    i.I2C_LowLevel_Init                      0x080004b0   Section        0  i2c.o(i.I2C_LowLevel_Init)
    i.I2C_RdBuf                              0x08000560   Section        0  i2c.o(i.I2C_RdBuf)
    i.I2C_Read                               0x08000634   Section        0  i2c.o(i.I2C_Read)
    I2C_Read                                 0x08000635   Thumb Code    24  i2c.o(i.I2C_Read)
    i.I2C_Start                              0x08000650   Section        0  i2c.o(i.I2C_Start)
    I2C_Start                                0x08000651   Thumb Code    16  i2c.o(i.I2C_Start)
    i.I2C_WrBuf                              0x08000664   Section        0  i2c.o(i.I2C_WrBuf)
    i.ITM_SendChar                           0x080006b0   Section        0  retarget_io.o(i.ITM_SendChar)
    i.Init_Thread                            0x080006d4   Section        0  main.o(i.Init_Thread)
    i.LCD_Update                             0x080006f0   Section        0  ui.o(i.LCD_Update)
    i.LCD_clear                              0x08000734   Section        0  uc1601s.o(i.LCD_clear)
    i.LCD_cursor                             0x0800076c   Section        0  uc1601s.o(i.LCD_cursor)
    i.LCD_image                              0x080007a4   Section        0  uc1601s.o(i.LCD_image)
    i.LCD_init                               0x08000800   Section        0  uc1601s.o(i.LCD_init)
    i.LCD_line                               0x08000894   Section        0  uc1601s.o(i.LCD_line)
    i.LCD_pixel                              0x0800094e   Section        0  uc1601s.o(i.LCD_pixel)
    i.LCD_rect                               0x080009d8   Section        0  uc1601s.o(i.LCD_rect)
    i.LCD_string                             0x08000d68   Section        0  uc1601s.o(i.LCD_string)
    i.LCD_symbol                             0x08000dc0   Section        0  uc1601s.o(i.LCD_symbol)
    i.RCC_AHBPeriphClockCmd                  0x08001020   Section        0  stm32l1xx_rcc.o(i.RCC_AHBPeriphClockCmd)
    i.RCC_APB1PeriphClockCmd                 0x08001040   Section        0  stm32l1xx_rcc.o(i.RCC_APB1PeriphClockCmd)
    i.RCC_APB1PeriphResetCmd                 0x08001060   Section        0  stm32l1xx_rcc.o(i.RCC_APB1PeriphResetCmd)
    i.RCC_GetClocksFreq                      0x08001080   Section        0  stm32l1xx_rcc.o(i.RCC_GetClocksFreq)
    i.SetSysClock                            0x08001180   Section        0  system_stm32l1xx.o(i.SetSysClock)
    SetSysClock                              0x08001181   Thumb Code   184  system_stm32l1xx.o(i.SetSysClock)
    i.SystemInit                             0x08001244   Section        0  system_stm32l1xx.o(i.SystemInit)
    i.TIM2_IRQHandler                        0x08001298   Section        0  main.o(i.TIM2_IRQHandler)
    i.TIM_ClearITPendingBit                  0x080013f4   Section        0  stm32l1xx_tim.o(i.TIM_ClearITPendingBit)
    i.Thread_LCD                             0x080013fc   Section        0  main.o(i.Thread_LCD)
    i.WaitLineIdle                           0x08001470   Section        0  i2c.o(i.WaitLineIdle)
    WaitLineIdle                             0x08001471   Thumb Code    22  i2c.o(i.WaitLineIdle)
    i.WaitSR1FlagsSet                        0x08001490   Section        0  i2c.o(i.WaitSR1FlagsSet)
    WaitSR1FlagsSet                          0x08001491   Thumb Code    36  i2c.o(i.WaitSR1FlagsSet)
    i.__0printf$1                            0x080014dc   Section        0  printf1.o(i.__0printf$1)
    i.__0sprintf$1                           0x080014fc   Section        0  printf1.o(i.__0sprintf$1)
    i.__scatterload_copy                     0x08001524   Section       14  handlers.o(i.__scatterload_copy)
    i.__scatterload_null                     0x08001532   Section        2  handlers.o(i.__scatterload_null)
    i.__scatterload_zeroinit                 0x08001534   Section       14  handlers.o(i.__scatterload_zeroinit)
    i._init_box                              0x08001542   Section        0  rt_membox.o(i._init_box)
    i._printf_core                           0x08001588   Section        0  printf1.o(i._printf_core)
    _printf_core                             0x08001589   Thumb Code   336  printf1.o(i._printf_core)
    i._sputc                                 0x080016dc   Section        0  printf1.o(i._sputc)
    _sputc                                   0x080016dd   Thumb Code    10  printf1.o(i._sputc)
    i.dbg_init                               0x080016e8   Section        0  hal_cm.o(i.dbg_init)
    i.dbg_task_notify                        0x08001718   Section        0  hal_cm.o(i.dbg_task_notify)
    i.dbg_task_switch                        0x08001738   Section        0  hal_cm.o(i.dbg_task_switch)
    i.fputc                                  0x08001748   Section        0  retarget_io.o(i.fputc)
    i.isrMessagePut                          0x08001768   Section        0  rt_cmsis.o(i.isrMessagePut)
    i.isr_mbx_send                           0x08001794   Section        0  rt_mailbox.o(i.isr_mbx_send)
    i.main                                   0x080017a2   Section        0  main.o(i.main)
    i.osDelay                                0x080017b4   Section        0  rt_cmsis.o(i.osDelay)
    i.osKernelInitialize                     0x080017cc   Section        0  rt_cmsis.o(i.osKernelInitialize)
    i.osKernelRunning                        0x080017f0   Section        0  rt_cmsis.o(i.osKernelRunning)
    i.osKernelStart                          0x08001814   Section        0  rt_cmsis.o(i.osKernelStart)
    i.osThreadCreate                         0x08001880   Section        0  rt_cmsis.o(i.osThreadCreate)
    i.osThreadExit                           0x080018b0   Section        0  rt_cmsis.o(i.osThreadExit)
    i.os_error                               0x080018c8   Section        0  rtx_conf_cm.o(i.os_error)
    i.os_idle_demon                          0x080018ca   Section        0  rtx_conf_cm.o(i.os_idle_demon)
    i.os_tick_init                           0x080018cc   Section        0  rt_system.o(i.os_tick_init)
    i.os_tick_irqack                         0x080018f4   Section        0  rt_system.o(i.os_tick_irqack)
    i.rt_alloc_box                           0x080018f6   Section        0  rt_membox.o(i.rt_alloc_box)
    i.rt_alloc_mem                           0x08001910   Section        0  rt_memory.o(i.rt_alloc_mem)
    i.rt_block                               0x08001950   Section        0  rt_task.o(i.rt_block)
    i.rt_chk_robin                           0x08001988   Section        0  rt_robin.o(i.rt_chk_robin)
    i.rt_dec_dly                             0x080019d0   Section        0  rt_list.o(i.rt_dec_dly)
    i.rt_dispatch                            0x08001a40   Section        0  rt_task.o(i.rt_dispatch)
    i.rt_dly_wait                            0x08001a84   Section        0  rt_time.o(i.rt_dly_wait)
    i.rt_evt_psh                             0x08001a8c   Section        0  rt_event.o(i.rt_evt_psh)
    i.rt_free_box                            0x08001adc   Section        0  rt_membox.o(i.rt_free_box)
    i.rt_free_mem                            0x08001b08   Section        0  rt_memory.o(i.rt_free_mem)
    i.rt_get_first                           0x08001b30   Section        0  rt_list.o(i.rt_get_first)
    i.rt_init_context                        0x08001b58   Section        0  rt_task.o(i.rt_init_context)
    rt_init_context                          0x08001b59   Thumb Code    66  rt_task.o(i.rt_init_context)
    i.rt_init_mem                            0x08001ba0   Section        0  rt_memory.o(i.rt_init_mem)
    i.rt_init_robin                          0x08001bbc   Section        0  rt_robin.o(i.rt_init_robin)
    i.rt_init_stack                          0x08001bd4   Section        0  hal_cm.o(i.rt_init_stack)
    i.rt_mbx_check                           0x08001c54   Section        0  rt_mailbox.o(i.rt_mbx_check)
    i.rt_mbx_init                            0x08001c5c   Section        0  rt_mailbox.o(i.rt_mbx_init)
    i.rt_mbx_psh                             0x08001c78   Section        0  rt_mailbox.o(i.rt_mbx_psh)
    i.rt_ms2tick                             0x08001d68   Section        0  rt_cmsis.o(i.rt_ms2tick)
    rt_ms2tick                               0x08001d69   Thumb Code    58  rt_cmsis.o(i.rt_ms2tick)
    i.rt_pop_req                             0x08001dac   Section        0  rt_system.o(i.rt_pop_req)
    i.rt_psh_req                             0x08001e28   Section        0  rt_system.o(i.rt_psh_req)
    i.rt_psq_enq                             0x08001e48   Section        0  rt_list.o(i.rt_psq_enq)
    i.rt_put_dly                             0x08001ea4   Section        0  rt_list.o(i.rt_put_dly)
    i.rt_put_prio                            0x08001eec   Section        0  rt_list.o(i.rt_put_prio)
    i.rt_put_rdy_first                       0x08001f24   Section        0  rt_list.o(i.rt_put_rdy_first)
    i.rt_resort_prio                         0x08001f38   Section        0  rt_list.o(i.rt_resort_prio)
    i.rt_ret_val                             0x08001f6c   Section        0  hal_cm.o(i.rt_ret_val)
    i.rt_ret_val2                            0x08001f72   Section        0  hal_cm.o(i.rt_ret_val2)
    i.rt_rmv_dly                             0x08001f7a   Section        0  rt_list.o(i.rt_rmv_dly)
    i.rt_rmv_list                            0x08001fa4   Section        0  rt_list.o(i.rt_rmv_list)
    i.rt_sem_psh                             0x08001fd4   Section        0  rt_semaphore.o(i.rt_sem_psh)
    i.rt_stk_check                           0x08002008   Section        0  rt_system.o(i.rt_stk_check)
    i.rt_switch_req                          0x0800202c   Section        0  rt_task.o(i.rt_switch_req)
    i.rt_sys_init                            0x08002054   Section        0  rt_task.o(i.rt_sys_init)
    i.rt_sys_start                           0x08002120   Section        0  rt_task.o(i.rt_sys_start)
    i.rt_systick                             0x08002198   Section        0  rt_system.o(i.rt_systick)
    i.rt_tid2ptcb                            0x080021d8   Section        0  rt_cmsis.o(i.rt_tid2ptcb)
    rt_tid2ptcb                              0x080021d9   Thumb Code    18  rt_cmsis.o(i.rt_tid2ptcb)
    i.rt_timer_insert                        0x080021ec   Section        0  rt_cmsis.o(i.rt_timer_insert)
    rt_timer_insert                          0x080021ed   Thumb Code    48  rt_cmsis.o(i.rt_timer_insert)
    i.rt_tsk_create                          0x08002220   Section        0  rt_task.o(i.rt_tsk_create)
    i.rt_tsk_delete                          0x080022a8   Section        0  rt_task.o(i.rt_tsk_delete)
    i.rt_tsk_prio                            0x08002424   Section        0  rt_task.o(i.rt_tsk_prio)
    i.rt_tsk_self                            0x080024a0   Section        0  rt_task.o(i.rt_tsk_self)
    i.svcDelay                               0x080024b0   Section        0  rt_cmsis.o(i.svcDelay)
    i.svcKernelInitialize                    0x080024c4   Section        0  rt_cmsis.o(i.svcKernelInitialize)
    i.svcKernelRunning                       0x08002534   Section        0  rt_cmsis.o(i.svcKernelRunning)
    i.svcKernelStart                         0x08002540   Section        0  rt_cmsis.o(i.svcKernelStart)
    i.svcMessageCreate                       0x08002588   Section        0  rt_cmsis.o(i.svcMessageCreate)
    i.svcThreadCreate                        0x080025ac   Section        0  rt_cmsis.o(i.svcThreadCreate)
    i.svcThreadGetId                         0x0800261c   Section        0  rt_cmsis.o(i.svcThreadGetId)
    i.svcThreadTerminate                     0x08002638   Section        0  rt_cmsis.o(i.svcThreadTerminate)
    i.sysTimerTick                           0x08002670   Section        0  rt_cmsis.o(i.sysTimerTick)
    i.tool_delay_ms                          0x080026cc   Section        0  tools.o(i.tool_delay_ms)
    i.tool_strlen                            0x080026f0   Section        0  tools.o(i.tool_strlen)
    .constdata                               0x08002704   Section       16  main.o(.constdata)
    .constdata                               0x08002714   Section       12  main.o(.constdata)
    .constdata                               0x08002720   Section       12  main.o(.constdata)
    .constdata                               0x0800272c   Section       12  main.o(.constdata)
    .constdata                               0x08002738   Section       12  main.o(.constdata)
    .constdata                               0x08002744   Section       12  main.o(.constdata)
    .constdata                               0x08002750   Section     1120  uc1601s.o(.constdata)
    .constdata                               0x08002bb0   Section        2  rtx_conf_cm.o(.constdata)
    .constdata                               0x08002bb4   Section        4  rtx_conf_cm.o(.constdata)
    .constdata                               0x08002bb8   Section        4  rtx_conf_cm.o(.constdata)
    .constdata                               0x08002bbc   Section        4  rtx_conf_cm.o(.constdata)
    .constdata                               0x08002bc0   Section        1  rtx_conf_cm.o(.constdata)
    .constdata                               0x08002bc4   Section       32  rtx_conf_cm.o(.constdata)
    __tagsym$$used                           0x08002bc4   Number         0  rtx_conf_cm.o(.constdata)
    __tagsym$$used                           0x08002bc8   Number         0  rtx_conf_cm.o(.constdata)
    __tagsym$$used                           0x08002bcc   Number         0  rtx_conf_cm.o(.constdata)
    __tagsym$$used                           0x08002bd0   Number         0  rtx_conf_cm.o(.constdata)
    .constdata                               0x08002be4   Section        2  rtx_conf_cm.o(.constdata)
    .constdata                               0x08002be8   Section        4  rtx_conf_cm.o(.constdata)
    .constdata                               0x08002bec   Section        4  rtx_conf_cm.o(.constdata)
    .constdata                               0x08002bf0   Section        1  rtx_conf_cm.o(.constdata)
    .constdata                               0x08002bf4   Section       16  rtx_conf_cm.o(.constdata)
    .constdata                               0x08002c04   Section        8  rtx_conf_cm.o(.constdata)
    .constdata                               0x08002c0c   Section        2  rtx_conf_cm.o(.constdata)
    .conststring                             0x08002c10   Section        7  main.o(.conststring)
    .conststring                             0x08002c18   Section       13  main.o(.conststring)
    .conststring                             0x08002c28   Section        7  main.o(.conststring)
    .conststring                             0x08002c30   Section        5  main.o(.conststring)
    .data                                    0x20000000   Section       24  main.o(.data)
    .data                                    0x20000018   Section       10  main.o(.data)
    .data                                    0x20000022   Section        2  uc1601s.o(.data)
    .data                                    0x20000024   Section        4  rtx_conf_cm.o(.data)
    .data                                    0x20000028   Section        4  rtx_conf_cm.o(.data)
    .data                                    0x2000002c   Section        4  rtx_conf_cm.o(.data)
    .data                                    0x20000030   Section       29  system_stm32l1xx.o(.data)
    .data                                    0x2000004d   Section       25  stm32l1xx_rcc.o(.data)
    PLLMulTable                              0x2000004d   Data           9  stm32l1xx_rcc.o(.data)
    APBAHBPrescTable                         0x20000056   Data          16  stm32l1xx_rcc.o(.data)
    .data                                    0x20000068   Section        8  rt_cmsis.o(.data)
    .data                                    0x20000070   Section        8  rt_task.o(.data)
    .data                                    0x20000078   Section        8  rt_system.o(.data)
    os_lock                                  0x20000078   Data           1  rt_system.o(.data)
    os_psh_flag                              0x20000079   Data           1  rt_system.o(.data)
    pend_flags                               0x2000007a   Data           1  rt_system.o(.data)
    .data                                    0x20000080   Section        4  rt_time.o(.data)
    .data                                    0x20000084   Section        1  hal_cm.o(.data)
    .data                                    0x20000088   Section        8  rt_robin.o(.data)
    .data                                    0x20000090   Section        4  stdout.o(.data)
    .data                                    0x20000094   Section        4  stderr.o(.data)
    .bss                                     0x20000098   Section       50  main.o(.bss)
    .bss                                     0x200000cc   Section       16  rtx_conf_cm.o(.bss)
    .bss                                     0x200000dc   Section      324  rtx_conf_cm.o(.bss)
    .bss                                     0x20000220   Section     2416  rtx_conf_cm.o(.bss)
    .bss                                     0x20000b90   Section      224  rtx_conf_cm.o(.bss)
    .bss                                     0x20000c70   Section      132  rtx_conf_cm.o(.bss)
    .bss                                     0x20000cf4   Section       24  rtx_conf_cm.o(.bss)
    .bss                                     0x20000d0c   Section       52  rt_task.o(.bss)
    .bss                                     0x20000d40   Section       48  rt_list.o(.bss)
    STACK                                    0x20000d70   Section     1024  startup_stm32l1xx_md.o(STACK)

    Global Symbols

    Symbol Name                              Value     Ov Type        Size  Object(Section)

    BuildAttributes$$THM_ISAv4$P$D$K$B$S$PE$A:L22UL41UL21$X:L11$S22US41US21$IEEE1$IW$USESV6$~STKCKD$USESV7$~SHL$OSPACE$ROPI$EBA8$MICROLIB$REQ8$PRES8$EABIv2 0x00000000   Number         0  anon$$obj.o ABSOLUTE
    __ARM_use_no_argv                        0x00000000   Number         0  main.o ABSOLUTE
    _printf_a                                0x00000000   Number         0  stubs.o ABSOLUTE
    _printf_c                                0x00000000   Number         0  stubs.o ABSOLUTE
    _printf_charcount                        0x00000000   Number         0  stubs.o ABSOLUTE
    _printf_d                                0x00000000   Number         0  stubs.o ABSOLUTE
    _printf_e                                0x00000000   Number         0  stubs.o ABSOLUTE
    _printf_f                                0x00000000   Number         0  stubs.o ABSOLUTE
    _printf_flags                            0x00000000   Number         0  stubs.o ABSOLUTE
    _printf_fp_dec                           0x00000000   Number         0  stubs.o ABSOLUTE
    _printf_fp_hex                           0x00000000   Number         0  stubs.o ABSOLUTE
    _printf_g                                0x00000000   Number         0  stubs.o ABSOLUTE
    _printf_i                                0x00000000   Number         0  stubs.o ABSOLUTE
    _printf_int_dec                          0x00000000   Number         0  stubs.o ABSOLUTE
    _printf_l                                0x00000000   Number         0  stubs.o ABSOLUTE
    _printf_lc                               0x00000000   Number         0  stubs.o ABSOLUTE
    _printf_ll                               0x00000000   Number         0  stubs.o ABSOLUTE
    _printf_lld                              0x00000000   Number         0  stubs.o ABSOLUTE
    _printf_lli                              0x00000000   Number         0  stubs.o ABSOLUTE
    _printf_llo                              0x00000000   Number         0  stubs.o ABSOLUTE
    _printf_llu                              0x00000000   Number         0  stubs.o ABSOLUTE
    _printf_llx                              0x00000000   Number         0  stubs.o ABSOLUTE
    _printf_longlong_dec                     0x00000000   Number         0  stubs.o ABSOLUTE
    _printf_longlong_hex                     0x00000000   Number         0  stubs.o ABSOLUTE
    _printf_longlong_oct                     0x00000000   Number         0  stubs.o ABSOLUTE
    _printf_ls                               0x00000000   Number         0  stubs.o ABSOLUTE
    _printf_mbtowc                           0x00000000   Number         0  stubs.o ABSOLUTE
    _printf_n                                0x00000000   Number         0  stubs.o ABSOLUTE
    _printf_o                                0x00000000   Number         0  stubs.o ABSOLUTE
    _printf_p                                0x00000000   Number         0  stubs.o ABSOLUTE
    _printf_percent                          0x00000000   Number         0  stubs.o ABSOLUTE
    _printf_pre_padding                      0x00000000   Number         0  stubs.o ABSOLUTE
    _printf_return_value                     0x00000000   Number         0  stubs.o ABSOLUTE
    _printf_s                                0x00000000   Number         0  stubs.o ABSOLUTE
    _printf_sizespec                         0x00000000   Number         0  stubs.o ABSOLUTE
    _printf_str                              0x00000000   Number         0  stubs.o ABSOLUTE
    _printf_truncate_signed                  0x00000000   Number         0  stubs.o ABSOLUTE
    _printf_truncate_unsigned                0x00000000   Number         0  stubs.o ABSOLUTE
    _printf_u                                0x00000000   Number         0  stubs.o ABSOLUTE
    _printf_wc                               0x00000000   Number         0  stubs.o ABSOLUTE
    _printf_wctomb                           0x00000000   Number         0  stubs.o ABSOLUTE
    _printf_widthprec                        0x00000000   Number         0  stubs.o ABSOLUTE
    _printf_x                                0x00000000   Number         0  stubs.o ABSOLUTE
    __cpp_initialize__aeabi_                  - Undefined Weak Reference
    __cxa_finalize                            - Undefined Weak Reference
    __decompress                              - Undefined Weak Reference
    _clock_init                               - Undefined Weak Reference
    _microlib_exit                            - Undefined Weak Reference
    __Vectors_Size                           0x000000f4   Number         0  startup_stm32l1xx_md.o ABSOLUTE
    __RL_RTX_VER                             0x00000481   Number         0  rt_system.o ABSOLUTE
    __Vectors                                0x08000000   Data           4  startup_stm32l1xx_md.o(RESET)
    __Vectors_End                            0x080000f4   Data           0  startup_stm32l1xx_md.o(RESET)
    __main                                   0x080000f5   Thumb Code     0  entry.o(.ARM.Collect$$$$00000000)
    _main_stk                                0x080000f5   Thumb Code     0  entry2.o(.ARM.Collect$$$$00000001)
    _main_scatterload                        0x080000f9   Thumb Code     0  entry5.o(.ARM.Collect$$$$00000004)
    __main_after_scatterload                 0x080000fd   Thumb Code     0  entry5.o(.ARM.Collect$$$$00000004)
    __rt_final_cpp                           0x080000fd   Thumb Code     0  entry10a.o(.ARM.Collect$$$$0000000D)
    __rt_final_exit                          0x080000fd   Thumb Code     0  entry11a.o(.ARM.Collect$$$$0000000F)
    _main_clock                              0x080000fd   Thumb Code     0  entry7b.o(.ARM.Collect$$$$00000008)
    _main_cpp_init                           0x080000fd   Thumb Code     0  entry8b.o(.ARM.Collect$$$$0000000A)
    _main_init                               0x080000fd   Thumb Code    18  rtx_conf_cm.o(.ARM.Collect$$$$000000FF)
    rt_set_PSP                               0x08000119   Thumb Code     6  hal_cm3.o(.emb_text)
    rt_get_PSP                               0x0800011f   Thumb Code     6  hal_cm3.o(.emb_text)
    os_set_env                               0x08000125   Thumb Code    24  hal_cm3.o(.emb_text)
    _alloc_box                               0x08000141   Thumb Code    28  hal_cm3.o(.emb_text)
    _free_box                                0x08000161   Thumb Code    28  hal_cm3.o(.emb_text)
    SVC_Handler                              0x08000181   Thumb Code   108  hal_cm3.o(.emb_text)
    PendSV_Handler                           0x080001f9   Thumb Code    56  hal_cm3.o(.emb_text)
    SysTick_Handler                          0x08000235   Thumb Code     8  hal_cm3.o(.emb_text)
    OS_Tick_Handler                          0x0800023d   Thumb Code    12  hal_cm3.o(.emb_text)
    Reset_Handler                            0x08000249   Thumb Code     8  startup_stm32l1xx_md.o(.text)
    NMI_Handler                              0x08000251   Thumb Code     2  startup_stm32l1xx_md.o(.text)
    HardFault_Handler                        0x08000253   Thumb Code     2  startup_stm32l1xx_md.o(.text)
    MemManage_Handler                        0x08000255   Thumb Code     2  startup_stm32l1xx_md.o(.text)
    BusFault_Handler                         0x08000257   Thumb Code     2  startup_stm32l1xx_md.o(.text)
    UsageFault_Handler                       0x08000259   Thumb Code     2  startup_stm32l1xx_md.o(.text)
    DebugMon_Handler                         0x0800025d   Thumb Code     2  startup_stm32l1xx_md.o(.text)
    ADC1_IRQHandler                          0x08000263   Thumb Code     0  startup_stm32l1xx_md.o(.text)
    COMP_IRQHandler                          0x08000263   Thumb Code     0  startup_stm32l1xx_md.o(.text)
    DAC_IRQHandler                           0x08000263   Thumb Code     0  startup_stm32l1xx_md.o(.text)
    DMA1_Channel1_IRQHandler                 0x08000263   Thumb Code     0  startup_stm32l1xx_md.o(.text)
    DMA1_Channel2_IRQHandler                 0x08000263   Thumb Code     0  startup_stm32l1xx_md.o(.text)
    DMA1_Channel3_IRQHandler                 0x08000263   Thumb Code     0  startup_stm32l1xx_md.o(.text)
    DMA1_Channel4_IRQHandler                 0x08000263   Thumb Code     0  startup_stm32l1xx_md.o(.text)
    DMA1_Channel5_IRQHandler                 0x08000263   Thumb Code     0  startup_stm32l1xx_md.o(.text)
    DMA1_Channel6_IRQHandler                 0x08000263   Thumb Code     0  startup_stm32l1xx_md.o(.text)
    DMA1_Channel7_IRQHandler                 0x08000263   Thumb Code     0  startup_stm32l1xx_md.o(.text)
    EXTI0_IRQHandler                         0x08000263   Thumb Code     0  startup_stm32l1xx_md.o(.text)
    EXTI15_10_IRQHandler                     0x08000263   Thumb Code     0  startup_stm32l1xx_md.o(.text)
    EXTI1_IRQHandler                         0x08000263   Thumb Code     0  startup_stm32l1xx_md.o(.text)
    EXTI2_IRQHandler                         0x08000263   Thumb Code     0  startup_stm32l1xx_md.o(.text)
    EXTI3_IRQHandler                         0x08000263   Thumb Code     0  startup_stm32l1xx_md.o(.text)
    EXTI4_IRQHandler                         0x08000263   Thumb Code     0  startup_stm32l1xx_md.o(.text)
    EXTI9_5_IRQHandler                       0x08000263   Thumb Code     0  startup_stm32l1xx_md.o(.text)
    FLASH_IRQHandler                         0x08000263   Thumb Code     0  startup_stm32l1xx_md.o(.text)
    I2C1_ER_IRQHandler                       0x08000263   Thumb Code     0  startup_stm32l1xx_md.o(.text)
    I2C1_EV_IRQHandler                       0x08000263   Thumb Code     0  startup_stm32l1xx_md.o(.text)
    I2C2_ER_IRQHandler                       0x08000263   Thumb Code     0  startup_stm32l1xx_md.o(.text)
    I2C2_EV_IRQHandler                       0x08000263   Thumb Code     0  startup_stm32l1xx_md.o(.text)
    LCD_IRQHandler                           0x08000263   Thumb Code     0  startup_stm32l1xx_md.o(.text)
    PVD_IRQHandler                           0x08000263   Thumb Code     0  startup_stm32l1xx_md.o(.text)
    RCC_IRQHandler                           0x08000263   Thumb Code     0  startup_stm32l1xx_md.o(.text)
    RTC_Alarm_IRQHandler                     0x08000263   Thumb Code     0  startup_stm32l1xx_md.o(.text)
    RTC_WKUP_IRQHandler                      0x08000263   Thumb Code     0  startup_stm32l1xx_md.o(.text)
    SPI1_IRQHandler                          0x08000263   Thumb Code     0  startup_stm32l1xx_md.o(.text)
    SPI2_IRQHandler                          0x08000263   Thumb Code     0  startup_stm32l1xx_md.o(.text)
    TAMPER_STAMP_IRQHandler                  0x08000263   Thumb Code     0  startup_stm32l1xx_md.o(.text)
    TIM10_IRQHandler                         0x08000263   Thumb Code     0  startup_stm32l1xx_md.o(.text)
    TIM11_IRQHandler                         0x08000263   Thumb Code     0  startup_stm32l1xx_md.o(.text)
    TIM3_IRQHandler                          0x08000263   Thumb Code     0  startup_stm32l1xx_md.o(.text)
    TIM4_IRQHandler                          0x08000263   Thumb Code     0  startup_stm32l1xx_md.o(.text)
    TIM6_IRQHandler                          0x08000263   Thumb Code     0  startup_stm32l1xx_md.o(.text)
    TIM7_IRQHandler                          0x08000263   Thumb Code     0  startup_stm32l1xx_md.o(.text)
    TIM9_IRQHandler                          0x08000263   Thumb Code     0  startup_stm32l1xx_md.o(.text)
    USART1_IRQHandler                        0x08000263   Thumb Code     0  startup_stm32l1xx_md.o(.text)
    USART2_IRQHandler                        0x08000263   Thumb Code     0  startup_stm32l1xx_md.o(.text)
    USART3_IRQHandler                        0x08000263   Thumb Code     0  startup_stm32l1xx_md.o(.text)
    USB_FS_WKUP_IRQHandler                   0x08000263   Thumb Code     0  startup_stm32l1xx_md.o(.text)
    USB_HP_IRQHandler                        0x08000263   Thumb Code     0  startup_stm32l1xx_md.o(.text)
    USB_LP_IRQHandler                        0x08000263   Thumb Code     0  startup_stm32l1xx_md.o(.text)
    WWDG_IRQHandler                          0x08000263   Thumb Code     0  startup_stm32l1xx_md.o(.text)
    __aeabi_uidiv                            0x0800026d   Thumb Code     0  uidiv.o(.text)
    __aeabi_uidivmod                         0x0800026d   Thumb Code    44  uidiv.o(.text)
    __scatterload                            0x08000299   Thumb Code    28  init.o(.text)
    __scatterload_rt2                        0x08000299   Thumb Code     0  init.o(.text)
    SVC_Count                                0x080002bc   Data           4  svc_table.o(SVC_TABLE)
    GPIO_Init                                0x080002c1   Thumb Code   144  stm32l1xx_gpio.o(i.GPIO_Init)
    SVC_Table                                0x080002c0   Data           0  svc_table.o(SVC_TABLE)
    GPIO_PinAFConfig                         0x08000351   Thumb Code    70  stm32l1xx_gpio.o(i.GPIO_PinAFConfig)
    GPIO_ResetBits                           0x08000397   Thumb Code     4  stm32l1xx_gpio.o(i.GPIO_ResetBits)
    GPIO_SetBits                             0x0800039b   Thumb Code     4  stm32l1xx_gpio.o(i.GPIO_SetBits)
    I2C_Cmd                                  0x080003b1   Thumb Code    24  stm32l1xx_i2c.o(i.I2C_Cmd)
    I2C_Init                                 0x080003c9   Thumb Code   218  stm32l1xx_i2c.o(i.I2C_Init)
    I2C_LowLevel_Init                        0x080004b1   Thumb Code   162  i2c.o(i.I2C_LowLevel_Init)
    I2C_RdBuf                                0x08000561   Thumb Code   208  i2c.o(i.I2C_RdBuf)
    I2C_WrBuf                                0x08000665   Thumb Code    72  i2c.o(i.I2C_WrBuf)
    ITM_SendChar                             0x080006b1   Thumb Code    32  retarget_io.o(i.ITM_SendChar)
    Init_Thread                              0x080006d5   Thumb Code    22  main.o(i.Init_Thread)
    LCD_Update                               0x080006f1   Thumb Code    68  ui.o(i.LCD_Update)
    LCD_clear                                0x08000735   Thumb Code    50  uc1601s.o(i.LCD_clear)
    LCD_cursor                               0x0800076d   Thumb Code    52  uc1601s.o(i.LCD_cursor)
    LCD_image                                0x080007a5   Thumb Code    92  uc1601s.o(i.LCD_image)
    LCD_init                                 0x08000801   Thumb Code   130  uc1601s.o(i.LCD_init)
    LCD_line                                 0x08000895   Thumb Code   186  uc1601s.o(i.LCD_line)
    LCD_pixel                                0x0800094f   Thumb Code   138  uc1601s.o(i.LCD_pixel)
    LCD_rect                                 0x080009d9   Thumb Code   912  uc1601s.o(i.LCD_rect)
    LCD_string                               0x08000d69   Thumb Code    88  uc1601s.o(i.LCD_string)
    LCD_symbol                               0x08000dc1   Thumb Code   590  uc1601s.o(i.LCD_symbol)
    RCC_AHBPeriphClockCmd                    0x08001021   Thumb Code    26  stm32l1xx_rcc.o(i.RCC_AHBPeriphClockCmd)
    RCC_APB1PeriphClockCmd                   0x08001041   Thumb Code    26  stm32l1xx_rcc.o(i.RCC_APB1PeriphClockCmd)
    RCC_APB1PeriphResetCmd                   0x08001061   Thumb Code    26  stm32l1xx_rcc.o(i.RCC_APB1PeriphResetCmd)
    RCC_GetClocksFreq                        0x08001081   Thumb Code   234  stm32l1xx_rcc.o(i.RCC_GetClocksFreq)
    SystemInit                               0x08001245   Thumb Code    68  system_stm32l1xx.o(i.SystemInit)
    TIM2_IRQHandler                          0x08001299   Thumb Code   304  main.o(i.TIM2_IRQHandler)
    TIM_ClearITPendingBit                    0x080013f5   Thumb Code     6  stm32l1xx_tim.o(i.TIM_ClearITPendingBit)
    Thread_LCD                               0x080013fd   Thumb Code    50  main.o(i.Thread_LCD)
    __0printf$1                              0x080014dd   Thumb Code    22  printf1.o(i.__0printf$1)
    __1printf$1                              0x080014dd   Thumb Code     0  printf1.o(i.__0printf$1)
    __2printf                                0x080014dd   Thumb Code     0  printf1.o(i.__0printf$1)
    __0sprintf$1                             0x080014fd   Thumb Code    34  printf1.o(i.__0sprintf$1)
    __1sprintf$1                             0x080014fd   Thumb Code     0  printf1.o(i.__0sprintf$1)
    __2sprintf                               0x080014fd   Thumb Code     0  printf1.o(i.__0sprintf$1)
    __scatterload_copy                       0x08001525   Thumb Code    14  handlers.o(i.__scatterload_copy)
    __scatterload_null                       0x08001533   Thumb Code     2  handlers.o(i.__scatterload_null)
    __scatterload_zeroinit                   0x08001535   Thumb Code    14  handlers.o(i.__scatterload_zeroinit)
    _init_box                                0x08001543   Thumb Code    70  rt_membox.o(i._init_box)
    dbg_init                                 0x080016e9   Thumb Code    34  hal_cm.o(i.dbg_init)
    dbg_task_notify                          0x08001719   Thumb Code    32  hal_cm.o(i.dbg_task_notify)
    dbg_task_switch                          0x08001739   Thumb Code    16  hal_cm.o(i.dbg_task_switch)
    fputc                                    0x08001749   Thumb Code    22  retarget_io.o(i.fputc)
    isrMessagePut                            0x08001769   Thumb Code    44  rt_cmsis.o(i.isrMessagePut)
    isr_mbx_send                             0x08001795   Thumb Code    14  rt_mailbox.o(i.isr_mbx_send)
    main                                     0x080017a3   Thumb Code    16  main.o(i.main)
    osDelay                                  0x080017b5   Thumb Code    18  rt_cmsis.o(i.osDelay)
    osKernelInitialize                       0x080017cd   Thumb Code    30  rt_cmsis.o(i.osKernelInitialize)
    osKernelRunning                          0x080017f1   Thumb Code    28  rt_cmsis.o(i.osKernelRunning)
    osKernelStart                            0x08001815   Thumb Code    98  rt_cmsis.o(i.osKernelStart)
    osThreadCreate                           0x08001881   Thumb Code    38  rt_cmsis.o(i.osThreadCreate)
    osThreadExit                             0x080018b1   Thumb Code    14  rt_cmsis.o(i.osThreadExit)
    os_error                                 0x080018c9   Thumb Code     2  rtx_conf_cm.o(i.os_error)
    os_idle_demon                            0x080018cb   Thumb Code     2  rtx_conf_cm.o(i.os_idle_demon)
    os_tick_init                             0x080018cd   Thumb Code    32  rt_system.o(i.os_tick_init)
    os_tick_irqack                           0x080018f5   Thumb Code     2  rt_system.o(i.os_tick_irqack)
    rt_alloc_box                             0x080018f7   Thumb Code    26  rt_membox.o(i.rt_alloc_box)
    rt_alloc_mem                             0x08001911   Thumb Code    62  rt_memory.o(i.rt_alloc_mem)
    rt_block                                 0x08001951   Thumb Code    48  rt_task.o(i.rt_block)
    rt_chk_robin                             0x08001989   Thumb Code    60  rt_robin.o(i.rt_chk_robin)
    rt_dec_dly                               0x080019d1   Thumb Code   102  rt_list.o(i.rt_dec_dly)
    rt_dispatch                              0x08001a41   Thumb Code    60  rt_task.o(i.rt_dispatch)
    rt_dly_wait                              0x08001a85   Thumb Code     6  rt_time.o(i.rt_dly_wait)
    rt_evt_psh                               0x08001a8d   Thumb Code    76  rt_event.o(i.rt_evt_psh)
    rt_free_box                              0x08001add   Thumb Code    44  rt_membox.o(i.rt_free_box)
    rt_free_mem                              0x08001b09   Thumb Code    40  rt_memory.o(i.rt_free_mem)
    rt_get_first                             0x08001b31   Thumb Code    40  rt_list.o(i.rt_get_first)
    rt_init_mem                              0x08001ba1   Thumb Code    26  rt_memory.o(i.rt_init_mem)
    rt_init_robin                            0x08001bbd   Thumb Code    14  rt_robin.o(i.rt_init_robin)
    rt_init_stack                            0x08001bd5   Thumb Code   118  hal_cm.o(i.rt_init_stack)
    rt_mbx_check                             0x08001c55   Thumb Code     8  rt_mailbox.o(i.rt_mbx_check)
    rt_mbx_init                              0x08001c5d   Thumb Code    26  rt_mailbox.o(i.rt_mbx_init)
    rt_mbx_psh                               0x08001c79   Thumb Code   236  rt_mailbox.o(i.rt_mbx_psh)
    rt_pop_req                               0x08001dad   Thumb Code   112  rt_system.o(i.rt_pop_req)
    rt_psh_req                               0x08001e29   Thumb Code    22  rt_system.o(i.rt_psh_req)
    rt_psq_enq                               0x08001e49   Thumb Code    88  rt_list.o(i.rt_psq_enq)
    rt_put_dly                               0x08001ea5   Thumb Code    68  rt_list.o(i.rt_put_dly)
    rt_put_prio                              0x08001eed   Thumb Code    54  rt_list.o(i.rt_put_prio)
    rt_put_rdy_first                         0x08001f25   Thumb Code    14  rt_list.o(i.rt_put_rdy_first)
    rt_resort_prio                           0x08001f39   Thumb Code    46  rt_list.o(i.rt_resort_prio)
    rt_ret_val                               0x08001f6d   Thumb Code     6  hal_cm.o(i.rt_ret_val)
    rt_ret_val2                              0x08001f73   Thumb Code     8  hal_cm.o(i.rt_ret_val2)
    rt_rmv_dly                               0x08001f7b   Thumb Code    40  rt_list.o(i.rt_rmv_dly)
    rt_rmv_list                              0x08001fa5   Thumb Code    44  rt_list.o(i.rt_rmv_list)
    rt_sem_psh                               0x08001fd5   Thumb Code    48  rt_semaphore.o(i.rt_sem_psh)
    rt_stk_check                             0x08002009   Thumb Code    28  rt_system.o(i.rt_stk_check)
    rt_switch_req                            0x0800202d   Thumb Code    30  rt_task.o(i.rt_switch_req)
    rt_sys_init                              0x08002055   Thumb Code   138  rt_task.o(i.rt_sys_init)
    rt_sys_start                             0x08002121   Thumb Code   110  rt_task.o(i.rt_sys_start)
    rt_systick                               0x08002199   Thumb Code    50  rt_system.o(i.rt_systick)
    rt_tsk_create                            0x08002221   Thumb Code   118  rt_task.o(i.rt_tsk_create)
    rt_tsk_delete                            0x080022a9   Thumb Code   352  rt_task.o(i.rt_tsk_delete)
    rt_tsk_prio                              0x08002425   Thumb Code   108  rt_task.o(i.rt_tsk_prio)
    rt_tsk_self                              0x080024a1   Thumb Code    12  rt_task.o(i.rt_tsk_self)
    svcDelay                                 0x080024b1   Thumb Code    18  rt_cmsis.o(i.svcDelay)
    svcKernelInitialize                      0x080024c5   Thumb Code    80  rt_cmsis.o(i.svcKernelInitialize)
    svcKernelRunning                         0x08002535   Thumb Code     6  rt_cmsis.o(i.svcKernelRunning)
    svcKernelStart                           0x08002541   Thumb Code    62  rt_cmsis.o(i.svcKernelStart)
    svcMessageCreate                         0x08002589   Thumb Code    36  rt_cmsis.o(i.svcMessageCreate)
    svcThreadCreate                          0x080025ad   Thumb Code   100  rt_cmsis.o(i.svcThreadCreate)
    svcThreadGetId                           0x0800261d   Thumb Code    22  rt_cmsis.o(i.svcThreadGetId)
    svcThreadTerminate                       0x08002639   Thumb Code    50  rt_cmsis.o(i.svcThreadTerminate)
    sysTimerTick                             0x08002671   Thumb Code    84  rt_cmsis.o(i.sysTimerTick)
    tool_delay_ms                            0x080026cd   Thumb Code    32  tools.o(i.tool_delay_ms)
    tool_strlen                              0x080026f1   Thumb Code    18  tools.o(i.tool_strlen)
    os_thread_def_Thread_LCD                 0x08002704   Data          16  main.o(.constdata)
    strmode                                  0x08002714   Data          12  main.o(.constdata)
    str_u0421mode                            0x08002720   Data          12  main.o(.constdata)
    strDL21                                  0x0800272c   Data          12  main.o(.constdata)
    strThresh                                0x08002738   Data          12  main.o(.constdata)
    strDB                                    0x08002744   Data          12  main.o(.constdata)
    chargen                                  0x08002750   Data        1120  uc1601s.o(.constdata)
    os_maxtaskrun                            0x08002bb0   Data           2  rtx_conf_cm.o(.constdata)
    os_stackinfo                             0x08002bb4   Data           4  rtx_conf_cm.o(.constdata)
    os_rrobin                                0x08002bb8   Data           4  rtx_conf_cm.o(.constdata)
    os_trv                                   0x08002bbc   Data           4  rtx_conf_cm.o(.constdata)
    os_flags                                 0x08002bc0   Data           1  rtx_conf_cm.o(.constdata)
    CMSIS_RTOS_API_Version                   0x08002bc4   Data           4  rtx_conf_cm.o(.constdata)
    CMSIS_RTOS_RTX_Version                   0x08002bc8   Data           4  rtx_conf_cm.o(.constdata)
    os_clockrate                             0x08002bcc   Data           4  rtx_conf_cm.o(.constdata)
    os_timernum                              0x08002bd0   Data           4  rtx_conf_cm.o(.constdata)
    os_thread_def_main                       0x08002bd4   Data          16  rtx_conf_cm.o(.constdata)
    mp_tcb_size                              0x08002be4   Data           2  rtx_conf_cm.o(.constdata)
    mp_stk_size                              0x08002be8   Data           4  rtx_conf_cm.o(.constdata)
    os_stack_sz                              0x08002bec   Data           4  rtx_conf_cm.o(.constdata)
    os_fifo_size                             0x08002bf0   Data           1  rtx_conf_cm.o(.constdata)
    os_thread_def_osTimerThread              0x08002bf4   Data          16  rtx_conf_cm.o(.constdata)
    os_messageQ_def_osTimerMessageQ          0x08002c04   Data           8  rtx_conf_cm.o(.constdata)
    mp_tmr_size                              0x08002c0c   Data           2  rtx_conf_cm.o(.constdata)
    Region$$Table$$Base                      0x08002c38   Number         0  anon$$obj.o(Region$$Table)
    Region$$Table$$Limit                     0x08002c58   Number         0  anon$$obj.o(Region$$Table)
    i                                        0x20000000   Data           1  main.o(.data)
    MainFrame                                0x20000004   Data          20  main.o(.data)
    strCurMode                               0x20000018   Data          10  main.o(.data)
    cursorX                                  0x20000022   Data           1  uc1601s.o(.data)
    cursorY                                  0x20000023   Data           1  uc1601s.o(.data)
    m_tmr                                    0x20000024   Data           4  rtx_conf_cm.o(.data)
    osThreadId_osTimerThread                 0x20000028   Data           4  rtx_conf_cm.o(.data)
    osMessageQId_osTimerMessageQ             0x2000002c   Data           4  rtx_conf_cm.o(.data)
    SystemCoreClock                          0x20000030   Data           4  system_stm32l1xx.o(.data)
    PLLMulTable                              0x20000034   Data           9  system_stm32l1xx.o(.data)
    AHBPrescTable                            0x2000003d   Data          16  system_stm32l1xx.o(.data)
    os_initialized                           0x20000068   Data           1  rt_cmsis.o(.data)
    os_running                               0x20000069   Data           1  rt_cmsis.o(.data)
    os_timer_head                            0x2000006c   Data           4  rt_cmsis.o(.data)
    os_tsk                                   0x20000070   Data           8  rt_task.o(.data)
    os_tick_irqn                             0x2000007c   Data           4  rt_system.o(.data)
    os_time                                  0x20000080   Data           4  rt_time.o(.data)
    dbg_msg                                  0x20000084   Data           1  hal_cm.o(.data)
    os_robin                                 0x20000088   Data           8  rt_robin.o(.data)
    __stdout                                 0x20000090   Data           4  stdout.o(.data)
    __stderr                                 0x20000094   Data           4  stderr.o(.data)
    str                                      0x20000098   Data          50  main.o(.bss)
    os_messageQ_q_osTimerMessageQ            0x200000cc   Data          16  rtx_conf_cm.o(.bss)
    mp_tcb                                   0x200000dc   Data         324  rtx_conf_cm.o(.bss)
    mp_stk                                   0x20000220   Data        2416  rtx_conf_cm.o(.bss)
    os_stack_mem                             0x20000b90   Data         224  rtx_conf_cm.o(.bss)
    os_fifo                                  0x20000c70   Data         132  rtx_conf_cm.o(.bss)
    os_active_TCB                            0x20000cf4   Data          24  rtx_conf_cm.o(.bss)
    os_idle_TCB                              0x20000d0c   Data          52  rt_task.o(.bss)
    os_rdy                                   0x20000d40   Data          24  rt_list.o(.bss)
    os_dly                                   0x20000d58   Data          24  rt_list.o(.bss)
    __initial_sp                             0x20001170   Data           0  startup_stm32l1xx_md.o(STACK)



==============================================================================

Memory Map of the image

  Image Entry point : 0x080000f5

  Load Region LR_IROM1 (Base: 0x08000000, Size: 0x00002cf0, Max: 0x00020000, ABSOLUTE)

    Execution Region ER_IROM1 (Base: 0x08000000, Size: 0x00002c58, Max: 0x00020000, ABSOLUTE)

    Base Addr    Size         Type   Attr      Idx    E Section Name        Object

    0x08000000   0x000000f4   Data   RO          515    RESET               startup_stm32l1xx_md.o
    0x080000f4   0x00000000   Code   RO         2129  * .ARM.Collect$$$$00000000  mc_w.l(entry.o)
    0x080000f4   0x00000004   Code   RO         2402    .ARM.Collect$$$$00000001  mc_w.l(entry2.o)
    0x080000f8   0x00000004   Code   RO         2405    .ARM.Collect$$$$00000004  mc_w.l(entry5.o)
    0x080000fc   0x00000000   Code   RO         2407    .ARM.Collect$$$$00000008  mc_w.l(entry7b.o)
    0x080000fc   0x00000000   Code   RO         2409    .ARM.Collect$$$$0000000A  mc_w.l(entry8b.o)
    0x080000fc   0x00000000   Code   RO         2410    .ARM.Collect$$$$0000000D  mc_w.l(entry10a.o)
    0x080000fc   0x00000000   Code   RO         2412    .ARM.Collect$$$$0000000F  mc_w.l(entry11a.o)
    0x080000fc   0x00000018   Code   RO          382    .ARM.Collect$$$$000000FF  rtx_conf_cm.o
    0x08000114   0x00000004   Code   RO         2403    .ARM.Collect$$$$00002712  mc_w.l(entry2.o)
    0x08000118   0x00000130   Code   RO         2116    .emb_text           RTX_CM3.lib(hal_cm3.o)
    0x08000248   0x00000024   Code   RO          516    .text               startup_stm32l1xx_md.o
    0x0800026c   0x0000002c   Code   RO         2414    .text               mc_w.l(uidiv.o)
    0x08000298   0x00000024   Code   RO         2431    .text               mc_w.l(init.o)
    0x080002bc   0x00000004   Code   RO         2126    SVC_TABLE           RTX_CM3.lib(svc_table.o)
    0x080002c0   0x00000090   Code   RO          565    i.GPIO_Init         STM32L151_Lib.lib(stm32l1xx_gpio.o)
    0x08000350   0x00000046   Code   RO          566    i.GPIO_PinAFConfig  STM32L151_Lib.lib(stm32l1xx_gpio.o)
    0x08000396   0x00000004   Code   RO          572    i.GPIO_ResetBits    STM32L151_Lib.lib(stm32l1xx_gpio.o)
    0x0800039a   0x00000004   Code   RO          573    i.GPIO_SetBits      STM32L151_Lib.lib(stm32l1xx_gpio.o)
    0x0800039e   0x00000002   PAD
    0x080003a0   0x00000010   Code   RO            4    i.I2C_Addr          i2c.o
    0x080003b0   0x00000018   Code   RO          602    i.I2C_Cmd           STM32L151_Lib.lib(stm32l1xx_i2c.o)
    0x080003c8   0x000000e8   Code   RO          616    i.I2C_Init          STM32L151_Lib.lib(stm32l1xx_i2c.o)
    0x080004b0   0x000000b0   Code   RO            6    i.I2C_LowLevel_Init  i2c.o
    0x08000560   0x000000d4   Code   RO            7    i.I2C_RdBuf         i2c.o
    0x08000634   0x0000001c   Code   RO            9    i.I2C_Read          i2c.o
    0x08000650   0x00000014   Code   RO           10    i.I2C_Start         i2c.o
    0x08000664   0x0000004c   Code   RO           11    i.I2C_WrBuf         i2c.o
    0x080006b0   0x00000024   Code   RO          444    i.ITM_SendChar      retarget_io.o
    0x080006d4   0x0000001c   Code   RO          161    i.Init_Thread       main.o
    0x080006f0   0x00000044   Code   RO          361    i.LCD_Update        ui.o
    0x08000734   0x00000038   Code   RO          275    i.LCD_clear         uc1601s.o
    0x0800076c   0x00000038   Code   RO          276    i.LCD_cursor        uc1601s.o
    0x080007a4   0x0000005c   Code   RO          278    i.LCD_image         uc1601s.o
    0x08000800   0x00000094   Code   RO          279    i.LCD_init          uc1601s.o
    0x08000894   0x000000ba   Code   RO          280    i.LCD_line          uc1601s.o
    0x0800094e   0x0000008a   Code   RO          281    i.LCD_pixel         uc1601s.o
    0x080009d8   0x00000390   Code   RO          282    i.LCD_rect          uc1601s.o
    0x08000d68   0x00000058   Code   RO          283    i.LCD_string        uc1601s.o
    0x08000dc0   0x00000260   Code   RO          284    i.LCD_symbol        uc1601s.o
    0x08001020   0x00000020   Code   RO          666    i.RCC_AHBPeriphClockCmd  STM32L151_Lib.lib(stm32l1xx_rcc.o)
    0x08001040   0x00000020   Code   RO          669    i.RCC_APB1PeriphClockCmd  STM32L151_Lib.lib(stm32l1xx_rcc.o)
    0x08001060   0x00000020   Code   RO          671    i.RCC_APB1PeriphResetCmd  STM32L151_Lib.lib(stm32l1xx_rcc.o)
    0x08001080   0x00000100   Code   RO          681    i.RCC_GetClocksFreq  STM32L151_Lib.lib(stm32l1xx_rcc.o)
    0x08001180   0x000000c4   Code   RO          523    i.SetSysClock       system_stm32l1xx.o
    0x08001244   0x00000054   Code   RO          525    i.SystemInit        system_stm32l1xx.o
    0x08001298   0x0000015c   Code   RO          162    i.TIM2_IRQHandler   main.o
    0x080013f4   0x00000006   Code   RO          754    i.TIM_ClearITPendingBit  STM32L151_Lib.lib(stm32l1xx_tim.o)
    0x080013fa   0x00000002   PAD
    0x080013fc   0x00000074   Code   RO          163    i.Thread_LCD        main.o
    0x08001470   0x00000020   Code   RO           12    i.WaitLineIdle      i2c.o
    0x08001490   0x0000004c   Code   RO           13    i.WaitSR1FlagsSet   i2c.o
    0x080014dc   0x00000020   Code   RO         2186    i.__0printf$1       mc_w.l(printf1.o)
    0x080014fc   0x00000028   Code   RO         2188    i.__0sprintf$1      mc_w.l(printf1.o)
    0x08001524   0x0000000e   Code   RO         2439    i.__scatterload_copy  mc_w.l(handlers.o)
    0x08001532   0x00000002   Code   RO         2440    i.__scatterload_null  mc_w.l(handlers.o)
    0x08001534   0x0000000e   Code   RO         2441    i.__scatterload_zeroinit  mc_w.l(handlers.o)
    0x08001542   0x00000046   Code   RO         1994    i._init_box         RTX_CM3.lib(rt_membox.o)
    0x08001588   0x00000154   Code   RO         2193    i._printf_core      mc_w.l(printf1.o)
    0x080016dc   0x0000000a   Code   RO         2195    i._sputc            mc_w.l(printf1.o)
    0x080016e6   0x00000002   PAD
    0x080016e8   0x00000030   Code   RO         2047    i.dbg_init          RTX_CM3.lib(hal_cm.o)
    0x08001718   0x00000020   Code   RO         2048    i.dbg_task_notify   RTX_CM3.lib(hal_cm.o)
    0x08001738   0x00000010   Code   RO         2049    i.dbg_task_switch   RTX_CM3.lib(hal_cm.o)
    0x08001748   0x00000020   Code   RO          449    i.fputc             retarget_io.o
    0x08001768   0x0000002c   Code   RO          922    i.isrMessagePut     RTX_CM3.lib(rt_cmsis.o)
    0x08001794   0x0000000e   Code   RO         1841    i.isr_mbx_send      RTX_CM3.lib(rt_mailbox.o)
    0x080017a2   0x00000010   Code   RO          164    i.main              main.o
    0x080017b2   0x00000002   PAD
    0x080017b4   0x00000018   Code   RO          925    i.osDelay           RTX_CM3.lib(rt_cmsis.o)
    0x080017cc   0x00000024   Code   RO          926    i.osKernelInitialize  RTX_CM3.lib(rt_cmsis.o)
    0x080017f0   0x00000024   Code   RO          927    i.osKernelRunning   RTX_CM3.lib(rt_cmsis.o)
    0x08001814   0x0000006c   Code   RO          928    i.osKernelStart     RTX_CM3.lib(rt_cmsis.o)
    0x08001880   0x00000030   Code   RO          954    i.osThreadCreate    RTX_CM3.lib(rt_cmsis.o)
    0x080018b0   0x00000018   Code   RO          955    i.osThreadExit      RTX_CM3.lib(rt_cmsis.o)
    0x080018c8   0x00000002   Code   RO          383    i.os_error          rtx_conf_cm.o
    0x080018ca   0x00000002   Code   RO          384    i.os_idle_demon     rtx_conf_cm.o
    0x080018cc   0x00000028   Code   RO         1628    i.os_tick_init      RTX_CM3.lib(rt_system.o)
    0x080018f4   0x00000002   Code   RO         1629    i.os_tick_irqack    RTX_CM3.lib(rt_system.o)
    0x080018f6   0x0000001a   Code   RO         1995    i.rt_alloc_box      RTX_CM3.lib(rt_membox.o)
    0x08001910   0x0000003e   Code   RO         2023    i.rt_alloc_mem      RTX_CM3.lib(rt_memory.o)
    0x0800194e   0x00000002   PAD
    0x08001950   0x00000038   Code   RO         1543    i.rt_block          RTX_CM3.lib(rt_task.o)
    0x08001988   0x00000048   Code   RO         2095    i.rt_chk_robin      RTX_CM3.lib(rt_robin.o)
    0x080019d0   0x00000070   Code   RO         1764    i.rt_dec_dly        RTX_CM3.lib(rt_list.o)
    0x08001a40   0x00000044   Code   RO         1544    i.rt_dispatch       RTX_CM3.lib(rt_task.o)
    0x08001a84   0x00000006   Code   RO         1930    i.rt_dly_wait       RTX_CM3.lib(rt_time.o)
    0x08001a8a   0x00000002   PAD
    0x08001a8c   0x00000050   Code   RO         1721    i.rt_evt_psh        RTX_CM3.lib(rt_event.o)
    0x08001adc   0x0000002c   Code   RO         1996    i.rt_free_box       RTX_CM3.lib(rt_membox.o)
    0x08001b08   0x00000028   Code   RO         2024    i.rt_free_mem       RTX_CM3.lib(rt_memory.o)
    0x08001b30   0x00000028   Code   RO         1765    i.rt_get_first      RTX_CM3.lib(rt_list.o)
    0x08001b58   0x00000048   Code   RO         1545    i.rt_init_context   RTX_CM3.lib(rt_task.o)
    0x08001ba0   0x0000001a   Code   RO         2025    i.rt_init_mem       RTX_CM3.lib(rt_memory.o)
    0x08001bba   0x00000002   PAD
    0x08001bbc   0x00000018   Code   RO         2096    i.rt_init_robin     RTX_CM3.lib(rt_robin.o)
    0x08001bd4   0x00000080   Code   RO         2050    i.rt_init_stack     RTX_CM3.lib(hal_cm.o)
    0x08001c54   0x00000008   Code   RO         1842    i.rt_mbx_check      RTX_CM3.lib(rt_mailbox.o)
    0x08001c5c   0x0000001a   Code   RO         1843    i.rt_mbx_init       RTX_CM3.lib(rt_mailbox.o)
    0x08001c76   0x00000002   PAD
    0x08001c78   0x000000f0   Code   RO         1844    i.rt_mbx_psh        RTX_CM3.lib(rt_mailbox.o)
    0x08001d68   0x00000044   Code   RO          972    i.rt_ms2tick        RTX_CM3.lib(rt_cmsis.o)
    0x08001dac   0x0000007c   Code   RO         1632    i.rt_pop_req        RTX_CM3.lib(rt_system.o)
    0x08001e28   0x00000020   Code   RO         1633    i.rt_psh_req        RTX_CM3.lib(rt_system.o)
    0x08001e48   0x0000005c   Code   RO         1767    i.rt_psq_enq        RTX_CM3.lib(rt_list.o)
    0x08001ea4   0x00000048   Code   RO         1768    i.rt_put_dly        RTX_CM3.lib(rt_list.o)
    0x08001eec   0x00000036   Code   RO         1769    i.rt_put_prio       RTX_CM3.lib(rt_list.o)
    0x08001f22   0x00000002   PAD
    0x08001f24   0x00000014   Code   RO         1770    i.rt_put_rdy_first  RTX_CM3.lib(rt_list.o)
    0x08001f38   0x00000034   Code   RO         1771    i.rt_resort_prio    RTX_CM3.lib(rt_list.o)
    0x08001f6c   0x00000006   Code   RO         2051    i.rt_ret_val        RTX_CM3.lib(hal_cm.o)
    0x08001f72   0x00000008   Code   RO         2052    i.rt_ret_val2       RTX_CM3.lib(hal_cm.o)
    0x08001f7a   0x00000028   Code   RO         1772    i.rt_rmv_dly        RTX_CM3.lib(rt_list.o)
    0x08001fa2   0x00000002   PAD
    0x08001fa4   0x00000030   Code   RO         1773    i.rt_rmv_list       RTX_CM3.lib(rt_list.o)
    0x08001fd4   0x00000034   Code   RO         1891    i.rt_sem_psh        RTX_CM3.lib(rt_semaphore.o)
    0x08002008   0x00000024   Code   RO         1635    i.rt_stk_check      RTX_CM3.lib(rt_system.o)
    0x0800202c   0x00000028   Code   RO         1546    i.rt_switch_req     RTX_CM3.lib(rt_task.o)
    0x08002054   0x000000cc   Code   RO         1547    i.rt_sys_init       RTX_CM3.lib(rt_task.o)
    0x08002120   0x00000078   Code   RO         1548    i.rt_sys_start      RTX_CM3.lib(rt_task.o)
    0x08002198   0x00000040   Code   RO         1637    i.rt_systick        RTX_CM3.lib(rt_system.o)
    0x080021d8   0x00000012   Code   RO          973    i.rt_tid2ptcb       RTX_CM3.lib(rt_cmsis.o)
    0x080021ea   0x00000002   PAD
    0x080021ec   0x00000034   Code   RO          974    i.rt_timer_insert   RTX_CM3.lib(rt_cmsis.o)
    0x08002220   0x00000088   Code   RO         1549    i.rt_tsk_create     RTX_CM3.lib(rt_task.o)
    0x080022a8   0x0000017c   Code   RO         1550    i.rt_tsk_delete     RTX_CM3.lib(rt_task.o)
    0x08002424   0x0000007c   Code   RO         1552    i.rt_tsk_prio       RTX_CM3.lib(rt_task.o)
    0x080024a0   0x00000010   Code   RO         1553    i.rt_tsk_self       RTX_CM3.lib(rt_task.o)
    0x080024b0   0x00000012   Code   RO          976    i.svcDelay          RTX_CM3.lib(rt_cmsis.o)
    0x080024c2   0x00000002   PAD
    0x080024c4   0x00000070   Code   RO          977    i.svcKernelInitialize  RTX_CM3.lib(rt_cmsis.o)
    0x08002534   0x0000000c   Code   RO          978    i.svcKernelRunning  RTX_CM3.lib(rt_cmsis.o)
    0x08002540   0x00000048   Code   RO          979    i.svcKernelStart    RTX_CM3.lib(rt_cmsis.o)
    0x08002588   0x00000024   Code   RO          982    i.svcMessageCreate  RTX_CM3.lib(rt_cmsis.o)
    0x080025ac   0x00000070   Code   RO          997    i.svcThreadCreate   RTX_CM3.lib(rt_cmsis.o)
    0x0800261c   0x0000001c   Code   RO          998    i.svcThreadGetId    RTX_CM3.lib(rt_cmsis.o)
    0x08002638   0x00000038   Code   RO         1001    i.svcThreadTerminate  RTX_CM3.lib(rt_cmsis.o)
    0x08002670   0x0000005c   Code   RO         1012    i.sysTimerTick      RTX_CM3.lib(rt_cmsis.o)
    0x080026cc   0x00000024   Code   RO          242    i.tool_delay_ms     tools.o
    0x080026f0   0x00000012   Code   RO          243    i.tool_strlen       tools.o
    0x08002702   0x00000002   PAD
    0x08002704   0x00000010   Data   RO          166    .constdata          main.o
    0x08002714   0x0000000c   Data   RO          169    .constdata          main.o
    0x08002720   0x0000000c   Data   RO          170    .constdata          main.o
    0x0800272c   0x0000000c   Data   RO          172    .constdata          main.o
    0x08002738   0x0000000c   Data   RO          173    .constdata          main.o
    0x08002744   0x0000000c   Data   RO          174    .constdata          main.o
    0x08002750   0x00000460   Data   RO          285    .constdata          uc1601s.o
    0x08002bb0   0x00000002   Data   RO          391    .constdata          rtx_conf_cm.o
    0x08002bb2   0x00000002   PAD
    0x08002bb4   0x00000004   Data   RO          392    .constdata          rtx_conf_cm.o
    0x08002bb8   0x00000004   Data   RO          393    .constdata          rtx_conf_cm.o
    0x08002bbc   0x00000004   Data   RO          397    .constdata          rtx_conf_cm.o
    0x08002bc0   0x00000001   Data   RO          398    .constdata          rtx_conf_cm.o
    0x08002bc1   0x00000003   PAD
    0x08002bc4   0x00000020   Data   RO          399    .constdata          rtx_conf_cm.o
    0x08002be4   0x00000002   Data   RO          400    .constdata          rtx_conf_cm.o
    0x08002be6   0x00000002   PAD
    0x08002be8   0x00000004   Data   RO          401    .constdata          rtx_conf_cm.o
    0x08002bec   0x00000004   Data   RO          402    .constdata          rtx_conf_cm.o
    0x08002bf0   0x00000001   Data   RO          403    .constdata          rtx_conf_cm.o
    0x08002bf1   0x00000003   PAD
    0x08002bf4   0x00000010   Data   RO          404    .constdata          rtx_conf_cm.o
    0x08002c04   0x00000008   Data   RO          405    .constdata          rtx_conf_cm.o
    0x08002c0c   0x00000002   Data   RO          406    .constdata          rtx_conf_cm.o
    0x08002c0e   0x00000002   PAD
    0x08002c10   0x00000007   Data   RO          175    .conststring        main.o
    0x08002c17   0x00000001   PAD
    0x08002c18   0x0000000d   Data   RO          177    .conststring        main.o
    0x08002c25   0x00000003   PAD
    0x08002c28   0x00000007   Data   RO          178    .conststring        main.o
    0x08002c2f   0x00000001   PAD
    0x08002c30   0x00000005   Data   RO          179    .conststring        main.o
    0x08002c35   0x00000003   PAD
    0x08002c38   0x00000020   Data   RO         2437    Region$$Table       anon$$obj.o


    Execution Region RW_IRAM1 (Base: 0x20000000, Size: 0x00001170, Max: 0x00004000, ABSOLUTE)

    Base Addr    Size         Type   Attr      Idx    E Section Name        Object

    0x20000000   0x00000018   Data   RW          180    .data               main.o
    0x20000018   0x0000000a   Data   RW          181    .data               main.o
    0x20000022   0x00000002   Data   RW          287    .data               uc1601s.o
    0x20000024   0x00000004   Data   RW          408    .data               rtx_conf_cm.o
    0x20000028   0x00000004   Data   RW          409    .data               rtx_conf_cm.o
    0x2000002c   0x00000004   Data   RW          410    .data               rtx_conf_cm.o
    0x20000030   0x0000001d   Data   RW          526    .data               system_stm32l1xx.o
    0x2000004d   0x00000019   Data   RW          703    .data               STM32L151_Lib.lib(stm32l1xx_rcc.o)
    0x20000066   0x00000002   PAD
    0x20000068   0x00000008   Data   RW         1015    .data               RTX_CM3.lib(rt_cmsis.o)
    0x20000070   0x00000008   Data   RW         1555    .data               RTX_CM3.lib(rt_task.o)
    0x20000078   0x00000008   Data   RW         1640    .data               RTX_CM3.lib(rt_system.o)
    0x20000080   0x00000004   Data   RW         1934    .data               RTX_CM3.lib(rt_time.o)
    0x20000084   0x00000001   Data   RW         2053    .data               RTX_CM3.lib(hal_cm.o)
    0x20000085   0x00000003   PAD
    0x20000088   0x00000008   Data   RW         2097    .data               RTX_CM3.lib(rt_robin.o)
    0x20000090   0x00000004   Data   RW         2137    .data               mc_w.l(stdout.o)
    0x20000094   0x00000004   Data   RW         2138    .data               mc_w.l(stderr.o)
    0x20000098   0x00000032   Zero   RW          165    .bss                main.o
    0x200000ca   0x00000002   PAD
    0x200000cc   0x00000010   Zero   RW          385    .bss                rtx_conf_cm.o
    0x200000dc   0x00000144   Zero   RW          386    .bss                rtx_conf_cm.o
    0x20000220   0x00000970   Zero   RW          387    .bss                rtx_conf_cm.o
    0x20000b90   0x000000e0   Zero   RW          388    .bss                rtx_conf_cm.o
    0x20000c70   0x00000084   Zero   RW          389    .bss                rtx_conf_cm.o
    0x20000cf4   0x00000018   Zero   RW          390    .bss                rtx_conf_cm.o
    0x20000d0c   0x00000034   Zero   RW         1554    .bss                RTX_CM3.lib(rt_task.o)
    0x20000d40   0x00000030   Zero   RW         1774    .bss                RTX_CM3.lib(rt_list.o)
    0x20000d70   0x00000400   Zero   RW          513    STACK               startup_stm32l1xx_md.o


==============================================================================

Image component sizes


      Code (inc. data)   RO Data    RW Data    ZI Data      Debug   Object Name

       636         84          0          0          0      22356   i2c.o
       508        124        108         34         50       8634   main.o
        68         14          0          0          0       3387   retarget_io.o
        28          6         84         12       3136       7444   rtx_conf_cm.o
        36          8        244          0       1024        788   startup_stm32l1xx_md.o
       280         28          0         29          0       1781   system_stm32l1xx.o
        54          4          0          0          0       1238   tools.o
      2284         46       1120          2          0      11105   uc1601s.o
        68          0          0          0          0        869   ui.o

    ----------------------------------------------------------------------
      3966        314       1608         77       4212      57602   Object Totals
         0          0         32          0          0          0   (incl. Generated)
         4          0         20          0          2          0   (incl. Padding)

    ----------------------------------------------------------------------

      Code (inc. data)   RO Data    RW Data    ZI Data      Debug   Library Member Name

       238         24          0          1          0       3256   hal_cm.o
       304         36          0          0          0        760   hal_cm3.o
       996        144          0          8          0      29468   rt_cmsis.o
        80          4          0          0          0        653   rt_event.o
       530         34          0          0         48       8165   rt_list.o
       288          4          0          0          0       2393   rt_mailbox.o
       140          0          0          0          0       1901   rt_membox.o
       128          0          0          0          0       2275   rt_memory.o
        96         22          0          8          0       1134   rt_robin.o
        52          4          0          0          0        565   rt_semaphore.o
       298         52          0          8          0       6151   rt_system.o
      1216        174          0          8         52       9545   rt_task.o
         6          0          0          4          0        636   rt_time.o
         4          4          0          0          0        200   svc_table.o
       222          0          0          0          0        304   stm32l1xx_gpio.o
       256         14          0          0          0        156   stm32l1xx_i2c.o
       352         40          0         25          0        288   stm32l1xx_rcc.o
         6          0          0          0          0         68   stm32l1xx_tim.o
         0          0          0          0          0          0   entry.o
         0          0          0          0          0          0   entry10a.o
         0          0          0          0          0          0   entry11a.o
         8          4          0          0          0          0   entry2.o
         4          0          0          0          0          0   entry5.o
         0          0          0          0          0          0   entry7b.o
         0          0          0          0          0          0   entry8b.o
        30          0          0          0          0          0   handlers.o
        36          8          0          0          0         68   init.o
       422         20          0          0          0        336   printf1.o
         0          0          0          4          0          0   stderr.o
         0          0          0          4          0          0   stdout.o
        44          0          0          0          0         80   uidiv.o

    ----------------------------------------------------------------------
      5778        588          0         75        100      68402   Library Totals
        22          0          0          5          0          0   (incl. Padding)

    ----------------------------------------------------------------------

      Code (inc. data)   RO Data    RW Data    ZI Data      Debug   Library Name

      4376        502          0         37        100      67102   RTX_CM3.lib
       836         54          0         25          0        816   STM32L151_Lib.lib
       544         32          0          8          0        484   mc_w.l

    ----------------------------------------------------------------------
      5778        588          0         75        100      68402   Library Totals

    ----------------------------------------------------------------------

==============================================================================


      Code (inc. data)   RO Data    RW Data    ZI Data      Debug   

      9744        902       1608        152       4312     120696   Grand Totals
      9744        902       1608        152       4312     120696   ELF Image Totals
      9744        902       1608        152          0          0   ROM Totals

==============================================================================

    Total RO  Size (Code + RO Data)                11352 (  11.09kB)
    Total RW  Size (RW Data + ZI Data)              4464 (   4.36kB)
    Total ROM Size (Code + RO Data + RW Data)      11504 (  11.23kB)

==============================================================================

