Component: ARM Compiler 5.06 update 2 (build 183) Tool: armlink [4d35b7]

==============================================================================

Section Cross References

    i2c.o(i.I2C_Addr) refers to i2c.o(i.WaitSR1FlagsSet) for WaitSR1FlagsSet
    i2c.o(i.I2C_LowLevel_DeInit) refers to stm32f10x_i2c.o(i.I2C_Cmd) for I2C_Cmd
    i2c.o(i.I2C_LowLevel_DeInit) refers to stm32f10x_i2c.o(i.I2C_DeInit) for I2C_DeInit
    i2c.o(i.I2C_LowLevel_DeInit) refers to stm32f10x_gpio.o(i.GPIO_Init) for GPIO_Init
    i2c.o(i.I2C_LowLevel_Init) refers to stm32f10x_rcc.o(i.RCC_APB1PeriphClockCmd) for RCC_APB1PeriphClockCmd
    i2c.o(i.I2C_LowLevel_Init) refers to stm32f10x_rcc.o(i.RCC_APB1PeriphResetCmd) for RCC_APB1PeriphResetCmd
    i2c.o(i.I2C_LowLevel_Init) refers to stm32f10x_rcc.o(i.RCC_APB2PeriphClockCmd) for RCC_APB2PeriphClockCmd
    i2c.o(i.I2C_LowLevel_Init) refers to stm32f10x_gpio.o(i.GPIO_Init) for GPIO_Init
    i2c.o(i.I2C_LowLevel_Init) refers to stm32f10x_i2c.o(i.I2C_Init) for I2C_Init
    i2c.o(i.I2C_LowLevel_Init) refers to stm32f10x_i2c.o(i.I2C_Cmd) for I2C_Cmd
    i2c.o(i.I2C_RdBuf) refers to i2c.o(i.I2C_Start) for I2C_Start
    i2c.o(i.I2C_RdBuf) refers to i2c.o(i.I2C_Addr) for I2C_Addr
    i2c.o(i.I2C_RdBuf) refers to i2c.o(i.WaitSR1FlagsSet) for WaitSR1FlagsSet
    i2c.o(i.I2C_RdBuf) refers to i2c.o(i.I2C_Read) for I2C_Read
    i2c.o(i.I2C_RdBuf) refers to i2c.o(i.WaitLineIdle) for WaitLineIdle
    i2c.o(i.I2C_RdBufEasy) refers to i2c.o(i.I2C_Start) for I2C_Start
    i2c.o(i.I2C_RdBufEasy) refers to i2c.o(i.I2C_Addr) for I2C_Addr
    i2c.o(i.I2C_RdBufEasy) refers to i2c.o(i.I2C_Read) for I2C_Read
    i2c.o(i.I2C_RdBufEasy) refers to i2c.o(i.WaitLineIdle) for WaitLineIdle
    i2c.o(i.I2C_Read) refers to i2c.o(i.WaitSR1FlagsSet) for WaitSR1FlagsSet
    i2c.o(i.I2C_Start) refers to i2c.o(i.WaitSR1FlagsSet) for WaitSR1FlagsSet
    i2c.o(i.I2C_WrBuf) refers to i2c.o(i.I2C_Start) for I2C_Start
    i2c.o(i.I2C_WrBuf) refers to i2c.o(i.I2C_Addr) for I2C_Addr
    i2c.o(i.I2C_WrBuf) refers to i2c.o(i.WaitSR1FlagsSet) for WaitSR1FlagsSet
    i2c.o(i.I2C_WrBuf) refers to i2c.o(i.WaitLineIdle) for WaitLineIdle
    main.o(i.Init_Thread) refers to rt_cmsis.o(i.osThreadCreate) for osThreadCreate
    main.o(i.Init_Thread) refers to main.o(.constdata) for .constdata
    main.o(i.TIM2_IRQHandler) refers to stm32f10x_tim.o(i.TIM_ClearITPendingBit) for TIM_ClearITPendingBit
    main.o(i.TIM2_IRQHandler) refers to uc1601s.o(i.LCD_clear) for LCD_clear
    main.o(i.TIM2_IRQHandler) refers to uc1601s.o(i.LCD_rect) for LCD_rect
    main.o(i.TIM2_IRQHandler) refers to tools.o(i.tool_strlen) for tool_strlen
    main.o(i.TIM2_IRQHandler) refers to uc1601s.o(i.LCD_string) for LCD_string
    main.o(i.TIM2_IRQHandler) refers to uc1601s.o(i.LCD_line) for LCD_line
    main.o(i.TIM2_IRQHandler) refers to main.o(.data) for .data
    main.o(i.Thread_LCD) refers to uc1601s.o(i.LCD_init) for LCD_init
    main.o(i.Thread_LCD) refers to uc1601s.o(i.LCD_clear) for LCD_clear
    main.o(i.Thread_LCD) refers to rt_cmsis.o(i.osDelay) for osDelay
    main.o(i.Thread_LCD) refers to uc1601s.o(i.LCD_string) for LCD_string
    main.o(i.main) refers to main.o(i.Init_Thread) for Init_Thread
    main.o(i.main) refers to rt_cmsis.o(i.osKernelRunning) for osKernelRunning
    main.o(i.main) refers to rt_cmsis.o(i.osKernelStart) for osKernelStart
    main.o(.constdata) refers to main.o(i.Thread_LCD) for Thread_LCD
    tools.o(i.tool_delay_ms) refers to system_stm32f10x.o(.data) for SystemCoreClock
    uc1601s.o(i.LCD_clear) refers to i2c.o(i.I2C_WrBuf) for I2C_WrBuf
    uc1601s.o(i.LCD_cursor) refers to i2c.o(i.I2C_WrBuf) for I2C_WrBuf
    uc1601s.o(i.LCD_cursor) refers to uc1601s.o(.data) for .data
    uc1601s.o(i.LCD_fill) refers to i2c.o(i.I2C_WrBuf) for I2C_WrBuf
    uc1601s.o(i.LCD_init) refers to stm32f10x_rcc.o(i.RCC_APB2PeriphClockCmd) for RCC_APB2PeriphClockCmd
    uc1601s.o(i.LCD_init) refers to stm32f10x_gpio.o(i.GPIO_Init) for GPIO_Init
    uc1601s.o(i.LCD_init) refers to stm32f10x_gpio.o(i.GPIO_ResetBits) for GPIO_ResetBits
    uc1601s.o(i.LCD_init) refers to stm32f10x_gpio.o(i.GPIO_SetBits) for GPIO_SetBits
    uc1601s.o(i.LCD_init) refers to i2c.o(i.I2C_LowLevel_Init) for I2C_LowLevel_Init
    uc1601s.o(i.LCD_init) refers to tools.o(i.tool_delay_ms) for tool_delay_ms
    uc1601s.o(i.LCD_init) refers to i2c.o(i.I2C_WrBuf) for I2C_WrBuf
    uc1601s.o(i.LCD_init) refers to uc1601s.o(i.LCD_clear) for LCD_clear
    uc1601s.o(i.LCD_line) refers to uc1601s.o(i.LCD_pixel) for LCD_pixel
    uc1601s.o(i.LCD_pixel) refers to i2c.o(i.I2C_WrBuf) for I2C_WrBuf
    uc1601s.o(i.LCD_pixel) refers to i2c.o(i.I2C_RdBuf) for I2C_RdBuf
    uc1601s.o(i.LCD_rect) refers to uc1601s.o(i.LCD_line) for LCD_line
    uc1601s.o(i.LCD_rect) refers to uc1601s.o(i.LCD_pixel) for LCD_pixel
    uc1601s.o(i.LCD_string) refers to uc1601s.o(i.LCD_cursor) for LCD_cursor
    uc1601s.o(i.LCD_string) refers to uc1601s.o(i.LCD_symbol) for LCD_symbol
[...]
    ../clib/signal.c                         0x00000000   Number         0  defsig_exit.o ABSOLUTE
    ../clib/signal.c                         0x00000000   Number         0  defsig_fpe_inner.o ABSOLUTE
    ../clib/signal.c                         0x00000000   Number         0  defsig_rtmem_outer.o ABSOLUTE
    ../clib/signal.c                         0x00000000   Number         0  defsig_rtmem_inner.o ABSOLUTE
    ../clib/signal.s                         0x00000000   Number         0  defsig.o ABSOLUTE
    ../clib/stdlib.c                         0x00000000   Number         0  exit.o ABSOLUTE
    ../fplib/fpinit.s                        0x00000000   Number         0  fpinit.o ABSOLUTE
    ..\HAL_CM.c                              0x00000000   Number         0  hal_cm.o ABSOLUTE
    ..\\rt_CMSIS.c                           0x00000000   Number         0  rt_cmsis.o ABSOLUTE
    ..\\rt_System.c                          0x00000000   Number         0  rt_system.o ABSOLUTE
    ..\rt_CMSIS.c                            0x00000000   Number         0  rt_cmsis.o ABSOLUTE
    ..\rt_Event.c                            0x00000000   Number         0  rt_event.o ABSOLUTE
    ..\rt_List.c                             0x00000000   Number         0  rt_list.o ABSOLUTE
    ..\rt_Mailbox.c                          0x00000000   Number         0  rt_mailbox.o ABSOLUTE
    ..\rt_MemBox.c                           0x00000000   Number         0  rt_membox.o ABSOLUTE
    ..\rt_Memory.c                           0x00000000   Number         0  rt_memory.o ABSOLUTE
    ..\rt_Mutex.c                            0x00000000   Number         0  rt_mutex.o ABSOLUTE
    ..\rt_Robin.c                            0x00000000   Number         0  rt_robin.o ABSOLUTE
    ..\rt_Semaphore.c                        0x00000000   Number         0  rt_semaphore.o ABSOLUTE
    ..\rt_System.c                           0x00000000   Number         0  rt_system.o ABSOLUTE
    ..\rt_Task.c                             0x00000000   Number         0  rt_task.o ABSOLUTE
    ..\rt_Time.c                             0x00000000   Number         0  rt_time.o ABSOLUTE
    HAL_CM3.c                                0x00000000   Number         0  hal_cm3.o ABSOLUTE
    HAL_CM3.c                                0x00000000   Number         0  hal_cm3.o ABSOLUTE
    RTE\CMSIS\RTX_Conf_CM.c                  0x00000000   Number         0  rtx_conf_cm.o ABSOLUTE
    RTE\Device\STM32F100RB\startup_stm32f10x_md_vl.s 0x00000000   Number         0  startup_stm32f10x_md_vl.o ABSOLUTE
    RTE\Device\STM32F100RB\system_stm32f10x.c 0x00000000   Number         0  system_stm32f10x.o ABSOLUTE
    RTE\\CMSIS\\RTX_Conf_CM.c                0x00000000   Number         0  rtx_conf_cm.o ABSOLUTE
    RTE\\Device\\STM32F100RB\\system_stm32f10x.c 0x00000000   Number         0  system_stm32f10x.o ABSOLUTE
    SVC_Table.s                              0x00000000   Number         0  svc_table.o ABSOLUTE
    d:\Keil_v5\ARM\PACK\Keil\STM32F1xx_DFP\2.1.0\Device\StdPeriph_Driver\src\misc.c 0x00000000   Number         0  misc.o ABSOLUTE
    d:\Keil_v5\ARM\PACK\Keil\STM32F1xx_DFP\2.1.0\Device\StdPeriph_Driver\src\stm32f10x_dma.c 0x00000000   Number         0  stm32f10x_dma.o ABSOLUTE
    d:\Keil_v5\ARM\PACK\Keil\STM32F1xx_DFP\2.1.0\Device\StdPeriph_Driver\src\stm32f10x_gpio.c 0x00000000   Number         0  stm32f10x_gpio.o ABSOLUTE
    d:\Keil_v5\ARM\PACK\Keil\STM32F1xx_DFP\2.1.0\Device\StdPeriph_Driver\src\stm32f10x_i2c.c 0x00000000   Number         0  stm32f10x_i2c.o ABSOLUTE
    d:\Keil_v5\ARM\PACK\Keil\STM32F1xx_DFP\2.1.0\Device\StdPeriph_Driver\src\stm32f10x_rcc.c 0x00000000   Number         0  stm32f10x_rcc.o ABSOLUTE
    d:\Keil_v5\ARM\PACK\Keil\STM32F1xx_DFP\2.1.0\Device\StdPeriph_Driver\src\stm32f10x_tim.c 0x00000000   Number         0  stm32f10x_tim.o ABSOLUTE
    d:\Keil_v5\ARM\PACK\Keil\STM32F1xx_DFP\2.1.0\Device\StdPeriph_Driver\src\stm32f10x_usart.c 0x00000000   Number         0  stm32f10x_usart.o ABSOLUTE
    d:\Keil_v5\ARM\PACK\Keil\STM32F1xx_DFP\2.1.0\RTE_Driver\DMA_STM32F10x.c 0x00000000   Number         0  dma_stm32f10x.o ABSOLUTE
    d:\Keil_v5\ARM\PACK\Keil\STM32F1xx_DFP\2.1.0\RTE_Driver\GPIO_STM32F10x.c 0x00000000   Number         0  gpio_stm32f10x.o ABSOLUTE
    d:\\Keil_v5\\ARM\\PACK\\Keil\\STM32F1xx_DFP\\2.1.0\\Device\\StdPeriph_Driver\\src\\misc.c 0x00000000   Number         0  misc.o ABSOLUTE
    d:\\Keil_v5\\ARM\\PACK\\Keil\\STM32F1xx_DFP\\2.1.0\\Device\\StdPeriph_Driver\\src\\stm32f10x_dma.c 0x00000000   Number         0  stm32f10x_dma.o ABSOLUTE
    d:\\Keil_v5\\ARM\\PACK\\Keil\\STM32F1xx_DFP\\2.1.0\\Device\\StdPeriph_Driver\\src\\stm32f10x_gpio.c 0x00000000   Number         0  stm32f10x_gpio.o ABSOLUTE
    d:\\Keil_v5\\ARM\\PACK\\Keil\\STM32F1xx_DFP\\2.1.0\\Device\\StdPeriph_Driver\\src\\stm32f10x_i2c.c 0x00000000   Number         0  stm32f10x_i2c.o ABSOLUTE
    d:\\Keil_v5\\ARM\\PACK\\Keil\\STM32F1xx_DFP\\2.1.0\\Device\\StdPeriph_Driver\\src\\stm32f10x_rcc.c 0x00000000   Number         0  stm32f10x_rcc.o ABSOLUTE
    d:\\Keil_v5\\ARM\\PACK\\Keil\\STM32F1xx_DFP\\2.1.0\\Device\\StdPeriph_Driver\\src\\stm32f10x_tim.c 0x00000000   Number         0  stm32f10x_tim.o ABSOLUTE
    d:\\Keil_v5\\ARM\\PACK\\Keil\\STM32F1xx_DFP\\2.1.0\\Device\\StdPeriph_Driver\\src\\stm32f10x_usart.c 0x00000000   Number         0  stm32f10x_usart.o ABSOLUTE
    d:\\Keil_v5\\ARM\\PACK\\Keil\\STM32F1xx_DFP\\2.1.0\\RTE_Driver\\DMA_STM32F10x.c 0x00000000   Number         0  dma_stm32f10x.o ABSOLUTE
    d:\\Keil_v5\\ARM\\PACK\\Keil\\STM32F1xx_DFP\\2.1.0\\RTE_Driver\\GPIO_STM32F10x.c 0x00000000   Number         0  gpio_stm32f10x.o ABSOLUTE
    dc.s                                     0x00000000   Number         0  dc.o ABSOLUTE
    src\\i2c.c                               0x00000000   Number         0  i2c.o ABSOLUTE
    src\\main.c                              0x00000000   Number         0  main.o ABSOLUTE
    src\\tools.c                             0x00000000   Number         0  tools.o ABSOLUTE
    src\\uc1601s.c                           0x00000000   Number         0  uc1601s.o ABSOLUTE
    src\i2c.c                                0x00000000   Number         0  i2c.o ABSOLUTE
    src\main.c                               0x00000000   Number         0  main.o ABSOLUTE
    src\tools.c                              0x00000000   Number         0  tools.o ABSOLUTE
    src\uc1601s.c                            0x00000000   Number         0  uc1601s.o ABSOLUTE
    RESET                                    0x08000000   Section      288  startup_stm32f10x_md_vl.o(RESET)
    !!!main                                  0x08000120   Section        8  __main.o(!!!main)
    !!!scatter                               0x08000128   Section       52  __scatter.o(!!!scatter)
    !!handler_copy                           0x0800015c   Section       26  __scatter_copy.o(!!handler_copy)
    !!handler_zi                             0x08000178   Section       28  __scatter_zi.o(!!handler_zi)
    .ARM.Collect$$libinit$$00000000          0x08000194   Section        2  libinit.o(.ARM.Collect$$libinit$$00000000)
    .ARM.Collect$$libinit$$00000002          0x08000196   Section        0  libinit2.o(.ARM.Collect$$libinit$$00000002)
    .ARM.Collect$$libinit$$00000004          0x08000196   Section        0  libinit2.o(.ARM.Collect$$libinit$$00000004)
    .ARM.Collect$$libinit$$0000000A          0x08000196   Section        0  libinit2.o(.ARM.Collect$$libinit$$0000000A)
    .ARM.Collect$$libinit$$0000000C          0x08000196   Section        0  libinit2.o(.ARM.Collect$$libinit$$0000000C)
    .ARM.Collect$$libinit$$0000000E          0x08000196   Section        0  libinit2.o(.ARM.Collect$$libinit$$0000000E)
    .ARM.Collect$$libinit$$00000011          0x08000196   Section        0  libinit2.o(.ARM.Collect$$libinit$$00000011)
    .ARM.Collect$$libinit$$00000013          0x08000196   Section        0  libinit2.o(.ARM.Collect$$libinit$$00000013)
    .ARM.Collect$$libinit$$00000015          0x08000196   Section        0  libinit2.o(.ARM.Collect$$libinit$$00000015)
    .ARM.Collect$$libinit$$00000017          0x08000196   Section        0  libinit2.o(.ARM.Collect$$libinit$$00000017)
    .ARM.Collect$$libinit$$00000019          0x08000196   Section        0  libinit2.o(.ARM.Collect$$libinit$$00000019)
    .ARM.Collect$$libinit$$0000001B          0x08000196   Section        0  libinit2.o(.ARM.Collect$$libinit$$0000001B)
    .ARM.Collect$$libinit$$0000001D          0x08000196   Section        0  libinit2.o(.ARM.Collect$$libinit$$0000001D)
    .ARM.Collect$$libinit$$0000001F          0x08000196   Section        0  libinit2.o(.ARM.Collect$$libinit$$0000001F)
    .ARM.Collect$$libinit$$00000021          0x08000196   Section        0  libinit2.o(.ARM.Collect$$libinit$$00000021)
    .ARM.Collect$$libinit$$00000023          0x08000196   Section        0  libinit2.o(.ARM.Collect$$libinit$$00000023)
    .ARM.Collect$$libinit$$00000025          0x08000196   Section        0  libinit2.o(.ARM.Collect$$libinit$$00000025)
    .ARM.Collect$$libinit$$0000002C          0x08000196   Section        0  libinit2.o(.ARM.Collect$$libinit$$0000002C)
    .ARM.Collect$$libinit$$0000002E          0x08000196   Section        0  libinit2.o(.ARM.Collect$$libinit$$0000002E)
    .ARM.Collect$$libinit$$00000030          0x08000196   Section        0  libinit2.o(.ARM.Collect$$libinit$$00000030)
    .ARM.Collect$$libinit$$00000032          0x08000196   Section        0  libinit2.o(.ARM.Collect$$libinit$$00000032)
    .ARM.Collect$$libinit$$00000033          0x08000196   Section        2  libinit2.o(.ARM.Collect$$libinit$$00000033)
    .ARM.Collect$$libshutdown$$00000000      0x08000198   Section        2  libshutdown.o(.ARM.Collect$$libshutdown$$00000000)
    .ARM.Collect$$libshutdown$$00000002      0x0800019a   Section        0  libshutdown2.o(.ARM.Collect$$libshutdown$$00000002)
    .ARM.Collect$$libshutdown$$00000004      0x0800019a   Section        0  libshutdown2.o(.ARM.Collect$$libshutdown$$00000004)
    .ARM.Collect$$libshutdown$$00000007      0x0800019a   Section        0  libshutdown2.o(.ARM.Collect$$libshutdown$$00000007)
    .ARM.Collect$$libshutdown$$0000000A      0x0800019a   Section        0  libshutdown2.o(.ARM.Collect$$libshutdown$$0000000A)
    .ARM.Collect$$libshutdown$$0000000C      0x0800019a   Section        0  libshutdown2.o(.ARM.Collect$$libshutdown$$0000000C)
    .ARM.Collect$$libshutdown$$0000000F      0x0800019a   Section        0  libshutdown2.o(.ARM.Collect$$libshutdown$$0000000F)
    .ARM.Collect$$libshutdown$$00000010      0x0800019a   Section        2  libshutdown2.o(.ARM.Collect$$libshutdown$$00000010)
    .ARM.Collect$$rtentry$$00000000          0x0800019c   Section        0  __rtentry.o(.ARM.Collect$$rtentry$$00000000)
    .ARM.Collect$$rtentry$$00000002          0x0800019c   Section        0  __rtentry2.o(.ARM.Collect$$rtentry$$00000002)
    .ARM.Collect$$rtentry$$00000004          0x0800019c   Section        6  __rtentry4.o(.ARM.Collect$$rtentry$$00000004)
    .ARM.Collect$$rtentry$$00000009          0x080001a2   Section        0  __rtentry2.o(.ARM.Collect$$rtentry$$00000009)
    .ARM.Collect$$rtentry$$0000000A          0x080001a2   Section        4  __rtentry2.o(.ARM.Collect$$rtentry$$0000000A)
    .ARM.Collect$$rtentry$$0000000B          0x080001a6   Section        8  __rtentry2.o(.ARM.Collect$$rtentry$$0000000B)
    .ARM.Collect$$rtentry$$0000000D          0x080001ae   Section        8  __rtentry2.o(.ARM.Collect$$rtentry$$0000000D)
    .ARM.Collect$$rtexit$$00000000           0x080001b6   Section        2  rtexit.o(.ARM.Collect$$rtexit$$00000000)
    .ARM.Collect$$rtexit$$00000002           0x080001b8   Section        0  rtexit2.o(.ARM.Collect$$rtexit$$00000002)
    .ARM.Collect$$rtexit$$00000003           0x080001b8   Section        4  rtexit2.o(.ARM.Collect$$rtexit$$00000003)
    .ARM.Collect$$rtexit$$00000004           0x080001bc   Section        6  rtexit2.o(.ARM.Collect$$rtexit$$00000004)
    .emb_text                                0x080001c4   Section       28  rtx_conf_cm.o(.emb_text)
    .emb_text                                0x080001e0   Section      304  hal_cm3.o(.emb_text)
    .text                                    0x08000310   Section       64  startup_stm32f10x_md_vl.o(.text)
    .text                                    0x08000350   Section        8  libspace.o(.text)
    .text                                    0x08000358   Section        0  exit.o(.text)
    .text                                    0x0800036a   Section        0  heapauxi.o(.text)
    .text                                    0x08000370   Section        0  sys_exit.o(.text)
    .text                                    0x0800037c   Section       74  sys_stackheap_outer.o(.text)
    .text                                    0x080003c6   Section        2  use_no_semi.o(.text)
    .text                                    0x080003c8   Section        0  indicate_semi.o(.text)
    SVC_TABLE                                0x080003c8   Section        4  svc_table.o(SVC_TABLE)
    i.DMA1_Channel1_Event                    0x080003cc   Section        0  dma_stm32f10x.o(i.DMA1_Channel1_Event)
    i.DMA1_Channel1_IRQHandler               0x080003d0   Section        0  dma_stm32f10x.o(i.DMA1_Channel1_IRQHandler)
    i.DMA1_Channel2_Event                    0x080003e8   Section        0  dma_stm32f10x.o(i.DMA1_Channel2_Event)
    i.DMA1_Channel2_IRQHandler               0x080003ec   Section        0  dma_stm32f10x.o(i.DMA1_Channel2_IRQHandler)
    i.DMA1_Channel3_Event                    0x08000404   Section        0  dma_stm32f10x.o(i.DMA1_Channel3_Event)
    i.DMA1_Channel3_IRQHandler               0x08000408   Section        0  dma_stm32f10x.o(i.DMA1_Channel3_IRQHandler)
    i.DMA1_Channel4_Event                    0x08000420   Section        0  dma_stm32f10x.o(i.DMA1_Channel4_Event)
    i.DMA1_Channel4_IRQHandler               0x08000424   Section        0  dma_stm32f10x.o(i.DMA1_Channel4_IRQHandler)
    i.DMA1_Channel5_Event                    0x0800043c   Section        0  dma_stm32f10x.o(i.DMA1_Channel5_Event)
    i.DMA1_Channel5_IRQHandler               0x08000440   Section        0  dma_stm32f10x.o(i.DMA1_Channel5_IRQHandler)
    i.DMA1_Channel6_Event                    0x08000458   Section        0  dma_stm32f10x.o(i.DMA1_Channel6_Event)
    i.DMA1_Channel6_IRQHandler               0x0800045c   Section        0  dma_stm32f10x.o(i.DMA1_Channel6_IRQHandler)
    i.DMA1_Channel7_Event                    0x08000474   Section        0  dma_stm32f10x.o(i.DMA1_Channel7_Event)
    i.DMA1_Channel7_IRQHandler               0x08000478   Section        0  dma_stm32f10x.o(i.DMA1_Channel7_IRQHandler)
    i.GPIO_Init                              0x08000490   Section        0  stm32f10x_gpio.o(i.GPIO_Init)
    i.GPIO_ResetBits                         0x0800052c   Section        0  stm32f10x_gpio.o(i.GPIO_ResetBits)
    i.GPIO_SetBits                           0x08000530   Section        0  stm32f10x_gpio.o(i.GPIO_SetBits)
    i.I2C_Addr                               0x08000534   Section        0  i2c.o(i.I2C_Addr)
    I2C_Addr                                 0x08000535   Thumb Code    12  i2c.o(i.I2C_Addr)
    i.I2C_Cmd                                0x08000544   Section        0  stm32f10x_i2c.o(i.I2C_Cmd)
    i.I2C_Init                               0x08000558   Section        0  stm32f10x_i2c.o(i.I2C_Init)
    i.I2C_LowLevel_Init                      0x08000614   Section        0  i2c.o(i.I2C_LowLevel_Init)
    i.I2C_RdBuf                              0x080006a8   Section        0  i2c.o(i.I2C_RdBuf)
    i.I2C_Read                               0x0800077c   Section        0  i2c.o(i.I2C_Read)
    I2C_Read                                 0x0800077d   Thumb Code    24  i2c.o(i.I2C_Read)
    i.I2C_Start                              0x08000798   Section        0  i2c.o(i.I2C_Start)
    I2C_Start                                0x08000799   Thumb Code    16  i2c.o(i.I2C_Start)
    i.I2C_WrBuf                              0x080007ac   Section        0  i2c.o(i.I2C_WrBuf)
    i.Init_Thread                            0x080007f8   Section        0  main.o(i.Init_Thread)
    i.LCD_clear                              0x08000814   Section        0  uc1601s.o(i.LCD_clear)
    i.LCD_cursor                             0x0800084c   Section        0  uc1601s.o(i.LCD_cursor)
    i.LCD_init                               0x08000894   Section        0  uc1601s.o(i.LCD_init)
    i.LCD_line                               0x08000920   Section        0  uc1601s.o(i.LCD_line)
    i.LCD_pixel                              0x080009da   Section        0  uc1601s.o(i.LCD_pixel)
    i.LCD_rect                               0x08000a64   Section        0  uc1601s.o(i.LCD_rect)
    i.LCD_string                             0x08000df4   Section        0  uc1601s.o(i.LCD_string)
    i.LCD_symbol                             0x08000e48   Section        0  uc1601s.o(i.LCD_symbol)
    i.RCC_APB1PeriphClockCmd                 0x080010a8   Section        0  stm32f10x_rcc.o(i.RCC_APB1PeriphClockCmd)
    i.RCC_APB1PeriphResetCmd                 0x080010c0   Section        0  stm32f10x_rcc.o(i.RCC_APB1PeriphResetCmd)
    i.RCC_APB2PeriphClockCmd                 0x080010d8   Section        0  stm32f10x_rcc.o(i.RCC_APB2PeriphClockCmd)
    i.RCC_GetClocksFreq                      0x080010f0   Section        0  stm32f10x_rcc.o(i.RCC_GetClocksFreq)
    i.SetSysClockTo24                        0x0800118c   Section        0  system_stm32f10x.o(i.SetSysClockTo24)
    SetSysClockTo24                          0x0800118d   Thumb Code   130  system_stm32f10x.o(i.SetSysClockTo24)
    i.SystemInit                             0x08001214   Section        0  system_stm32f10x.o(i.SystemInit)
    i.TIM2_IRQHandler                        0x08001268   Section        0  main.o(i.TIM2_IRQHandler)
    i.TIM_ClearITPendingBit                  0x080013c4   Section        0  stm32f10x_tim.o(i.TIM_ClearITPendingBit)
    i.Thread_LCD                             0x080013cc   Section        0  main.o(i.Thread_LCD)
    i.WaitLineIdle                           0x08001424   Section        0  i2c.o(i.WaitLineIdle)
    WaitLineIdle                             0x08001425   Thumb Code    22  i2c.o(i.WaitLineIdle)
    i.WaitSR1FlagsSet                        0x08001444   Section        0  i2c.o(i.WaitSR1FlagsSet)
    WaitSR1FlagsSet                          0x08001445   Thumb Code    26  i2c.o(i.WaitSR1FlagsSet)
    i._init_box                              0x08001468   Section        0  rt_membox.o(i._init_box)
    i._mutex_acquire                         0x080014b0   Section        0  rtx_conf_cm.o(i._mutex_acquire)
    __tagsym$$used                           0x080014b1   Number         0  rtx_conf_cm.o(i._mutex_acquire)
    i._mutex_release                         0x080014d0   Section        0  rtx_conf_cm.o(i._mutex_release)
    __tagsym$$used                           0x080014d1   Number         0  rtx_conf_cm.o(i._mutex_release)
    i.dbg_init                               0x080014ec   Section        0  hal_cm.o(i.dbg_init)
    i.dbg_task_notify                        0x0800151c   Section        0  hal_cm.o(i.dbg_task_notify)
    i.dbg_task_switch                        0x0800153c   Section        0  hal_cm.o(i.dbg_task_switch)
    i.isrMessageGet                          0x0800154c   Section        0  rt_cmsis.o(i.isrMessageGet)
    i.isrMessagePut                          0x08001576   Section        0  rt_cmsis.o(i.isrMessagePut)
    i.isr_mbx_receive                        0x080015a4   Section        0  rt_mailbox.o(i.isr_mbx_receive)
    i.isr_mbx_send                           0x080015fa   Section        0  rt_mailbox.o(i.isr_mbx_send)
    i.main                                   0x08001608   Section        0  main.o(i.main)
    i.osDelay                                0x08001618   Section        0  rt_cmsis.o(i.osDelay)
    i.osKernelInitialize                     0x08001630   Section        0  rt_cmsis.o(i.osKernelInitialize)
    i.osKernelRunning                        0x08001654   Section        0  rt_cmsis.o(i.osKernelRunning)
    i.osKernelStart                          0x08001678   Section        0  rt_cmsis.o(i.osKernelStart)
    i.osMessageGet                           0x080016e4   Section        0  rt_cmsis.o(i.osMessageGet)
    i.osThreadCreate                         0x080016fc   Section        0  rt_cmsis.o(i.osThreadCreate)
    i.osThreadExit                           0x0800172c   Section        0  rt_cmsis.o(i.osThreadExit)
    i.osTimerCall                            0x08001744   Section        0  rt_cmsis.o(i.osTimerCall)
    i.osTimerThread                          0x08001750   Section        0  rt_cmsis.o(i.osTimerThread)
    i.os_error                               0x0800177c   Section        0  rtx_conf_cm.o(i.os_error)
    i.os_idle_demon                          0x0800177e   Section        0  rtx_conf_cm.o(i.os_idle_demon)
    i.os_tick_init                           0x08001780   Section        0  rt_system.o(i.os_tick_init)
    i.os_tick_irqack                         0x080017a8   Section        0  rt_system.o(i.os_tick_irqack)
    i.rt_alloc_box                           0x080017aa   Section        0  rt_membox.o(i.rt_alloc_box)
    i.rt_alloc_mem                           0x080017c4   Section        0  rt_memory.o(i.rt_alloc_mem)
    i.rt_block                               0x08001804   Section        0  rt_task.o(i.rt_block)
    i.rt_chk_robin                           0x0800183c   Section        0  rt_robin.o(i.rt_chk_robin)
    i.rt_dec_dly                             0x08001884   Section        0  rt_list.o(i.rt_dec_dly)
    i.rt_dispatch                            0x080018f4   Section        0  rt_task.o(i.rt_dispatch)
    i.rt_dly_wait                            0x08001938   Section        0  rt_time.o(i.rt_dly_wait)
    i.rt_evt_psh                             0x08001940   Section        0  rt_event.o(i.rt_evt_psh)
    i.rt_free_box                            0x08001990   Section        0  rt_membox.o(i.rt_free_box)
    i.rt_free_mem                            0x080019bc   Section        0  rt_memory.o(i.rt_free_mem)
    i.rt_get_first                           0x080019e4   Section        0  rt_list.o(i.rt_get_first)
    i.rt_id2obj                              0x08001a0c   Section        0  rt_cmsis.o(i.rt_id2obj)
    rt_id2obj                                0x08001a0d   Thumb Code     8  rt_cmsis.o(i.rt_id2obj)
    i.rt_init_context                        0x08001a14   Section        0  rt_task.o(i.rt_init_context)
    rt_init_context                          0x08001a15   Thumb Code    66  rt_task.o(i.rt_init_context)
    i.rt_init_mem                            0x08001a5c   Section        0  rt_memory.o(i.rt_init_mem)
    i.rt_init_robin                          0x08001a78   Section        0  rt_robin.o(i.rt_init_robin)
    i.rt_init_stack                          0x08001a90   Section        0  hal_cm.o(i.rt_init_stack)
    i.rt_mbx_check                           0x08001b10   Section        0  rt_mailbox.o(i.rt_mbx_check)
    i.rt_mbx_init                            0x08001b18   Section        0  rt_mailbox.o(i.rt_mbx_init)
    i.rt_mbx_psh                             0x08001b34   Section        0  rt_mailbox.o(i.rt_mbx_psh)
    i.rt_mbx_wait                            0x08001c24   Section        0  rt_mailbox.o(i.rt_mbx_wait)
    i.rt_ms2tick                             0x08001cd8   Section        0  rt_cmsis.o(i.rt_ms2tick)
    rt_ms2tick                               0x08001cd9   Thumb Code    58  rt_cmsis.o(i.rt_ms2tick)
    i.rt_mut_release                         0x08001d1c   Section        0  rt_mutex.o(i.rt_mut_release)
    i.rt_mut_wait                            0x08001df4   Section        0  rt_mutex.o(i.rt_mut_wait)
    i.rt_pop_req                             0x08001e5c   Section        0  rt_system.o(i.rt_pop_req)
    i.rt_psh_req                             0x08001ed8   Section        0  rt_system.o(i.rt_psh_req)
    i.rt_psq_enq                             0x08001ef8   Section        0  rt_list.o(i.rt_psq_enq)
    i.rt_put_dly                             0x08001f54   Section        0  rt_list.o(i.rt_put_dly)
    i.rt_put_prio                            0x08001f9c   Section        0  rt_list.o(i.rt_put_prio)
    i.rt_put_rdy_first                       0x08001fd4   Section        0  rt_list.o(i.rt_put_rdy_first)
    i.rt_resort_prio                         0x08001fe8   Section        0  rt_list.o(i.rt_resort_prio)
    i.rt_ret_val                             0x0800201c   Section        0  hal_cm.o(i.rt_ret_val)
    i.rt_ret_val2                            0x08002022   Section        0  hal_cm.o(i.rt_ret_val2)
    i.rt_rmv_dly                             0x0800202a   Section        0  rt_list.o(i.rt_rmv_dly)
    i.rt_rmv_list                            0x08002054   Section        0  rt_list.o(i.rt_rmv_list)
    i.rt_sem_psh                             0x08002084   Section        0  rt_semaphore.o(i.rt_sem_psh)
    i.rt_stk_check                           0x080020b8   Section        0  rt_system.o(i.rt_stk_check)
    i.rt_switch_req                          0x080020dc   Section        0  rt_task.o(i.rt_switch_req)
    i.rt_sys_init                            0x08002104   Section        0  rt_task.o(i.rt_sys_init)
    i.rt_sys_start                           0x080021d0   Section        0  rt_task.o(i.rt_sys_start)
    i.rt_systick                             0x08002248   Section        0  rt_system.o(i.rt_systick)
    i.rt_tid2ptcb                            0x08002288   Section        0  rt_cmsis.o(i.rt_tid2ptcb)
    rt_tid2ptcb                              0x08002289   Thumb Code    18  rt_cmsis.o(i.rt_tid2ptcb)
    i.rt_timer_insert                        0x0800229c   Section        0  rt_cmsis.o(i.rt_timer_insert)
    rt_timer_insert                          0x0800229d   Thumb Code    48  rt_cmsis.o(i.rt_timer_insert)
    i.rt_tsk_create                          0x080022d0   Section        0  rt_task.o(i.rt_tsk_create)
    i.rt_tsk_delete                          0x08002358   Section        0  rt_task.o(i.rt_tsk_delete)
    i.rt_tsk_prio                            0x080024d4   Section        0  rt_task.o(i.rt_tsk_prio)
    i.rt_tsk_self                            0x08002550   Section        0  rt_task.o(i.rt_tsk_self)
    i.svcDelay                               0x08002560   Section        0  rt_cmsis.o(i.svcDelay)
    i.svcKernelInitialize                    0x08002574   Section        0  rt_cmsis.o(i.svcKernelInitialize)
    i.svcKernelRunning                       0x080025e4   Section        0  rt_cmsis.o(i.svcKernelRunning)
    i.svcKernelStart                         0x080025f0   Section        0  rt_cmsis.o(i.svcKernelStart)
    i.svcMessageCreate                       0x08002638   Section        0  rt_cmsis.o(i.svcMessageCreate)
    i.svcMessageGet                          0x0800265c   Section        0  rt_cmsis.o(i.svcMessageGet)
    i.svcThreadCreate                        0x08002698   Section        0  rt_cmsis.o(i.svcThreadCreate)
    i.svcThreadGetId                         0x08002708   Section        0  rt_cmsis.o(i.svcThreadGetId)
    i.svcThreadTerminate                     0x08002724   Section        0  rt_cmsis.o(i.svcThreadTerminate)
    i.svcTimerCall                           0x0800275c   Section        0  rt_cmsis.o(i.svcTimerCall)
    i.sysTimerTick                           0x08002774   Section        0  rt_cmsis.o(i.sysTimerTick)
    i.tool_delay_ms                          0x080027d0   Section        0  tools.o(i.tool_delay_ms)
    i.tool_strlen                            0x080027f4   Section        0  tools.o(i.tool_strlen)
    .constdata                               0x08002808   Section       16  main.o(.constdata)
    .constdata                               0x08002818   Section     1120  uc1601s.o(.constdata)
    .constdata                               0x08002c78   Section        2  rtx_conf_cm.o(.constdata)
    .constdata                               0x08002c7c   Section        4  rtx_conf_cm.o(.constdata)
    .constdata                               0x08002c80   Section        4  rtx_conf_cm.o(.constdata)
    .constdata                               0x08002c84   Section        4  rtx_conf_cm.o(.constdata)
    .constdata                               0x08002c88   Section        1  rtx_conf_cm.o(.constdata)
    .constdata                               0x08002c8c   Section       16  rtx_conf_cm.o(.constdata)
    __tagsym$$used                           0x08002c8c   Number         0  rtx_conf_cm.o(.constdata)
    __tagsym$$used                           0x08002c90   Number         0  rtx_conf_cm.o(.constdata)
    __tagsym$$used                           0x08002c94   Number         0  rtx_conf_cm.o(.constdata)
    __tagsym$$used                           0x08002c98   Number         0  rtx_conf_cm.o(.constdata)
    .constdata                               0x08002c9c   Section        2  rtx_conf_cm.o(.constdata)
    .constdata                               0x08002ca0   Section        4  rtx_conf_cm.o(.constdata)
    .constdata                               0x08002ca4   Section        4  rtx_conf_cm.o(.constdata)
    .constdata                               0x08002ca8   Section        1  rtx_conf_cm.o(.constdata)
    .constdata                               0x08002cac   Section       16  rtx_conf_cm.o(.constdata)
    .constdata                               0x08002cbc   Section        8  rtx_conf_cm.o(.constdata)
    .constdata                               0x08002cc4   Section        2  rtx_conf_cm.o(.constdata)
    .constdata                               0x08002cc8   Section       16  rtx_conf_cm.o(.constdata)
    .data                                    0x20000000   Section        1  main.o(.data)
    .data                                    0x20000001   Section        2  uc1601s.o(.data)
    .data                                    0x20000004   Section        4  rtx_conf_cm.o(.data)
    .data                                    0x20000008   Section        4  rtx_conf_cm.o(.data)
    .data                                    0x2000000c   Section        4  rtx_conf_cm.o(.data)
    .data                                    0x20000010   Section       20  system_stm32f10x.o(.data)
    .data                                    0x20000024   Section       20  stm32f10x_rcc.o(.data)
    ADCPrescTable                            0x20000024   Data           4  stm32f10x_rcc.o(.data)
    APBAHBPrescTable                         0x20000028   Data          16  stm32f10x_rcc.o(.data)
    .data                                    0x20000038   Section        8  rt_cmsis.o(.data)
    .data                                    0x20000040   Section        8  rt_task.o(.data)
    .data                                    0x20000048   Section        8  rt_system.o(.data)
    os_lock                                  0x20000048   Data           1  rt_system.o(.data)
    os_psh_flag                              0x20000049   Data           1  rt_system.o(.data)
    pend_flags                               0x2000004a   Data           1  rt_system.o(.data)
    .data                                    0x20000050   Section        4  rt_time.o(.data)
    .data                                    0x20000054   Section        8  rt_robin.o(.data)
    .data                                    0x2000005c   Section        1  hal_cm.o(.data)
    .bss                                     0x20000060   Section       32  rtx_conf_cm.o(.bss)
    .bss                                     0x20000080   Section      376  rtx_conf_cm.o(.bss)
    .bss                                     0x200001f8   Section     1216  rtx_conf_cm.o(.bss)
    .bss                                     0x200006b8   Section      432  rtx_conf_cm.o(.bss)
    .bss                                     0x20000868   Section      132  rtx_conf_cm.o(.bss)
    .bss                                     0x200008ec   Section       28  rtx_conf_cm.o(.bss)
    .bss                                     0x20000908   Section       52  rt_task.o(.bss)
    .bss                                     0x2000093c   Section       48  rt_list.o(.bss)
    .bss                                     0x2000096c   Section       96  libspace.o(.bss)
    HEAP                                     0x200009d0   Section      512  startup_stm32f10x_md_vl.o(HEAP)
    Heap_Mem                                 0x200009d0   Data         512  startup_stm32f10x_md_vl.o(HEAP)
    STACK                                    0x20000bd0   Section     1024  startup_stm32f10x_md_vl.o(STACK)
    Stack_Mem                                0x20000bd0   Data        1024  startup_stm32f10x_md_vl.o(STACK)
    __initial_sp                             0x20000fd0   Data           0  startup_stm32f10x_md_vl.o(STACK)

    Global Symbols

    Symbol Name                              Value     Ov Type        Size  Object(Section)

    BuildAttributes$$THM_ISAv4$P$D$K$B$S$PE$A:L22UL41UL21$X:L11$S22US41US21$IEEE1$IW$USESV6$~STKCKD$USESV7$~SHL$OSPACE$ROPI$EBA8$UX$STANDARDLIB$REQ8$PRES8$EABIv2 0x00000000   Number         0  anon$$obj.o ABSOLUTE
    __ARM_use_no_argv                        0x00000000   Number         0  main.o ABSOLUTE
    __ARM_exceptions_init                     - Undefined Weak Reference
    __alloca_initialize                       - Undefined Weak Reference
    __arm_preinit_                            - Undefined Weak Reference
    __cpp_initialize__aeabi_                  - Undefined Weak Reference
    __cxa_finalize                            - Undefined Weak Reference
    __rt_locale                               - Undefined Weak Reference
    __sigvec_lookup                           - Undefined Weak Reference
    _atexit_init                              - Undefined Weak Reference
    _call_atexit_fns                          - Undefined Weak Reference
    _clock_init                               - Undefined Weak Reference
    _fp_trap_init                             - Undefined Weak Reference
    _fp_trap_shutdown                         - Undefined Weak Reference
    _get_lc_collate                           - Undefined Weak Reference
    _get_lc_ctype                             - Undefined Weak Reference
    _get_lc_monetary                          - Undefined Weak Reference
    _get_lc_numeric                           - Undefined Weak Reference
    _get_lc_time                              - Undefined Weak Reference
    _getenv_init                              - Undefined Weak Reference
    _handle_redirection                       - Undefined Weak Reference
    _init_alloc                               - Undefined Weak Reference
    _init_user_alloc                          - Undefined Weak Reference
    _initio                                   - Undefined Weak Reference
    _rand_init                                - Undefined Weak Reference
    _signal_finish                            - Undefined Weak Reference
    _signal_init                              - Undefined Weak Reference
    _terminate_alloc                          - Undefined Weak Reference
    _terminate_user_alloc                     - Undefined Weak Reference
    _terminateio                              - Undefined Weak Reference
    __Vectors_Size                           0x00000120   Number         0  startup_stm32f10x_md_vl.o ABSOLUTE
    __RL_RTX_VER                             0x00000481   Number         0  rt_system.o ABSOLUTE
    __Vectors                                0x08000000   Data           4  startup_stm32f10x_md_vl.o(RESET)
    __Vectors_End                            0x08000120   Data           0  startup_stm32f10x_md_vl.o(RESET)
    __main                                   0x08000121   Thumb Code     8  __main.o(!!!main)
    __scatterload                            0x08000129   Thumb Code     0  __scatter.o(!!!scatter)
    __scatterload_rt2                        0x08000129   Thumb Code    44  __scatter.o(!!!scatter)
    __scatterload_rt2_thumb_only             0x08000129   Thumb Code     0  __scatter.o(!!!scatter)
    __scatterload_null                       0x08000137   Thumb Code     0  __scatter.o(!!!scatter)
    __scatterload_copy                       0x0800015d   Thumb Code    26  __scatter_copy.o(!!handler_copy)
    __scatterload_zeroinit                   0x08000179   Thumb Code    28  __scatter_zi.o(!!handler_zi)
    __rt_lib_init                            0x08000195   Thumb Code     0  libinit.o(.ARM.Collect$$libinit$$00000000)
    __rt_lib_init_alloca_1                   0x08000197   Thumb Code     0  libinit2.o(.ARM.Collect$$libinit$$0000002E)
    __rt_lib_init_argv_1                     0x08000197   Thumb Code     0  libinit2.o(.ARM.Collect$$libinit$$0000002C)
    __rt_lib_init_atexit_1                   0x08000197   Thumb Code     0  libinit2.o(.ARM.Collect$$libinit$$0000001B)
    __rt_lib_init_clock_1                    0x08000197   Thumb Code     0  libinit2.o(.ARM.Collect$$libinit$$00000021)
    __rt_lib_init_cpp_1                      0x08000197   Thumb Code     0  libinit2.o(.ARM.Collect$$libinit$$00000032)
    __rt_lib_init_exceptions_1               0x08000197   Thumb Code     0  libinit2.o(.ARM.Collect$$libinit$$00000030)
    __rt_lib_init_fp_1                       0x08000197   Thumb Code     0  libinit2.o(.ARM.Collect$$libinit$$00000002)
    __rt_lib_init_fp_trap_1                  0x08000197   Thumb Code     0  libinit2.o(.ARM.Collect$$libinit$$0000001F)
    __rt_lib_init_getenv_1                   0x08000197   Thumb Code     0  libinit2.o(.ARM.Collect$$libinit$$00000023)
    __rt_lib_init_heap_1                     0x08000197   Thumb Code     0  libinit2.o(.ARM.Collect$$libinit$$0000000A)
    __rt_lib_init_lc_collate_1               0x08000197   Thumb Code     0  libinit2.o(.ARM.Collect$$libinit$$00000011)
    __rt_lib_init_lc_ctype_1                 0x08000197   Thumb Code     0  libinit2.o(.ARM.Collect$$libinit$$00000013)
    __rt_lib_init_lc_monetary_1              0x08000197   Thumb Code     0  libinit2.o(.ARM.Collect$$libinit$$00000015)
    __rt_lib_init_lc_numeric_1               0x08000197   Thumb Code     0  libinit2.o(.ARM.Collect$$libinit$$00000017)
    __rt_lib_init_lc_time_1                  0x08000197   Thumb Code     0  libinit2.o(.ARM.Collect$$libinit$$00000019)
    __rt_lib_init_preinit_1                  0x08000197   Thumb Code     0  libinit2.o(.ARM.Collect$$libinit$$00000004)
    __rt_lib_init_rand_1                     0x08000197   Thumb Code     0  libinit2.o(.ARM.Collect$$libinit$$0000000E)
    __rt_lib_init_return                     0x08000197   Thumb Code     0  libinit2.o(.ARM.Collect$$libinit$$00000033)
    __rt_lib_init_signal_1                   0x08000197   Thumb Code     0  libinit2.o(.ARM.Collect$$libinit$$0000001D)
    __rt_lib_init_stdio_1                    0x08000197   Thumb Code     0  libinit2.o(.ARM.Collect$$libinit$$00000025)
    __rt_lib_init_user_alloc_1               0x08000197   Thumb Code     0  libinit2.o(.ARM.Collect$$libinit$$0000000C)
    __rt_lib_shutdown                        0x08000199   Thumb Code     0  libshutdown.o(.ARM.Collect$$libshutdown$$00000000)
    __rt_lib_shutdown_cpp_1                  0x0800019b   Thumb Code     0  libshutdown2.o(.ARM.Collect$$libshutdown$$00000002)
    __rt_lib_shutdown_fp_trap_1              0x0800019b   Thumb Code     0  libshutdown2.o(.ARM.Collect$$libshutdown$$00000007)
    __rt_lib_shutdown_heap_1                 0x0800019b   Thumb Code     0  libshutdown2.o(.ARM.Collect$$libshutdown$$0000000F)
    __rt_lib_shutdown_return                 0x0800019b   Thumb Code     0  libshutdown2.o(.ARM.Collect$$libshutdown$$00000010)
    __rt_lib_shutdown_signal_1               0x0800019b   Thumb Code     0  libshutdown2.o(.ARM.Collect$$libshutdown$$0000000A)
    __rt_lib_shutdown_stdio_1                0x0800019b   Thumb Code     0  libshutdown2.o(.ARM.Collect$$libshutdown$$00000004)
    __rt_lib_shutdown_user_alloc_1           0x0800019b   Thumb Code     0  libshutdown2.o(.ARM.Collect$$libshutdown$$0000000C)
    __rt_entry                               0x0800019d   Thumb Code     0  __rtentry.o(.ARM.Collect$$rtentry$$00000000)
    __rt_entry_presh_1                       0x0800019d   Thumb Code     0  __rtentry2.o(.ARM.Collect$$rtentry$$00000002)
    __rt_entry_sh                            0x0800019d   Thumb Code     0  __rtentry4.o(.ARM.Collect$$rtentry$$00000004)
    __rt_entry_li                            0x080001a3   Thumb Code     0  __rtentry2.o(.ARM.Collect$$rtentry$$0000000A)
    __rt_entry_postsh_1                      0x080001a3   Thumb Code     0  __rtentry2.o(.ARM.Collect$$rtentry$$00000009)
    __rt_entry_postli_1                      0x080001a7   Thumb Code     0  __rtentry2.o(.ARM.Collect$$rtentry$$0000000B)
    __rt_entry_main                          0x080001af   Thumb Code     0  __rtentry2.o(.ARM.Collect$$rtentry$$0000000D)
    __rt_exit                                0x080001b7   Thumb Code     0  rtexit.o(.ARM.Collect$$rtexit$$00000000)
    __rt_exit_ls                             0x080001b9   Thumb Code     0  rtexit2.o(.ARM.Collect$$rtexit$$00000003)
    __rt_exit_prels_1                        0x080001b9   Thumb Code     0  rtexit2.o(.ARM.Collect$$rtexit$$00000002)
    __rt_exit_exit                           0x080001bd   Thumb Code     0  rtexit2.o(.ARM.Collect$$rtexit$$00000004)
    _platform_post_lib_init                  0x080001c5   Thumb Code    24  rtx_conf_cm.o(.emb_text)
    rt_set_PSP                               0x080001e1   Thumb Code     6  hal_cm3.o(.emb_text)
    rt_get_PSP                               0x080001e7   Thumb Code     6  hal_cm3.o(.emb_text)
    os_set_env                               0x080001ed   Thumb Code    24  hal_cm3.o(.emb_text)
    _alloc_box                               0x08000209   Thumb Code    28  hal_cm3.o(.emb_text)
    _free_box                                0x08000229   Thumb Code    28  hal_cm3.o(.emb_text)
    SVC_Handler                              0x08000249   Thumb Code   108  hal_cm3.o(.emb_text)
    PendSV_Handler                           0x080002c1   Thumb Code    56  hal_cm3.o(.emb_text)
    SysTick_Handler                          0x080002fd   Thumb Code     8  hal_cm3.o(.emb_text)
    OS_Tick_Handler                          0x08000305   Thumb Code    12  hal_cm3.o(.emb_text)
    Reset_Handler                            0x08000311   Thumb Code     8  startup_stm32f10x_md_vl.o(.text)
    NMI_Handler                              0x08000319   Thumb Code     2  startup_stm32f10x_md_vl.o(.text)
    HardFault_Handler                        0x0800031b   Thumb Code     2  startup_stm32f10x_md_vl.o(.text)
    MemManage_Handler                        0x0800031d   Thumb Code     2  startup_stm32f10x_md_vl.o(.text)
    BusFault_Handler                         0x0800031f   Thumb Code     2  startup_stm32f10x_md_vl.o(.text)
    UsageFault_Handler                       0x08000321   Thumb Code     2  startup_stm32f10x_md_vl.o(.text)
    DebugMon_Handler                         0x08000325   Thumb Code     2  startup_stm32f10x_md_vl.o(.text)
    ADC1_IRQHandler                          0x0800032b   Thumb Code     0  startup_stm32f10x_md_vl.o(.text)
    CEC_IRQHandler                           0x0800032b   Thumb Code     0  startup_stm32f10x_md_vl.o(.text)
    EXTI0_IRQHandler                         0x0800032b   Thumb Code     0  startup_stm32f10x_md_vl.o(.text)
    EXTI15_10_IRQHandler                     0x0800032b   Thumb Code     0  startup_stm32f10x_md_vl.o(.text)
    EXTI1_IRQHandler                         0x0800032b   Thumb Code     0  startup_stm32f10x_md_vl.o(.text)
    EXTI2_IRQHandler                         0x0800032b   Thumb Code     0  startup_stm32f10x_md_vl.o(.text)
    EXTI3_IRQHandler                         0x0800032b   Thumb Code     0  startup_stm32f10x_md_vl.o(.text)
    EXTI4_IRQHandler                         0x0800032b   Thumb Code     0  startup_stm32f10x_md_vl.o(.text)
    EXTI9_5_IRQHandler                       0x0800032b   Thumb Code     0  startup_stm32f10x_md_vl.o(.text)
    FLASH_IRQHandler                         0x0800032b   Thumb Code     0  startup_stm32f10x_md_vl.o(.text)
    I2C1_ER_IRQHandler                       0x0800032b   Thumb Code     0  startup_stm32f10x_md_vl.o(.text)
    I2C1_EV_IRQHandler                       0x0800032b   Thumb Code     0  startup_stm32f10x_md_vl.o(.text)
    I2C2_ER_IRQHandler                       0x0800032b   Thumb Code     0  startup_stm32f10x_md_vl.o(.text)
    I2C2_EV_IRQHandler                       0x0800032b   Thumb Code     0  startup_stm32f10x_md_vl.o(.text)
    PVD_IRQHandler                           0x0800032b   Thumb Code     0  startup_stm32f10x_md_vl.o(.text)
    RCC_IRQHandler                           0x0800032b   Thumb Code     0  startup_stm32f10x_md_vl.o(.text)
    RTCAlarm_IRQHandler                      0x0800032b   Thumb Code     0  startup_stm32f10x_md_vl.o(.text)
    RTC_IRQHandler                           0x0800032b   Thumb Code     0  startup_stm32f10x_md_vl.o(.text)
    SPI1_IRQHandler                          0x0800032b   Thumb Code     0  startup_stm32f10x_md_vl.o(.text)
    SPI2_IRQHandler                          0x0800032b   Thumb Code     0  startup_stm32f10x_md_vl.o(.text)
    TAMPER_IRQHandler                        0x0800032b   Thumb Code     0  startup_stm32f10x_md_vl.o(.text)
    TIM1_BRK_TIM15_IRQHandler                0x0800032b   Thumb Code     0  startup_stm32f10x_md_vl.o(.text)
    TIM1_CC_IRQHandler                       0x0800032b   Thumb Code     0  startup_stm32f10x_md_vl.o(.text)
    TIM1_TRG_COM_TIM17_IRQHandler            0x0800032b   Thumb Code     0  startup_stm32f10x_md_vl.o(.text)
    TIM1_UP_TIM16_IRQHandler                 0x0800032b   Thumb Code     0  startup_stm32f10x_md_vl.o(.text)
    TIM3_IRQHandler                          0x0800032b   Thumb Code     0  startup_stm32f10x_md_vl.o(.text)
    TIM4_IRQHandler                          0x0800032b   Thumb Code     0  startup_stm32f10x_md_vl.o(.text)
    TIM6_DAC_IRQHandler                      0x0800032b   Thumb Code     0  startup_stm32f10x_md_vl.o(.text)
    TIM7_IRQHandler                          0x0800032b   Thumb Code     0  startup_stm32f10x_md_vl.o(.text)
    USART1_IRQHandler                        0x0800032b   Thumb Code     0  startup_stm32f10x_md_vl.o(.text)
    USART2_IRQHandler                        0x0800032b   Thumb Code     0  startup_stm32f10x_md_vl.o(.text)
    USART3_IRQHandler                        0x0800032b   Thumb Code     0  startup_stm32f10x_md_vl.o(.text)
    WWDG_IRQHandler                          0x0800032b   Thumb Code     0  startup_stm32f10x_md_vl.o(.text)
    __user_initial_stackheap                 0x0800032d   Thumb Code     0  startup_stm32f10x_md_vl.o(.text)
    __user_libspace                          0x08000351   Thumb Code     8  libspace.o(.text)
    __user_perproc_libspace                  0x08000351   Thumb Code     0  libspace.o(.text)
    exit                                     0x08000359   Thumb Code    18  exit.o(.text)
    __use_two_region_memory                  0x0800036b   Thumb Code     2  heapauxi.o(.text)
    __rt_heap_escrow$2region                 0x0800036d   Thumb Code     2  heapauxi.o(.text)
    __rt_heap_expand$2region                 0x0800036f   Thumb Code     2  heapauxi.o(.text)
    _sys_exit                                0x08000371   Thumb Code     8  sys_exit.o(.text)
    __user_setup_stackheap                   0x0800037d   Thumb Code    74  sys_stackheap_outer.o(.text)
    __I$use$semihosting                      0x080003c7   Thumb Code     0  use_no_semi.o(.text)
    __use_no_semihosting_swi                 0x080003c7   Thumb Code     2  use_no_semi.o(.text)
    SVC_Count                                0x080003c8   Data           4  svc_table.o(SVC_TABLE)
    __semihosting_library_function           0x080003c9   Thumb Code     0  indicate_semi.o(.text)
    DMA1_Channel1_Event                      0x080003cd   Thumb Code     2  dma_stm32f10x.o(i.DMA1_Channel1_Event)
    SVC_Table                                0x080003cc   Data           0  svc_table.o(SVC_TABLE)
    DMA1_Channel1_IRQHandler                 0x080003d1   Thumb Code    18  dma_stm32f10x.o(i.DMA1_Channel1_IRQHandler)
    DMA1_Channel2_Event                      0x080003e9   Thumb Code     2  dma_stm32f10x.o(i.DMA1_Channel2_Event)
    DMA1_Channel2_IRQHandler                 0x080003ed   Thumb Code    20  dma_stm32f10x.o(i.DMA1_Channel2_IRQHandler)
    DMA1_Channel3_Event                      0x08000405   Thumb Code     2  dma_stm32f10x.o(i.DMA1_Channel3_Event)
    DMA1_Channel3_IRQHandler                 0x08000409   Thumb Code    20  dma_stm32f10x.o(i.DMA1_Channel3_IRQHandler)
    DMA1_Channel4_Event                      0x08000421   Thumb Code     2  dma_stm32f10x.o(i.DMA1_Channel4_Event)
    DMA1_Channel4_IRQHandler                 0x08000425   Thumb Code    20  dma_stm32f10x.o(i.DMA1_Channel4_IRQHandler)
    DMA1_Channel5_Event                      0x0800043d   Thumb Code     2  dma_stm32f10x.o(i.DMA1_Channel5_Event)
    DMA1_Channel5_IRQHandler                 0x08000441   Thumb Code    20  dma_stm32f10x.o(i.DMA1_Channel5_IRQHandler)
    DMA1_Channel6_Event                      0x08000459   Thumb Code     2  dma_stm32f10x.o(i.DMA1_Channel6_Event)
    DMA1_Channel6_IRQHandler                 0x0800045d   Thumb Code    20  dma_stm32f10x.o(i.DMA1_Channel6_IRQHandler)
    DMA1_Channel7_Event                      0x08000475   Thumb Code     2  dma_stm32f10x.o(i.DMA1_Channel7_Event)
    DMA1_Channel7_IRQHandler                 0x08000479   Thumb Code    20  dma_stm32f10x.o(i.DMA1_Channel7_IRQHandler)
    GPIO_Init                                0x08000491   Thumb Code   156  stm32f10x_gpio.o(i.GPIO_Init)
    GPIO_ResetBits                           0x0800052d   Thumb Code     4  stm32f10x_gpio.o(i.GPIO_ResetBits)
    GPIO_SetBits                             0x08000531   Thumb Code     4  stm32f10x_gpio.o(i.GPIO_SetBits)
    I2C_Cmd                                  0x08000545   Thumb Code    20  stm32f10x_i2c.o(i.I2C_Cmd)
    I2C_Init                                 0x08000559   Thumb Code   178  stm32f10x_i2c.o(i.I2C_Init)
    I2C_LowLevel_Init                        0x08000615   Thumb Code   136  i2c.o(i.I2C_LowLevel_Init)
    I2C_RdBuf                                0x080006a9   Thumb Code   208  i2c.o(i.I2C_RdBuf)
    I2C_WrBuf                                0x080007ad   Thumb Code    72  i2c.o(i.I2C_WrBuf)
    Init_Thread                              0x080007f9   Thumb Code    22  main.o(i.Init_Thread)
    LCD_clear                                0x08000815   Thumb Code    50  uc1601s.o(i.LCD_clear)
    LCD_cursor                               0x0800084d   Thumb Code    66  uc1601s.o(i.LCD_cursor)
    LCD_init                                 0x08000895   Thumb Code   122  uc1601s.o(i.LCD_init)
    LCD_line                                 0x08000921   Thumb Code   186  uc1601s.o(i.LCD_line)
    LCD_pixel                                0x080009db   Thumb Code   138  uc1601s.o(i.LCD_pixel)
    LCD_rect                                 0x08000a65   Thumb Code   912  uc1601s.o(i.LCD_rect)
    LCD_string                               0x08000df5   Thumb Code    82  uc1601s.o(i.LCD_string)
    LCD_symbol                               0x08000e49   Thumb Code   590  uc1601s.o(i.LCD_symbol)
    RCC_APB1PeriphClockCmd                   0x080010a9   Thumb Code    18  stm32f10x_rcc.o(i.RCC_APB1PeriphClockCmd)
    RCC_APB1PeriphResetCmd                   0x080010c1   Thumb Code    18  stm32f10x_rcc.o(i.RCC_APB1PeriphResetCmd)
    RCC_APB2PeriphClockCmd                   0x080010d9   Thumb Code    18  stm32f10x_rcc.o(i.RCC_APB2PeriphClockCmd)
    RCC_GetClocksFreq                        0x080010f1   Thumb Code   138  stm32f10x_rcc.o(i.RCC_GetClocksFreq)
    SystemInit                               0x08001215   Thumb Code    68  system_stm32f10x.o(i.SystemInit)
    TIM2_IRQHandler                          0x08001269   Thumb Code   304  main.o(i.TIM2_IRQHandler)
    TIM_ClearITPendingBit                    0x080013c5   Thumb Code     6  stm32f10x_tim.o(i.TIM_ClearITPendingBit)
    Thread_LCD                               0x080013cd   Thumb Code    58  main.o(i.Thread_LCD)
    _init_box                                0x08001469   Thumb Code    70  rt_membox.o(i._init_box)
    _mutex_acquire                           0x080014b1   Thumb Code    22  rtx_conf_cm.o(i._mutex_acquire)
    _mutex_release                           0x080014d1   Thumb Code    18  rtx_conf_cm.o(i._mutex_release)
    dbg_init                                 0x080014ed   Thumb Code    34  hal_cm.o(i.dbg_init)
    dbg_task_notify                          0x0800151d   Thumb Code    32  hal_cm.o(i.dbg_task_notify)
    dbg_task_switch                          0x0800153d   Thumb Code    16  hal_cm.o(i.dbg_task_switch)
    isrMessageGet                            0x0800154d   Thumb Code    42  rt_cmsis.o(i.isrMessageGet)
    isrMessagePut                            0x08001577   Thumb Code    44  rt_cmsis.o(i.isrMessagePut)
    isr_mbx_receive                          0x080015a5   Thumb Code    86  rt_mailbox.o(i.isr_mbx_receive)
    isr_mbx_send                             0x080015fb   Thumb Code    14  rt_mailbox.o(i.isr_mbx_send)
    main                                     0x08001609   Thumb Code    16  main.o(i.main)
    osDelay                                  0x08001619   Thumb Code    18  rt_cmsis.o(i.osDelay)
    osKernelInitialize                       0x08001631   Thumb Code    30  rt_cmsis.o(i.osKernelInitialize)
    osKernelRunning                          0x08001655   Thumb Code    28  rt_cmsis.o(i.osKernelRunning)
    osKernelStart                            0x08001679   Thumb Code    98  rt_cmsis.o(i.osKernelStart)
    osMessageGet                             0x080016e5   Thumb Code    18  rt_cmsis.o(i.osMessageGet)
    osThreadCreate                           0x080016fd   Thumb Code    38  rt_cmsis.o(i.osThreadCreate)
    osThreadExit                             0x0800172d   Thumb Code    14  rt_cmsis.o(i.osThreadExit)
    osTimerCall                              0x08001745   Thumb Code     8  rt_cmsis.o(i.osTimerCall)
    osTimerThread                            0x08001751   Thumb Code    38  rt_cmsis.o(i.osTimerThread)
    os_error                                 0x0800177d   Thumb Code     2  rtx_conf_cm.o(i.os_error)
    os_idle_demon                            0x0800177f   Thumb Code     2  rtx_conf_cm.o(i.os_idle_demon)
    os_tick_init                             0x08001781   Thumb Code    32  rt_system.o(i.os_tick_init)
    os_tick_irqack                           0x080017a9   Thumb Code     2  rt_system.o(i.os_tick_irqack)
    rt_alloc_box                             0x080017ab   Thumb Code    26  rt_membox.o(i.rt_alloc_box)
    rt_alloc_mem                             0x080017c5   Thumb Code    62  rt_memory.o(i.rt_alloc_mem)
    rt_block                                 0x08001805   Thumb Code    48  rt_task.o(i.rt_block)
    rt_chk_robin                             0x0800183d   Thumb Code    60  rt_robin.o(i.rt_chk_robin)
    rt_dec_dly                               0x08001885   Thumb Code   102  rt_list.o(i.rt_dec_dly)
    rt_dispatch                              0x080018f5   Thumb Code    60  rt_task.o(i.rt_dispatch)
    rt_dly_wait                              0x08001939   Thumb Code     6  rt_time.o(i.rt_dly_wait)
    rt_evt_psh                               0x08001941   Thumb Code    76  rt_event.o(i.rt_evt_psh)
    rt_free_box                              0x08001991   Thumb Code    44  rt_membox.o(i.rt_free_box)
    rt_free_mem                              0x080019bd   Thumb Code    40  rt_memory.o(i.rt_free_mem)
    rt_get_first                             0x080019e5   Thumb Code    40  rt_list.o(i.rt_get_first)
    rt_init_mem                              0x08001a5d   Thumb Code    26  rt_memory.o(i.rt_init_mem)
    rt_init_robin                            0x08001a79   Thumb Code    14  rt_robin.o(i.rt_init_robin)
    rt_init_stack                            0x08001a91   Thumb Code   118  hal_cm.o(i.rt_init_stack)
    rt_mbx_check                             0x08001b11   Thumb Code     8  rt_mailbox.o(i.rt_mbx_check)
    rt_mbx_init                              0x08001b19   Thumb Code    26  rt_mailbox.o(i.rt_mbx_init)
    rt_mbx_psh                               0x08001b35   Thumb Code   236  rt_mailbox.o(i.rt_mbx_psh)
    rt_mbx_wait                              0x08001c25   Thumb Code   174  rt_mailbox.o(i.rt_mbx_wait)
    rt_mut_release                           0x08001d1d   Thumb Code   208  rt_mutex.o(i.rt_mut_release)
    rt_mut_wait                              0x08001df5   Thumb Code   100  rt_mutex.o(i.rt_mut_wait)
    rt_pop_req                               0x08001e5d   Thumb Code   112  rt_system.o(i.rt_pop_req)
    rt_psh_req                               0x08001ed9   Thumb Code    22  rt_system.o(i.rt_psh_req)
    rt_psq_enq                               0x08001ef9   Thumb Code    88  rt_list.o(i.rt_psq_enq)
    rt_put_dly                               0x08001f55   Thumb Code    68  rt_list.o(i.rt_put_dly)
    rt_put_prio                              0x08001f9d   Thumb Code    54  rt_list.o(i.rt_put_prio)
    rt_put_rdy_first                         0x08001fd5   Thumb Code    14  rt_list.o(i.rt_put_rdy_first)
    rt_resort_prio                           0x08001fe9   Thumb Code    46  rt_list.o(i.rt_resort_prio)
    rt_ret_val                               0x0800201d   Thumb Code     6  hal_cm.o(i.rt_ret_val)
    rt_ret_val2                              0x08002023   Thumb Code     8  hal_cm.o(i.rt_ret_val2)
    rt_rmv_dly                               0x0800202b   Thumb Code    40  rt_list.o(i.rt_rmv_dly)
    rt_rmv_list                              0x08002055   Thumb Code    44  rt_list.o(i.rt_rmv_list)
    rt_sem_psh                               0x08002085   Thumb Code    48  rt_semaphore.o(i.rt_sem_psh)
    rt_stk_check                             0x080020b9   Thumb Code    28  rt_system.o(i.rt_stk_check)
    rt_switch_req                            0x080020dd   Thumb Code    30  rt_task.o(i.rt_switch_req)
    rt_sys_init                              0x08002105   Thumb Code   138  rt_task.o(i.rt_sys_init)
    rt_sys_start                             0x080021d1   Thumb Code   110  rt_task.o(i.rt_sys_start)
    rt_systick                               0x08002249   Thumb Code    50  rt_system.o(i.rt_systick)
    rt_tsk_create                            0x080022d1   Thumb Code   118  rt_task.o(i.rt_tsk_create)
    rt_tsk_delete                            0x08002359   Thumb Code   352  rt_task.o(i.rt_tsk_delete)
    rt_tsk_prio                              0x080024d5   Thumb Code   108  rt_task.o(i.rt_tsk_prio)
    rt_tsk_self                              0x08002551   Thumb Code    12  rt_task.o(i.rt_tsk_self)
    svcDelay                                 0x08002561   Thumb Code    18  rt_cmsis.o(i.svcDelay)
    svcKernelInitialize                      0x08002575   Thumb Code    80  rt_cmsis.o(i.svcKernelInitialize)
    svcKernelRunning                         0x080025e5   Thumb Code     6  rt_cmsis.o(i.svcKernelRunning)
    svcKernelStart                           0x080025f1   Thumb Code    62  rt_cmsis.o(i.svcKernelStart)
    svcMessageCreate                         0x08002639   Thumb Code    36  rt_cmsis.o(i.svcMessageCreate)
    svcMessageGet                            0x0800265d   Thumb Code    58  rt_cmsis.o(i.svcMessageGet)
    svcThreadCreate                          0x08002699   Thumb Code   100  rt_cmsis.o(i.svcThreadCreate)
    svcThreadGetId                           0x08002709   Thumb Code    22  rt_cmsis.o(i.svcThreadGetId)
    svcThreadTerminate                       0x08002725   Thumb Code    50  rt_cmsis.o(i.svcThreadTerminate)
    svcTimerCall                             0x0800275d   Thumb Code    24  rt_cmsis.o(i.svcTimerCall)
    sysTimerTick                             0x08002775   Thumb Code    84  rt_cmsis.o(i.sysTimerTick)
    tool_delay_ms                            0x080027d1   Thumb Code    32  tools.o(i.tool_delay_ms)
    tool_strlen                              0x080027f5   Thumb Code    18  tools.o(i.tool_strlen)
    os_thread_def_Thread_LCD                 0x08002808   Data          16  main.o(.constdata)
    chargen                                  0x08002818   Data        1120  uc1601s.o(.constdata)
    os_maxtaskrun                            0x08002c78   Data           2  rtx_conf_cm.o(.constdata)
    os_stackinfo                             0x08002c7c   Data           4  rtx_conf_cm.o(.constdata)
    os_rrobin                                0x08002c80   Data           4  rtx_conf_cm.o(.constdata)
    os_trv                                   0x08002c84   Data           4  rtx_conf_cm.o(.constdata)
    os_flags                                 0x08002c88   Data           1  rtx_conf_cm.o(.constdata)
    CMSIS_RTOS_API_Version                   0x08002c8c   Data           4  rtx_conf_cm.o(.constdata)
    CMSIS_RTOS_RTX_Version                   0x08002c90   Data           4  rtx_conf_cm.o(.constdata)
    os_clockrate                             0x08002c94   Data           4  rtx_conf_cm.o(.constdata)
    os_timernum                              0x08002c98   Data           4  rtx_conf_cm.o(.constdata)
    mp_tcb_size                              0x08002c9c   Data           2  rtx_conf_cm.o(.constdata)
    mp_stk_size                              0x08002ca0   Data           4  rtx_conf_cm.o(.constdata)
    os_stack_sz                              0x08002ca4   Data           4  rtx_conf_cm.o(.constdata)
    os_fifo_size                             0x08002ca8   Data           1  rtx_conf_cm.o(.constdata)
    os_thread_def_osTimerThread              0x08002cac   Data          16  rtx_conf_cm.o(.constdata)
    os_messageQ_def_osTimerMessageQ          0x08002cbc   Data           8  rtx_conf_cm.o(.constdata)
    mp_tmr_size                              0x08002cc4   Data           2  rtx_conf_cm.o(.constdata)
    os_thread_def_main                       0x08002cc8   Data          16  rtx_conf_cm.o(.constdata)
    Region$$Table$$Base                      0x08002cd8   Number         0  anon$$obj.o(Region$$Table)
    Region$$Table$$Limit                     0x08002cf8   Number         0  anon$$obj.o(Region$$Table)
    i                                        0x20000000   Data           1  main.o(.data)
    cursorX                                  0x20000001   Data           1  uc1601s.o(.data)
    cursorY                                  0x20000002   Data           1  uc1601s.o(.data)
    m_tmr                                    0x20000004   Data           4  rtx_conf_cm.o(.data)
    osThreadId_osTimerThread                 0x20000008   Data           4  rtx_conf_cm.o(.data)
    osMessageQId_osTimerMessageQ             0x2000000c   Data           4  rtx_conf_cm.o(.data)
    SystemCoreClock                          0x20000010   Data           4  system_stm32f10x.o(.data)
    AHBPrescTable                            0x20000014   Data          16  system_stm32f10x.o(.data)
    os_initialized                           0x20000038   Data           1  rt_cmsis.o(.data)
    os_running                               0x20000039   Data           1  rt_cmsis.o(.data)
    os_timer_head                            0x2000003c   Data           4  rt_cmsis.o(.data)
    os_tsk                                   0x20000040   Data           8  rt_task.o(.data)
    os_tick_irqn                             0x2000004c   Data           4  rt_system.o(.data)
    os_time                                  0x20000050   Data           4  rt_time.o(.data)
    os_robin                                 0x20000054   Data           8  rt_robin.o(.data)
    dbg_msg                                  0x2000005c   Data           1  hal_cm.o(.data)
    os_messageQ_q_osTimerMessageQ            0x20000060   Data          32  rtx_conf_cm.o(.bss)
    mp_tcb                                   0x20000080   Data         376  rtx_conf_cm.o(.bss)
    mp_stk                                   0x200001f8   Data        1216  rtx_conf_cm.o(.bss)
    os_stack_mem                             0x200006b8   Data         432  rtx_conf_cm.o(.bss)
    os_fifo                                  0x20000868   Data         132  rtx_conf_cm.o(.bss)
    os_active_TCB                            0x200008ec   Data          28  rtx_conf_cm.o(.bss)
    os_idle_TCB                              0x20000908   Data          52  rt_task.o(.bss)
    os_rdy                                   0x2000093c   Data          24  rt_list.o(.bss)
    os_dly                                   0x20000954   Data          24  rt_list.o(.bss)
    __libspace_start                         0x2000096c   Data          96  libspace.o(.bss)
    __temporary_stack_top$libspace           0x200009cc   Data           0  libspace.o(.bss)



==============================================================================

Memory Map of the image

  Image Entry point : 0x08000121

  Load Region LR_IROM1 (Base: 0x08000000, Size: 0x00002d58, Max: 0x00020000, ABSOLUTE)

    Execution Region ER_IROM1 (Base: 0x08000000, Size: 0x00002cf8, Max: 0x00020000, ABSOLUTE)

    Base Addr    Size         Type   Attr      Idx    E Section Name        Object

    0x08000000   0x00000120   Data   RO          449    RESET               startup_stm32f10x_md_vl.o
    0x08000120   0x00000008   Code   RO         3347  * !!!main             c_w.l(__main.o)
    0x08000128   0x00000034   Code   RO         3508    !!!scatter          c_w.l(__scatter.o)
    0x0800015c   0x0000001a   Code   RO         3510    !!handler_copy      c_w.l(__scatter_copy.o)
    0x08000176   0x00000002   PAD
    0x08000178   0x0000001c   Code   RO         3512    !!handler_zi        c_w.l(__scatter_zi.o)
    0x08000194   0x00000002   Code   RO         3394    .ARM.Collect$$libinit$$00000000  c_w.l(libinit.o)
    0x08000196   0x00000000   Code   RO         3406    .ARM.Collect$$libinit$$00000002  c_w.l(libinit2.o)
    0x08000196   0x00000000   Code   RO         3408    .ARM.Collect$$libinit$$00000004  c_w.l(libinit2.o)
    0x08000196   0x00000000   Code   RO         3411    .ARM.Collect$$libinit$$0000000A  c_w.l(libinit2.o)
    0x08000196   0x00000000   Code   RO         3413    .ARM.Collect$$libinit$$0000000C  c_w.l(libinit2.o)
    0x08000196   0x00000000   Code   RO         3415    .ARM.Collect$$libinit$$0000000E  c_w.l(libinit2.o)
    0x08000196   0x00000000   Code   RO         3418    .ARM.Collect$$libinit$$00000011  c_w.l(libinit2.o)
    0x08000196   0x00000000   Code   RO         3420    .ARM.Collect$$libinit$$00000013  c_w.l(libinit2.o)
    0x08000196   0x00000000   Code   RO         3422    .ARM.Collect$$libinit$$00000015  c_w.l(libinit2.o)
    0x08000196   0x00000000   Code   RO         3424    .ARM.Collect$$libinit$$00000017  c_w.l(libinit2.o)
    0x08000196   0x00000000   Code   RO         3426    .ARM.Collect$$libinit$$00000019  c_w.l(libinit2.o)
    0x08000196   0x00000000   Code   RO         3428    .ARM.Collect$$libinit$$0000001B  c_w.l(libinit2.o)
    0x08000196   0x00000000   Code   RO         3430    .ARM.Collect$$libinit$$0000001D  c_w.l(libinit2.o)
    0x08000196   0x00000000   Code   RO         3432    .ARM.Collect$$libinit$$0000001F  c_w.l(libinit2.o)
    0x08000196   0x00000000   Code   RO         3434    .ARM.Collect$$libinit$$00000021  c_w.l(libinit2.o)
    0x08000196   0x00000000   Code   RO         3436    .ARM.Collect$$libinit$$00000023  c_w.l(libinit2.o)
    0x08000196   0x00000000   Code   RO         3438    .ARM.Collect$$libinit$$00000025  c_w.l(libinit2.o)
    0x08000196   0x00000000   Code   RO         3442    .ARM.Collect$$libinit$$0000002C  c_w.l(libinit2.o)
    0x08000196   0x00000000   Code   RO         3444    .ARM.Collect$$libinit$$0000002E  c_w.l(libinit2.o)
    0x08000196   0x00000000   Code   RO         3446    .ARM.Collect$$libinit$$00000030  c_w.l(libinit2.o)
    0x08000196   0x00000000   Code   RO         3448    .ARM.Collect$$libinit$$00000032  c_w.l(libinit2.o)
    0x08000196   0x00000002   Code   RO         3449    .ARM.Collect$$libinit$$00000033  c_w.l(libinit2.o)
    0x08000198   0x00000002   Code   RO         3395    .ARM.Collect$$libshutdown$$00000000  c_w.l(libshutdown.o)
    0x0800019a   0x00000000   Code   RO         3451    .ARM.Collect$$libshutdown$$00000002  c_w.l(libshutdown2.o)
    0x0800019a   0x00000000   Code   RO         3453    .ARM.Collect$$libshutdown$$00000004  c_w.l(libshutdown2.o)
    0x0800019a   0x00000000   Code   RO         3456    .ARM.Collect$$libshutdown$$00000007  c_w.l(libshutdown2.o)
    0x0800019a   0x00000000   Code   RO         3459    .ARM.Collect$$libshutdown$$0000000A  c_w.l(libshutdown2.o)
    0x0800019a   0x00000000   Code   RO         3461    .ARM.Collect$$libshutdown$$0000000C  c_w.l(libshutdown2.o)
    0x0800019a   0x00000000   Code   RO         3464    .ARM.Collect$$libshutdown$$0000000F  c_w.l(libshutdown2.o)
    0x0800019a   0x00000002   Code   RO         3465    .ARM.Collect$$libshutdown$$00000010  c_w.l(libshutdown2.o)
    0x0800019c   0x00000000   Code   RO         3349    .ARM.Collect$$rtentry$$00000000  c_w.l(__rtentry.o)
    0x0800019c   0x00000000   Code   RO         3357    .ARM.Collect$$rtentry$$00000002  c_w.l(__rtentry2.o)
    0x0800019c   0x00000006   Code   RO         3369    .ARM.Collect$$rtentry$$00000004  c_w.l(__rtentry4.o)
    0x080001a2   0x00000000   Code   RO         3359    .ARM.Collect$$rtentry$$00000009  c_w.l(__rtentry2.o)
    0x080001a2   0x00000004   Code   RO         3360    .ARM.Collect$$rtentry$$0000000A  c_w.l(__rtentry2.o)
    0x080001a6   0x00000008   Code   RO         3361    .ARM.Collect$$rtentry$$0000000B  c_w.l(__rtentry2.o)
    0x080001ae   0x00000008   Code   RO         3363    .ARM.Collect$$rtentry$$0000000D  c_w.l(__rtentry2.o)
    0x080001b6   0x00000002   Code   RO         3350    .ARM.Collect$$rtexit$$00000000  c_w.l(rtexit.o)
    0x080001b8   0x00000000   Code   RO         3372    .ARM.Collect$$rtexit$$00000002  c_w.l(rtexit2.o)
    0x080001b8   0x00000004   Code   RO         3373    .ARM.Collect$$rtexit$$00000003  c_w.l(rtexit2.o)
    0x080001bc   0x00000006   Code   RO         3374    .ARM.Collect$$rtexit$$00000004  c_w.l(rtexit2.o)
    0x080001c2   0x00000002   PAD
    0x080001c4   0x0000001c   Code   RO          360    .emb_text           rtx_conf_cm.o
    0x080001e0   0x00000130   Code   RO         3323    .emb_text           RTX_CM3.lib(hal_cm3.o)
    0x08000310   0x00000040   Code   RO          450    .text               startup_stm32f10x_md_vl.o
    0x08000350   0x00000008   Code   RO         3338    .text               c_w.l(libspace.o)
    0x08000358   0x00000012   Code   RO         3343    .text               c_w.l(exit.o)
    0x0800036a   0x00000006   Code   RO         3345    .text               c_w.l(heapauxi.o)
    0x08000370   0x0000000c   Code   RO         3380    .text               c_w.l(sys_exit.o)
    0x0800037c   0x0000004a   Code   RO         3382    .text               c_w.l(sys_stackheap_outer.o)
    0x080003c6   0x00000002   Code   RO         3396    .text               c_w.l(use_no_semi.o)
    0x080003c8   0x00000000   Code   RO         3398    .text               c_w.l(indicate_semi.o)
    0x080003c8   0x00000004   Code   RO         3333    SVC_TABLE           RTX_CM3.lib(svc_table.o)
    0x080003cc   0x00000002   Code   RO         1927    i.DMA1_Channel1_Event  dma_stm32f10x.o
    0x080003ce   0x00000002   PAD
    0x080003d0   0x00000018   Code   RO         1928    i.DMA1_Channel1_IRQHandler  dma_stm32f10x.o
    0x080003e8   0x00000002   Code   RO         1929    i.DMA1_Channel2_Event  dma_stm32f10x.o
    0x080003ea   0x00000002   PAD
    0x080003ec   0x00000018   Code   RO         1930    i.DMA1_Channel2_IRQHandler  dma_stm32f10x.o
    0x08000404   0x00000002   Code   RO         1931    i.DMA1_Channel3_Event  dma_stm32f10x.o
    0x08000406   0x00000002   PAD
    0x08000408   0x00000018   Code   RO         1932    i.DMA1_Channel3_IRQHandler  dma_stm32f10x.o
    0x08000420   0x00000002   Code   RO         1933    i.DMA1_Channel4_Event  dma_stm32f10x.o
    0x08000422   0x00000002   PAD
    0x08000424   0x00000018   Code   RO         1934    i.DMA1_Channel4_IRQHandler  dma_stm32f10x.o
    0x0800043c   0x00000002   Code   RO         1935    i.DMA1_Channel5_Event  dma_stm32f10x.o
    0x0800043e   0x00000002   PAD
    0x08000440   0x00000018   Code   RO         1936    i.DMA1_Channel5_IRQHandler  dma_stm32f10x.o
    0x08000458   0x00000002   Code   RO         1937    i.DMA1_Channel6_Event  dma_stm32f10x.o
    0x0800045a   0x00000002   PAD
    0x0800045c   0x00000018   Code   RO         1938    i.DMA1_Channel6_IRQHandler  dma_stm32f10x.o
    0x08000474   0x00000002   Code   RO         1939    i.DMA1_Channel7_Event  dma_stm32f10x.o
    0x08000476   0x00000002   PAD
    0x08000478   0x00000018   Code   RO         1940    i.DMA1_Channel7_IRQHandler  dma_stm32f10x.o
    0x08000490   0x0000009c   Code   RO          636    i.GPIO_Init         stm32f10x_gpio.o
    0x0800052c   0x00000004   Code   RO          643    i.GPIO_ResetBits    stm32f10x_gpio.o
    0x08000530   0x00000004   Code   RO          644    i.GPIO_SetBits      stm32f10x_gpio.o
    0x08000534   0x00000010   Code   RO            4    i.I2C_Addr          i2c.o
    0x08000544   0x00000014   Code   RO          762    i.I2C_Cmd           stm32f10x_i2c.o
    0x08000558   0x000000bc   Code   RO          776    i.I2C_Init          stm32f10x_i2c.o
    0x08000614   0x00000094   Code   RO            6    i.I2C_LowLevel_Init  i2c.o
    0x080006a8   0x000000d4   Code   RO            7    i.I2C_RdBuf         i2c.o
    0x0800077c   0x0000001c   Code   RO            9    i.I2C_Read          i2c.o
    0x08000798   0x00000014   Code   RO           10    i.I2C_Start         i2c.o
    0x080007ac   0x0000004c   Code   RO           11    i.I2C_WrBuf         i2c.o
    0x080007f8   0x0000001c   Code   RO          187    i.Init_Thread       main.o
    0x08000814   0x00000038   Code   RO          286    i.LCD_clear         uc1601s.o
    0x0800084c   0x00000048   Code   RO          287    i.LCD_cursor        uc1601s.o
    0x08000894   0x0000008c   Code   RO          289    i.LCD_init          uc1601s.o
    0x08000920   0x000000ba   Code   RO          290    i.LCD_line          uc1601s.o
    0x080009da   0x0000008a   Code   RO          291    i.LCD_pixel         uc1601s.o
    0x08000a64   0x00000390   Code   RO          292    i.LCD_rect          uc1601s.o
    0x08000df4   0x00000052   Code   RO          293    i.LCD_string        uc1601s.o
    0x08000e46   0x00000002   PAD
    0x08000e48   0x00000260   Code   RO          294    i.LCD_symbol        uc1601s.o
    0x080010a8   0x00000018   Code   RO          974    i.RCC_APB1PeriphClockCmd  stm32f10x_rcc.o
    0x080010c0   0x00000018   Code   RO          975    i.RCC_APB1PeriphResetCmd  stm32f10x_rcc.o
    0x080010d8   0x00000018   Code   RO          976    i.RCC_APB2PeriphClockCmd  stm32f10x_rcc.o
    0x080010f0   0x0000009c   Code   RO          984    i.RCC_GetClocksFreq  stm32f10x_rcc.o
    0x0800118c   0x00000088   Code   RO          457    i.SetSysClockTo24   system_stm32f10x.o
    0x08001214   0x00000054   Code   RO          459    i.SystemInit        system_stm32f10x.o
    0x08001268   0x0000015c   Code   RO          188    i.TIM2_IRQHandler   main.o
    0x080013c4   0x00000006   Code   RO         1199    i.TIM_ClearITPendingBit  stm32f10x_tim.o
    0x080013ca   0x00000002   PAD
    0x080013cc   0x00000058   Code   RO          189    i.Thread_LCD        main.o
    0x08001424   0x00000020   Code   RO           12    i.WaitLineIdle      i2c.o
    0x08001444   0x00000024   Code   RO           13    i.WaitSR1FlagsSet   i2c.o
    0x08001468   0x00000046   Code   RO         3222    i._init_box         RTX_CM3.lib(rt_membox.o)
    0x080014ae   0x00000002   PAD
    0x080014b0   0x00000020   Code   RO          362    i._mutex_acquire    rtx_conf_cm.o
    0x080014d0   0x0000001c   Code   RO          364    i._mutex_release    rtx_conf_cm.o
    0x080014ec   0x00000030   Code   RO         3275    i.dbg_init          RTX_CM3.lib(hal_cm.o)
    0x0800151c   0x00000020   Code   RO         3276    i.dbg_task_notify   RTX_CM3.lib(hal_cm.o)
    0x0800153c   0x00000010   Code   RO         3277    i.dbg_task_switch   RTX_CM3.lib(hal_cm.o)
    0x0800154c   0x0000002a   Code   RO         2128    i.isrMessageGet     RTX_CM3.lib(rt_cmsis.o)
    0x08001576   0x0000002c   Code   RO         2129    i.isrMessagePut     RTX_CM3.lib(rt_cmsis.o)
    0x080015a2   0x00000002   PAD
    0x080015a4   0x00000056   Code   RO         3077    i.isr_mbx_receive   RTX_CM3.lib(rt_mailbox.o)
    0x080015fa   0x0000000e   Code   RO         3078    i.isr_mbx_send      RTX_CM3.lib(rt_mailbox.o)
    0x08001608   0x00000010   Code   RO          190    i.main              main.o
    0x08001618   0x00000018   Code   RO         2132    i.osDelay           RTX_CM3.lib(rt_cmsis.o)
    0x08001630   0x00000024   Code   RO         2133    i.osKernelInitialize  RTX_CM3.lib(rt_cmsis.o)
    0x08001654   0x00000024   Code   RO         2134    i.osKernelRunning   RTX_CM3.lib(rt_cmsis.o)
    0x08001678   0x0000006c   Code   RO         2135    i.osKernelStart     RTX_CM3.lib(rt_cmsis.o)
    0x080016e4   0x00000018   Code   RO         2144    i.osMessageGet      RTX_CM3.lib(rt_cmsis.o)
    0x080016fc   0x00000030   Code   RO         2161    i.osThreadCreate    RTX_CM3.lib(rt_cmsis.o)
    0x0800172c   0x00000018   Code   RO         2162    i.osThreadExit      RTX_CM3.lib(rt_cmsis.o)
    0x08001744   0x0000000c   Code   RO         2168    i.osTimerCall       RTX_CM3.lib(rt_cmsis.o)
    0x08001750   0x0000002c   Code   RO         2173    i.osTimerThread     RTX_CM3.lib(rt_cmsis.o)
    0x0800177c   0x00000002   Code   RO          365    i.os_error          rtx_conf_cm.o
    0x0800177e   0x00000002   Code   RO          366    i.os_idle_demon     rtx_conf_cm.o
    0x08001780   0x00000028   Code   RO         2869    i.os_tick_init      RTX_CM3.lib(rt_system.o)
    0x080017a8   0x00000002   Code   RO         2870    i.os_tick_irqack    RTX_CM3.lib(rt_system.o)
    0x080017aa   0x0000001a   Code   RO         3223    i.rt_alloc_box      RTX_CM3.lib(rt_membox.o)
    0x080017c4   0x0000003e   Code   RO         3251    i.rt_alloc_mem      RTX_CM3.lib(rt_memory.o)
    0x08001802   0x00000002   PAD
    0x08001804   0x00000038   Code   RO         2750    i.rt_block          RTX_CM3.lib(rt_task.o)
    0x0800183c   0x00000048   Code   RO         3200    i.rt_chk_robin      RTX_CM3.lib(rt_robin.o)
    0x08001884   0x00000070   Code   RO         3001    i.rt_dec_dly        RTX_CM3.lib(rt_list.o)
    0x080018f4   0x00000044   Code   RO         2751    i.rt_dispatch       RTX_CM3.lib(rt_task.o)
    0x08001938   0x00000006   Code   RO         3167    i.rt_dly_wait       RTX_CM3.lib(rt_time.o)
    0x0800193e   0x00000002   PAD
    0x08001940   0x00000050   Code   RO         2962    i.rt_evt_psh        RTX_CM3.lib(rt_event.o)
    0x08001990   0x0000002c   Code   RO         3224    i.rt_free_box       RTX_CM3.lib(rt_membox.o)
    0x080019bc   0x00000028   Code   RO         3252    i.rt_free_mem       RTX_CM3.lib(rt_memory.o)
    0x080019e4   0x00000028   Code   RO         3002    i.rt_get_first      RTX_CM3.lib(rt_list.o)
    0x08001a0c   0x00000008   Code   RO         2178    i.rt_id2obj         RTX_CM3.lib(rt_cmsis.o)
    0x08001a14   0x00000048   Code   RO         2752    i.rt_init_context   RTX_CM3.lib(rt_task.o)
    0x08001a5c   0x0000001a   Code   RO         3253    i.rt_init_mem       RTX_CM3.lib(rt_memory.o)
    0x08001a76   0x00000002   PAD
    0x08001a78   0x00000018   Code   RO         3201    i.rt_init_robin     RTX_CM3.lib(rt_robin.o)
    0x08001a90   0x00000080   Code   RO         3278    i.rt_init_stack     RTX_CM3.lib(hal_cm.o)
    0x08001b10   0x00000008   Code   RO         3079    i.rt_mbx_check      RTX_CM3.lib(rt_mailbox.o)
    0x08001b18   0x0000001a   Code   RO         3080    i.rt_mbx_init       RTX_CM3.lib(rt_mailbox.o)
    0x08001b32   0x00000002   PAD
    0x08001b34   0x000000f0   Code   RO         3081    i.rt_mbx_psh        RTX_CM3.lib(rt_mailbox.o)
    0x08001c24   0x000000b4   Code   RO         3083    i.rt_mbx_wait       RTX_CM3.lib(rt_mailbox.o)
    0x08001cd8   0x00000044   Code   RO         2179    i.rt_ms2tick        RTX_CM3.lib(rt_cmsis.o)
    0x08001d1c   0x000000d8   Code   RO         2836    i.rt_mut_release    RTX_CM3.lib(rt_mutex.o)
    0x08001df4   0x00000068   Code   RO         2837    i.rt_mut_wait       RTX_CM3.lib(rt_mutex.o)
    0x08001e5c   0x0000007c   Code   RO         2873    i.rt_pop_req        RTX_CM3.lib(rt_system.o)
    0x08001ed8   0x00000020   Code   RO         2874    i.rt_psh_req        RTX_CM3.lib(rt_system.o)
    0x08001ef8   0x0000005c   Code   RO         3004    i.rt_psq_enq        RTX_CM3.lib(rt_list.o)
    0x08001f54   0x00000048   Code   RO         3005    i.rt_put_dly        RTX_CM3.lib(rt_list.o)
    0x08001f9c   0x00000036   Code   RO         3006    i.rt_put_prio       RTX_CM3.lib(rt_list.o)
    0x08001fd2   0x00000002   PAD
    0x08001fd4   0x00000014   Code   RO         3007    i.rt_put_rdy_first  RTX_CM3.lib(rt_list.o)
    0x08001fe8   0x00000034   Code   RO         3008    i.rt_resort_prio    RTX_CM3.lib(rt_list.o)
    0x0800201c   0x00000006   Code   RO         3279    i.rt_ret_val        RTX_CM3.lib(hal_cm.o)
    0x08002022   0x00000008   Code   RO         3280    i.rt_ret_val2       RTX_CM3.lib(hal_cm.o)
    0x0800202a   0x00000028   Code   RO         3009    i.rt_rmv_dly        RTX_CM3.lib(rt_list.o)
    0x08002052   0x00000002   PAD
    0x08002054   0x00000030   Code   RO         3010    i.rt_rmv_list       RTX_CM3.lib(rt_list.o)
    0x08002084   0x00000034   Code   RO         3128    i.rt_sem_psh        RTX_CM3.lib(rt_semaphore.o)
    0x080020b8   0x00000024   Code   RO         2876    i.rt_stk_check      RTX_CM3.lib(rt_system.o)
    0x080020dc   0x00000028   Code   RO         2753    i.rt_switch_req     RTX_CM3.lib(rt_task.o)
    0x08002104   0x000000cc   Code   RO         2754    i.rt_sys_init       RTX_CM3.lib(rt_task.o)
    0x080021d0   0x00000078   Code   RO         2755    i.rt_sys_start      RTX_CM3.lib(rt_task.o)
    0x08002248   0x00000040   Code   RO         2878    i.rt_systick        RTX_CM3.lib(rt_system.o)
    0x08002288   0x00000012   Code   RO         2180    i.rt_tid2ptcb       RTX_CM3.lib(rt_cmsis.o)
    0x0800229a   0x00000002   PAD
    0x0800229c   0x00000034   Code   RO         2181    i.rt_timer_insert   RTX_CM3.lib(rt_cmsis.o)
    0x080022d0   0x00000088   Code   RO         2756    i.rt_tsk_create     RTX_CM3.lib(rt_task.o)
    0x08002358   0x0000017c   Code   RO         2757    i.rt_tsk_delete     RTX_CM3.lib(rt_task.o)
    0x080024d4   0x0000007c   Code   RO         2759    i.rt_tsk_prio       RTX_CM3.lib(rt_task.o)
    0x08002550   0x00000010   Code   RO         2760    i.rt_tsk_self       RTX_CM3.lib(rt_task.o)
    0x08002560   0x00000012   Code   RO         2183    i.svcDelay          RTX_CM3.lib(rt_cmsis.o)
    0x08002572   0x00000002   PAD
    0x08002574   0x00000070   Code   RO         2184    i.svcKernelInitialize  RTX_CM3.lib(rt_cmsis.o)
    0x080025e4   0x0000000c   Code   RO         2185    i.svcKernelRunning  RTX_CM3.lib(rt_cmsis.o)
    0x080025f0   0x00000048   Code   RO         2186    i.svcKernelStart    RTX_CM3.lib(rt_cmsis.o)
    0x08002638   0x00000024   Code   RO         2189    i.svcMessageCreate  RTX_CM3.lib(rt_cmsis.o)
    0x0800265c   0x0000003a   Code   RO         2190    i.svcMessageGet     RTX_CM3.lib(rt_cmsis.o)
    0x08002696   0x00000002   PAD
    0x08002698   0x00000070   Code   RO         2204    i.svcThreadCreate   RTX_CM3.lib(rt_cmsis.o)
    0x08002708   0x0000001c   Code   RO         2205    i.svcThreadGetId    RTX_CM3.lib(rt_cmsis.o)
    0x08002724   0x00000038   Code   RO         2208    i.svcThreadTerminate  RTX_CM3.lib(rt_cmsis.o)
    0x0800275c   0x00000018   Code   RO         2210    i.svcTimerCall      RTX_CM3.lib(rt_cmsis.o)
    0x08002774   0x0000005c   Code   RO         2219    i.sysTimerTick      RTX_CM3.lib(rt_cmsis.o)
    0x080027d0   0x00000024   Code   RO          253    i.tool_delay_ms     tools.o
    0x080027f4   0x00000012   Code   RO          254    i.tool_strlen       tools.o
    0x08002806   0x00000002   PAD
    0x08002808   0x00000010   Data   RO          191    .constdata          main.o
    0x08002818   0x00000460   Data   RO          295    .constdata          uc1601s.o
    0x08002c78   0x00000002   Data   RO          374    .constdata          rtx_conf_cm.o
    0x08002c7a   0x00000002   PAD
    0x08002c7c   0x00000004   Data   RO          375    .constdata          rtx_conf_cm.o
    0x08002c80   0x00000004   Data   RO          376    .constdata          rtx_conf_cm.o
    0x08002c84   0x00000004   Data   RO          380    .constdata          rtx_conf_cm.o
    0x08002c88   0x00000001   Data   RO          381    .constdata          rtx_conf_cm.o
    0x08002c89   0x00000003   PAD
    0x08002c8c   0x00000010   Data   RO          382    .constdata          rtx_conf_cm.o
    0x08002c9c   0x00000002   Data   RO          383    .constdata          rtx_conf_cm.o
    0x08002c9e   0x00000002   PAD
    0x08002ca0   0x00000004   Data   RO          384    .constdata          rtx_conf_cm.o
    0x08002ca4   0x00000004   Data   RO          385    .constdata          rtx_conf_cm.o
    0x08002ca8   0x00000001   Data   RO          386    .constdata          rtx_conf_cm.o
    0x08002ca9   0x00000003   PAD
    0x08002cac   0x00000010   Data   RO          387    .constdata          rtx_conf_cm.o
    0x08002cbc   0x00000008   Data   RO          388    .constdata          rtx_conf_cm.o
    0x08002cc4   0x00000002   Data   RO          389    .constdata          rtx_conf_cm.o
    0x08002cc6   0x00000002   PAD
    0x08002cc8   0x00000010   Data   RO          390    .constdata          rtx_conf_cm.o
    0x08002cd8   0x00000020   Data   RO         3506    Region$$Table       anon$$obj.o


    Execution Region RW_IRAM1 (Base: 0x20000000, Size: 0x00000fd0, Max: 0x00002000, ABSOLUTE)

    Base Addr    Size         Type   Attr      Idx    E Section Name        Object

    0x20000000   0x00000001   Data   RW          192    .data               main.o
    0x20000001   0x00000002   Data   RW          297    .data               uc1601s.o
    0x20000003   0x00000001   PAD
    0x20000004   0x00000004   Data   RW          392    .data               rtx_conf_cm.o
    0x20000008   0x00000004   Data   RW          393    .data               rtx_conf_cm.o
    0x2000000c   0x00000004   Data   RW          394    .data               rtx_conf_cm.o
    0x20000010   0x00000014   Data   RW          460    .data               system_stm32f10x.o
    0x20000024   0x00000014   Data   RW         1005    .data               stm32f10x_rcc.o
    0x20000038   0x00000008   Data   RW         2222    .data               RTX_CM3.lib(rt_cmsis.o)
    0x20000040   0x00000008   Data   RW         2762    .data               RTX_CM3.lib(rt_task.o)
    0x20000048   0x00000008   Data   RW         2881    .data               RTX_CM3.lib(rt_system.o)
    0x20000050   0x00000004   Data   RW         3171    .data               RTX_CM3.lib(rt_time.o)
    0x20000054   0x00000008   Data   RW         3202    .data               RTX_CM3.lib(rt_robin.o)
    0x2000005c   0x00000001   Data   RW         3281    .data               RTX_CM3.lib(hal_cm.o)
    0x2000005d   0x00000003   PAD
    0x20000060   0x00000020   Zero   RW          367    .bss                rtx_conf_cm.o
    0x20000080   0x00000178   Zero   RW          368    .bss                rtx_conf_cm.o
    0x200001f8   0x000004c0   Zero   RW          369    .bss                rtx_conf_cm.o
    0x200006b8   0x000001b0   Zero   RW          370    .bss                rtx_conf_cm.o
    0x20000868   0x00000084   Zero   RW          371    .bss                rtx_conf_cm.o
    0x200008ec   0x0000001c   Zero   RW          372    .bss                rtx_conf_cm.o
    0x20000908   0x00000034   Zero   RW         2761    .bss                RTX_CM3.lib(rt_task.o)
    0x2000093c   0x00000030   Zero   RW         3011    .bss                RTX_CM3.lib(rt_list.o)
    0x2000096c   0x00000060   Zero   RW         3339    .bss                c_w.l(libspace.o)
    0x200009cc   0x00000004   PAD
    0x200009d0   0x00000200   Zero   RW          448    HEAP                startup_stm32f10x_md_vl.o
    0x20000bd0   0x00000400   Zero   RW          447    STACK               startup_stm32f10x_md_vl.o


==============================================================================

Image component sizes


      Code (inc. data)   RO Data    RW Data    ZI Data      Debug   Object Name

       182         30          0          0          0       7423   dma_stm32f10x.o
       568         52          0          0          0     259788   i2c.o
       480         88         16          1          0       7411   main.o
        92         26         84         12       2216       8955   rtx_conf_cm.o
        64         26        288          0       1536        796   startup_stm32f10x_md_vl.o
       164          0          0          0          0       3276   stm32f10x_gpio.o
       208         10          0          0          0       3305   stm32f10x_i2c.o
       228         36          0         20          0       5407   stm32f10x_rcc.o
         6          0          0          0          0       2031   stm32f10x_tim.o
       220         22          0         20          0       1801   system_stm32f10x.o
        54          4          0          0          0       1238   tools.o
      2194         48       1120          2          0      10273   uc1601s.o

    ----------------------------------------------------------------------
      4480        342       1552         56       3752     311704   Object Totals
         0          0         32          0          0          0   (incl. Generated)
        20          0         12          1          0          0   (incl. Padding)

    ----------------------------------------------------------------------

      Code (inc. data)   RO Data    RW Data    ZI Data      Debug   Library Member Name

       238         24          0          1          0       3256   hal_cm.o
       304         36          0          0          0        760   hal_cm3.o
      1208        160          0          8          0      33247   rt_cmsis.o
        80          4          0          0          0        653   rt_event.o
       530         34          0          0         48       8165   rt_list.o
       554         10          0          0          0       3901   rt_mailbox.o
       140          0          0          0          0       1901   rt_membox.o
       128          0          0          0          0       2275   rt_memory.o
       320         12          0          0          0       1603   rt_mutex.o
        96         22          0          8          0       1134   rt_robin.o
        52          4          0          0          0        565   rt_semaphore.o
       298         52          0          8          0       6151   rt_system.o
      1216        174          0          8         52       9545   rt_task.o
         6          0          0          4          0        636   rt_time.o
         4          4          0          0          0        200   svc_table.o
         8          0          0          0          0         68   __main.o
         0          0          0          0          0          0   __rtentry.o
        20          0          0          0          0          0   __rtentry2.o
         6          0          0          0          0          0   __rtentry4.o
        52          8          0          0          0          0   __scatter.o
        26          0          0          0          0          0   __scatter_copy.o
        28          0          0          0          0          0   __scatter_zi.o
        18          0          0          0          0         80   exit.o
         6          0          0          0          0        152   heapauxi.o
         0          0          0          0          0          0   indicate_semi.o
         2          0          0          0          0          0   libinit.o
         2          0          0          0          0          0   libinit2.o
         2          0          0          0          0          0   libshutdown.o
         2          0          0          0          0          0   libshutdown2.o
         8          4          0          0         96         68   libspace.o
         2          0          0          0          0          0   rtexit.o
        10          0          0          0          0          0   rtexit2.o
        12          4          0          0          0         68   sys_exit.o
        74          0          0          0          0         80   sys_stackheap_outer.o
         2          0          0          0          0         68   use_no_semi.o

    ----------------------------------------------------------------------
      5480        552          0         40        200      74576   Library Totals
        26          0          0          3          4          0   (incl. Padding)

    ----------------------------------------------------------------------

      Code (inc. data)   RO Data    RW Data    ZI Data      Debug   Library Name

      5174        536          0         37        100      73992   RTX_CM3.lib
       280         16          0          0         96        584   c_w.l

    ----------------------------------------------------------------------
      5480        552          0         40        200      74576   Library Totals

    ----------------------------------------------------------------------

==============================================================================


      Code (inc. data)   RO Data    RW Data    ZI Data      Debug   

      9960        894       1552         96       3952     379620   Grand Totals
      9960        894       1552         96       3952     379620   ELF Image Totals
      9960        894       1552         96          0          0   ROM Totals

==============================================================================

    Total RO  Size (Code + RO Data)                11512 (  11.24kB)
    Total RW  Size (RW Data + ZI Data)              4048 (   3.95kB)
    Total ROM Size (Code + RO Data + RW Data)      11608 (  11.34kB)

==============================================================================

